Component: ARM Compiler 5.06 update 1 (build 61) Tool: armlink [4d35a8]

==============================================================================

Section Cross References

    startup_stm32f10x_md.o(STACK) refers (Special) to heapauxi.o(.text) for __use_two_region_memory
    startup_stm32f10x_md.o(HEAP) refers (Special) to heapauxi.o(.text) for __use_two_region_memory
    startup_stm32f10x_md.o(RESET) refers (Special) to heapauxi.o(.text) for __use_two_region_memory
    startup_stm32f10x_md.o(RESET) refers to startup_stm32f10x_md.o(STACK) for __initial_sp
    startup_stm32f10x_md.o(RESET) refers to startup_stm32f10x_md.o(.text) for Reset_Handler
    startup_stm32f10x_md.o(RESET) refers to encoder.o(.text) for EXTI9_5_IRQHandler
    startup_stm32f10x_md.o(RESET) refers to ticks.o(.text) for TIM2_IRQHandler
    startup_stm32f10x_md.o(RESET) refers to uart.o(.text) for USART1_IRQHandler
    startup_stm32f10x_md.o(.text) refers (Special) to heapauxi.o(.text) for __use_two_region_memory
    startup_stm32f10x_md.o(.text) refers to system_stm32f10x.o(.text) for SystemInit
    startup_stm32f10x_md.o(.text) refers to __main.o(!!!main) for __main
    startup_stm32f10x_md.o(.text) refers to startup_stm32f10x_md.o(HEAP) for Heap_Mem
    startup_stm32f10x_md.o(.text) refers to startup_stm32f10x_md.o(STACK) for Stack_Mem
    stm32f10x_adc.o(.text) refers to stm32f10x_rcc.o(.text) for RCC_APB2PeriphResetCmd
    stm32f10x_bkp.o(.text) refers to stm32f10x_rcc.o(.text) for RCC_BackupResetCmd
    stm32f10x_can.o(.text) refers to stm32f10x_rcc.o(.text) for RCC_APB1PeriphResetCmd
    stm32f10x_cec.o(.text) refers to stm32f10x_rcc.o(.text) for RCC_APB1PeriphResetCmd
    stm32f10x_dac.o(.text) refers to stm32f10x_rcc.o(.text) for RCC_APB1PeriphResetCmd
    stm32f10x_gpio.o(.text) refers to stm32f10x_rcc.o(.text) for RCC_APB2PeriphResetCmd
    stm32f10x_i2c.o(.text) refers to stm32f10x_rcc.o(.text) for RCC_APB1PeriphResetCmd
    stm32f10x_pwr.o(.text) refers to stm32f10x_rcc.o(.text) for RCC_APB1PeriphResetCmd
    stm32f10x_rcc.o(.text) refers to stm32f10x_rcc.o(.data) for APBAHBPrescTable
    stm32f10x_spi.o(.text) refers to stm32f10x_rcc.o(.text) for RCC_APB2PeriphResetCmd
    stm32f10x_tim.o(.text) refers to stm32f10x_rcc.o(.text) for RCC_APB2PeriphResetCmd
    stm32f10x_usart.o(.text) refers to stm32f10x_rcc.o(.text) for RCC_APB2PeriphResetCmd
    stm32f10x_wwdg.o(.text) refers to stm32f10x_rcc.o(.text) for RCC_APB1PeriphResetCmd
    system_stm32f10x.o(.text) refers to system_stm32f10x.o(.data) for SystemCoreClock
    leds.o(.text) refers to stm32f10x_rcc.o(.text) for RCC_APB2PeriphClockCmd
    leds.o(.text) refers to stm32f10x_gpio.o(.text) for GPIO_PinRemapConfig
    leds.o(.text) refers to leds.o(.data) for state
    ticks.o(.text) refers to stm32f10x_rcc.o(.text) for RCC_APB1PeriphClockCmd
    ticks.o(.text) refers to stm32f10x_tim.o(.text) for TIM_TimeBaseInit
    ticks.o(.text) refers to misc.o(.text) for NVIC_Init
    ticks.o(.text) refers to ticks.o(.emb_text) for simple_delay10_us
    ticks.o(.text) refers to ticks.o(.data) for ticks
    ticks.o(.text) refers to system_stm32f10x.o(.data) for SystemCoreClock
    tft_display.o(.text) refers to stm32f10x_rcc.o(.text) for RCC_APB2PeriphClockCmd
    tft_display.o(.text) refers to stm32f10x_gpio.o(.text) for GPIO_PinRemapConfig
    tft_display.o(.text) refers to stm32f10x_spi.o(.text) for SPI_Init
    tft_display.o(.text) refers to ticks.o(.text) for _delay_ms
    tft_display.o(.text) refers to tft_display.o(.data) for prints_enabled
    tft_display.o(.text) refers to vsprintf.o(.text) for vsprintf
    tft_display.o(.text) refers to tft_display.o(.bss) for text
    linear_ccd.o(.text) refers to stm32f10x_gpio.o(.text) for GPIO_SetBits
    linear_ccd.o(.text) refers to adc.o(.text) for get_adc
    linear_ccd.o(.text) refers to linear_ccd.o(.bss) for linear_ccd_buffer1
    adc.o(.text) refers to stm32f10x_rcc.o(.text) for RCC_AHBPeriphClockCmd
    adc.o(.text) refers to stm32f10x_dma.o(.text) for DMA_DeInit
    adc.o(.text) refers to stm32f10x_gpio.o(.text) for GPIO_Init
    adc.o(.text) refers to stm32f10x_adc.o(.text) for ADC_Init
    adc.o(.text) refers to adc.o(.bss) for adc_value
    pneumatic_control.o(.text) refers to stm32f10x_rcc.o(.text) for RCC_APB2PeriphClockCmd
    pneumatic_control.o(.text) refers to stm32f10x_gpio.o(.text) for GPIO_Init
    gpio_switch.o(.text) refers to stm32f10x_rcc.o(.text) for RCC_APB2PeriphClockCmd
    gpio_switch.o(.text) refers to stm32f10x_gpio.o(.text) for GPIO_Init
    gpio_switch.o(.text) refers to buzzer.o(.text) for buzzer_play_song
    gpio_switch.o(.text) refers to buzzer_song.o(.constdata) for FAIL_SOUND
    button.o(.text) refers to stm32f10x_rcc.o(.text) for RCC_APB2PeriphClockCmd
    button.o(.text) refers to stm32f10x_gpio.o(.text) for GPIO_Init
    button.o(.text) refers to buzzer.o(.text) for buzzer_play_song
    button.o(.text) refers to buzzer_song.o(.constdata) for FAIL_SOUND
[...]
    uc_hextab                                0x08005df8   Data          19  _printf_fp_hex.o(.constdata)
    .constdata                               0x08005e0c   Section      148  bigflt0.o(.constdata)
    tenpwrs_x                                0x08005e0c   Data          60  bigflt0.o(.constdata)
    tenpwrs_i                                0x08005e48   Data          64  bigflt0.o(.constdata)
    locale$$data                             0x08005ec0   Section       28  lc_numeric_c.o(locale$$data)
    __lcnum_c_name                           0x08005ec4   Data           2  lc_numeric_c.o(locale$$data)
    __lcnum_c_start                          0x08005ecc   Data           0  lc_numeric_c.o(locale$$data)
    __lcnum_c_point                          0x08005ed8   Data           0  lc_numeric_c.o(locale$$data)
    __lcnum_c_thousands                      0x08005eda   Data           0  lc_numeric_c.o(locale$$data)
    __lcnum_c_grouping                       0x08005edb   Data           0  lc_numeric_c.o(locale$$data)
    locale$$data                             0x08005edc   Section      272  lc_ctype_c.o(locale$$data)
    __lcnum_c_end                            0x08005edc   Data           0  lc_numeric_c.o(locale$$data)
    __lcctype_c_name                         0x08005ee0   Data           2  lc_ctype_c.o(locale$$data)
    __lcctype_c_start                        0x08005ee8   Data           0  lc_ctype_c.o(locale$$data)
    __lcctype_c_end                          0x08005fec   Data           0  lc_ctype_c.o(locale$$data)
    .data                                    0x20000000   Section       20  stm32f10x_rcc.o(.data)
    APBAHBPrescTable                         0x20000000   Data          16  stm32f10x_rcc.o(.data)
    ADCPrescTable                            0x20000010   Data           4  stm32f10x_rcc.o(.data)
    .data                                    0x20000014   Section       20  system_stm32f10x.o(.data)
    .data                                    0x20000028   Section        1  leds.o(.data)
    .data                                    0x2000002c   Section       13  ticks.o(.data)
    TimingDelay                              0x20000034   Data           4  ticks.o(.data)
    .data                                    0x2000003a   Section     4107  tft_display.o(.data)
    ascii_8x16                               0x2000003a   Data        4096  tft_display.o(.data)
    .data                                    0x20001048   Section       53  uart.o(.data)
    .data                                    0x20001080   Section       28  encoder.o(.data)
    states                                   0x20001080   Data          16  encoder.o(.data)
    .data                                    0x200010a0   Section     4216  main.o(.data)
    ascii_8x16                               0x200010a0   Data        4096  main.o(.data)
    .bss                                     0x20002118   Section     2200  tft_display.o(.bss)
    .bss                                     0x200029b0   Section       96  libspace.o(.bss)
    HEAP                                     0x20002a10   Section      512  startup_stm32f10x_md.o(HEAP)
    Heap_Mem                                 0x20002a10   Data         512  startup_stm32f10x_md.o(HEAP)
    STACK                                    0x20002c10   Section     1024  startup_stm32f10x_md.o(STACK)
    Stack_Mem                                0x20002c10   Data        1024  startup_stm32f10x_md.o(STACK)
    __initial_sp                             0x20003010   Data           0  startup_stm32f10x_md.o(STACK)

    Global Symbols

    Symbol Name                              Value     Ov Type        Size  Object(Section)

    BuildAttributes$$THM_ISAv4$P$D$K$B$S$PE$A:L22UL41UL21$X:L11$S22US41US21$IEEE1$IW$USESV6$~STKCKD$USESV7$~SHL$OTIME$ROPI$IEEEJ$EBA8$UX$STANDARDLIB$REQ8$PRES8$EABIv2 0x00000000   Number         0  anon$$obj.o ABSOLUTE
    __ARM_use_no_argv                        0x00000000   Number         0  main.o ABSOLUTE
    _printf_flags                            0x00000000   Number         0  printf_stubs.o ABSOLUTE
    _printf_return_value                     0x00000000   Number         0  printf_stubs.o ABSOLUTE
    _printf_sizespec                         0x00000000   Number         0  printf_stubs.o ABSOLUTE
    _printf_widthprec                        0x00000000   Number         0  printf_stubs.o ABSOLUTE
    __ARM_exceptions_init                     - Undefined Weak Reference
    __alloca_initialize                       - Undefined Weak Reference
    __arm_preinit_                            - Undefined Weak Reference
    __cpp_initialize__aeabi_                  - Undefined Weak Reference
    __cxa_finalize                            - Undefined Weak Reference
    __sigvec_lookup                           - Undefined Weak Reference
    _atexit_init                              - Undefined Weak Reference
    _call_atexit_fns                          - Undefined Weak Reference
    _clock_init                               - Undefined Weak Reference
    _fp_trap_init                             - Undefined Weak Reference
    _fp_trap_shutdown                         - Undefined Weak Reference
    _get_lc_collate                           - Undefined Weak Reference
    _get_lc_monetary                          - Undefined Weak Reference
    _get_lc_time                              - Undefined Weak Reference
    _getenv_init                              - Undefined Weak Reference
    _handle_redirection                       - Undefined Weak Reference
    _init_alloc                               - Undefined Weak Reference
    _init_user_alloc                          - Undefined Weak Reference
    _initio                                   - Undefined Weak Reference
    _printf_mbtowc                            - Undefined Weak Reference
    _printf_wc                                - Undefined Weak Reference
    _rand_init                                - Undefined Weak Reference
    _signal_finish                            - Undefined Weak Reference
    _signal_init                              - Undefined Weak Reference
    _terminate_alloc                          - Undefined Weak Reference
    _terminate_user_alloc                     - Undefined Weak Reference
    _terminateio                              - Undefined Weak Reference
    __Vectors_Size                           0x000000ec   Number         0  startup_stm32f10x_md.o ABSOLUTE
    __Vectors                                0x08000000   Data           4  startup_stm32f10x_md.o(RESET)
    __Vectors_End                            0x080000ec   Data           0  startup_stm32f10x_md.o(RESET)
    __main                                   0x080000ed   Thumb Code     8  __main.o(!!!main)
    __scatterload                            0x080000f5   Thumb Code     0  __scatter.o(!!!scatter)
    __scatterload_rt2                        0x080000f5   Thumb Code    44  __scatter.o(!!!scatter)
    __scatterload_rt2_thumb_only             0x080000f5   Thumb Code     0  __scatter.o(!!!scatter)
    __scatterload_null                       0x08000103   Thumb Code     0  __scatter.o(!!!scatter)
    __decompress                             0x08000129   Thumb Code   100  __dclz77c.o(!!dclz77c)
    __decompress2                            0x08000129   Thumb Code     0  __dclz77c.o(!!dclz77c)
    __scatterload_zeroinit                   0x0800018d   Thumb Code    28  __scatter_zi.o(!!handler_zi)
    _printf_n                                0x080001a9   Thumb Code     0  _printf_n.o(.ARM.Collect$$_printf_percent$$00000001)
    _printf_percent                          0x080001a9   Thumb Code     0  _printf_percent.o(.ARM.Collect$$_printf_percent$$00000000)
    _printf_p                                0x080001af   Thumb Code     0  _printf_p.o(.ARM.Collect$$_printf_percent$$00000002)
    _printf_f                                0x080001b5   Thumb Code     0  _printf_f.o(.ARM.Collect$$_printf_percent$$00000003)
    _printf_e                                0x080001bb   Thumb Code     0  _printf_e.o(.ARM.Collect$$_printf_percent$$00000004)
    _printf_g                                0x080001c1   Thumb Code     0  _printf_g.o(.ARM.Collect$$_printf_percent$$00000005)
    _printf_a                                0x080001c7   Thumb Code     0  _printf_a.o(.ARM.Collect$$_printf_percent$$00000006)
    _printf_ll                               0x080001cd   Thumb Code     0  _printf_ll.o(.ARM.Collect$$_printf_percent$$00000007)
    _printf_i                                0x080001d7   Thumb Code     0  _printf_i.o(.ARM.Collect$$_printf_percent$$00000008)
    _printf_d                                0x080001dd   Thumb Code     0  _printf_d.o(.ARM.Collect$$_printf_percent$$00000009)
    _printf_u                                0x080001e3   Thumb Code     0  _printf_u.o(.ARM.Collect$$_printf_percent$$0000000A)
    _printf_o                                0x080001e9   Thumb Code     0  _printf_o.o(.ARM.Collect$$_printf_percent$$0000000B)
    _printf_x                                0x080001ef   Thumb Code     0  _printf_x.o(.ARM.Collect$$_printf_percent$$0000000C)
    _printf_lli                              0x080001f5   Thumb Code     0  _printf_lli.o(.ARM.Collect$$_printf_percent$$0000000D)
    _printf_lld                              0x080001fb   Thumb Code     0  _printf_lld.o(.ARM.Collect$$_printf_percent$$0000000E)
    _printf_llu                              0x08000201   Thumb Code     0  _printf_llu.o(.ARM.Collect$$_printf_percent$$0000000F)
    _printf_llo                              0x08000207   Thumb Code     0  _printf_llo.o(.ARM.Collect$$_printf_percent$$00000010)
    _printf_llx                              0x0800020d   Thumb Code     0  _printf_llx.o(.ARM.Collect$$_printf_percent$$00000011)
    _printf_l                                0x08000213   Thumb Code     0  _printf_l.o(.ARM.Collect$$_printf_percent$$00000012)
    _printf_c                                0x0800021d   Thumb Code     0  _printf_c.o(.ARM.Collect$$_printf_percent$$00000013)
    _printf_s                                0x08000223   Thumb Code     0  _printf_s.o(.ARM.Collect$$_printf_percent$$00000014)
    _printf_lc                               0x08000229   Thumb Code     0  _printf_lc.o(.ARM.Collect$$_printf_percent$$00000015)
    _printf_ls                               0x0800022f   Thumb Code     0  _printf_ls.o(.ARM.Collect$$_printf_percent$$00000016)
    _printf_percent_end                      0x08000235   Thumb Code     0  _printf_percent_end.o(.ARM.Collect$$_printf_percent$$00000017)
    __rt_lib_init                            0x08000239   Thumb Code     0  libinit.o(.ARM.Collect$$libinit$$00000000)
    __rt_lib_init_fp_1                       0x0800023b   Thumb Code     0  libinit2.o(.ARM.Collect$$libinit$$00000002)
    __rt_lib_init_heap_1                     0x0800023b   Thumb Code     0  libinit2.o(.ARM.Collect$$libinit$$0000000A)
    __rt_lib_init_lc_common                  0x0800023b   Thumb Code     0  libinit2.o(.ARM.Collect$$libinit$$0000000F)
    __rt_lib_init_preinit_1                  0x0800023b   Thumb Code     0  libinit2.o(.ARM.Collect$$libinit$$00000004)
    __rt_lib_init_rand_1                     0x0800023b   Thumb Code     0  libinit2.o(.ARM.Collect$$libinit$$0000000E)
    __rt_lib_init_user_alloc_1               0x0800023b   Thumb Code     0  libinit2.o(.ARM.Collect$$libinit$$0000000C)
    __rt_lib_init_lc_collate_1               0x08000241   Thumb Code     0  libinit2.o(.ARM.Collect$$libinit$$00000011)
    __rt_lib_init_lc_ctype_2                 0x08000241   Thumb Code     0  libinit2.o(.ARM.Collect$$libinit$$00000012)
    __rt_lib_init_lc_ctype_1                 0x0800024d   Thumb Code     0  libinit2.o(.ARM.Collect$$libinit$$00000013)
    __rt_lib_init_lc_monetary_1              0x0800024d   Thumb Code     0  libinit2.o(.ARM.Collect$$libinit$$00000015)
    __rt_lib_init_lc_numeric_2               0x0800024d   Thumb Code     0  libinit2.o(.ARM.Collect$$libinit$$00000016)
    __rt_lib_init_alloca_1                   0x08000257   Thumb Code     0  libinit2.o(.ARM.Collect$$libinit$$0000002E)
    __rt_lib_init_argv_1                     0x08000257   Thumb Code     0  libinit2.o(.ARM.Collect$$libinit$$0000002C)
    __rt_lib_init_atexit_1                   0x08000257   Thumb Code     0  libinit2.o(.ARM.Collect$$libinit$$0000001B)
    __rt_lib_init_clock_1                    0x08000257   Thumb Code     0  libinit2.o(.ARM.Collect$$libinit$$00000021)
    __rt_lib_init_cpp_1                      0x08000257   Thumb Code     0  libinit2.o(.ARM.Collect$$libinit$$00000032)
    __rt_lib_init_exceptions_1               0x08000257   Thumb Code     0  libinit2.o(.ARM.Collect$$libinit$$00000030)
    __rt_lib_init_fp_trap_1                  0x08000257   Thumb Code     0  libinit2.o(.ARM.Collect$$libinit$$0000001F)
    __rt_lib_init_getenv_1                   0x08000257   Thumb Code     0  libinit2.o(.ARM.Collect$$libinit$$00000023)
    __rt_lib_init_lc_numeric_1               0x08000257   Thumb Code     0  libinit2.o(.ARM.Collect$$libinit$$00000017)
    __rt_lib_init_lc_time_1                  0x08000257   Thumb Code     0  libinit2.o(.ARM.Collect$$libinit$$00000019)
    __rt_lib_init_return                     0x08000257   Thumb Code     0  libinit2.o(.ARM.Collect$$libinit$$00000033)
    __rt_lib_init_signal_1                   0x08000257   Thumb Code     0  libinit2.o(.ARM.Collect$$libinit$$0000001D)
    __rt_lib_init_stdio_1                    0x08000257   Thumb Code     0  libinit2.o(.ARM.Collect$$libinit$$00000025)
    __rt_lib_shutdown                        0x08000259   Thumb Code     0  libshutdown.o(.ARM.Collect$$libshutdown$$00000000)
    __rt_lib_shutdown_cpp_1                  0x0800025b   Thumb Code     0  libshutdown2.o(.ARM.Collect$$libshutdown$$00000002)
    __rt_lib_shutdown_fp_trap_1              0x0800025b   Thumb Code     0  libshutdown2.o(.ARM.Collect$$libshutdown$$00000007)
    __rt_lib_shutdown_heap_1                 0x0800025b   Thumb Code     0  libshutdown2.o(.ARM.Collect$$libshutdown$$0000000F)
    __rt_lib_shutdown_return                 0x0800025b   Thumb Code     0  libshutdown2.o(.ARM.Collect$$libshutdown$$00000010)
    __rt_lib_shutdown_signal_1               0x0800025b   Thumb Code     0  libshutdown2.o(.ARM.Collect$$libshutdown$$0000000A)
    __rt_lib_shutdown_stdio_1                0x0800025b   Thumb Code     0  libshutdown2.o(.ARM.Collect$$libshutdown$$00000004)
    __rt_lib_shutdown_user_alloc_1           0x0800025b   Thumb Code     0  libshutdown2.o(.ARM.Collect$$libshutdown$$0000000C)
    __rt_entry                               0x0800025d   Thumb Code     0  __rtentry.o(.ARM.Collect$$rtentry$$00000000)
    __rt_entry_presh_1                       0x0800025d   Thumb Code     0  __rtentry2.o(.ARM.Collect$$rtentry$$00000002)
    __rt_entry_sh                            0x0800025d   Thumb Code     0  __rtentry4.o(.ARM.Collect$$rtentry$$00000004)
    __rt_entry_li                            0x08000263   Thumb Code     0  __rtentry2.o(.ARM.Collect$$rtentry$$0000000A)
    __rt_entry_postsh_1                      0x08000263   Thumb Code     0  __rtentry2.o(.ARM.Collect$$rtentry$$00000009)
    __rt_entry_main                          0x08000267   Thumb Code     0  __rtentry2.o(.ARM.Collect$$rtentry$$0000000D)
    __rt_entry_postli_1                      0x08000267   Thumb Code     0  __rtentry2.o(.ARM.Collect$$rtentry$$0000000C)
    __rt_exit                                0x0800026f   Thumb Code     0  rtexit.o(.ARM.Collect$$rtexit$$00000000)
    __rt_exit_ls                             0x08000271   Thumb Code     0  rtexit2.o(.ARM.Collect$$rtexit$$00000003)
    __rt_exit_prels_1                        0x08000271   Thumb Code     0  rtexit2.o(.ARM.Collect$$rtexit$$00000002)
    __rt_exit_exit                           0x08000275   Thumb Code     0  rtexit2.o(.ARM.Collect$$rtexit$$00000004)
    simple_delay10_us                        0x0800027d   Thumb Code    14  ticks.o(.emb_text)
    Reset_Handler                            0x0800028d   Thumb Code     8  startup_stm32f10x_md.o(.text)
    NMI_Handler                              0x08000295   Thumb Code     2  startup_stm32f10x_md.o(.text)
    HardFault_Handler                        0x08000297   Thumb Code     2  startup_stm32f10x_md.o(.text)
    MemManage_Handler                        0x08000299   Thumb Code     2  startup_stm32f10x_md.o(.text)
    BusFault_Handler                         0x0800029b   Thumb Code     2  startup_stm32f10x_md.o(.text)
    UsageFault_Handler                       0x0800029d   Thumb Code     2  startup_stm32f10x_md.o(.text)
    SVC_Handler                              0x0800029f   Thumb Code     2  startup_stm32f10x_md.o(.text)
    DebugMon_Handler                         0x080002a1   Thumb Code     2  startup_stm32f10x_md.o(.text)
    PendSV_Handler                           0x080002a3   Thumb Code     2  startup_stm32f10x_md.o(.text)
    SysTick_Handler                          0x080002a5   Thumb Code     2  startup_stm32f10x_md.o(.text)
    ADC1_2_IRQHandler                        0x080002a7   Thumb Code     0  startup_stm32f10x_md.o(.text)
    CAN1_RX1_IRQHandler                      0x080002a7   Thumb Code     0  startup_stm32f10x_md.o(.text)
    CAN1_SCE_IRQHandler                      0x080002a7   Thumb Code     0  startup_stm32f10x_md.o(.text)
    DMA1_Channel1_IRQHandler                 0x080002a7   Thumb Code     0  startup_stm32f10x_md.o(.text)
    DMA1_Channel2_IRQHandler                 0x080002a7   Thumb Code     0  startup_stm32f10x_md.o(.text)
    DMA1_Channel3_IRQHandler                 0x080002a7   Thumb Code     0  startup_stm32f10x_md.o(.text)
    DMA1_Channel4_IRQHandler                 0x080002a7   Thumb Code     0  startup_stm32f10x_md.o(.text)
    DMA1_Channel5_IRQHandler                 0x080002a7   Thumb Code     0  startup_stm32f10x_md.o(.text)
    DMA1_Channel6_IRQHandler                 0x080002a7   Thumb Code     0  startup_stm32f10x_md.o(.text)
    DMA1_Channel7_IRQHandler                 0x080002a7   Thumb Code     0  startup_stm32f10x_md.o(.text)
    EXTI0_IRQHandler                         0x080002a7   Thumb Code     0  startup_stm32f10x_md.o(.text)
    EXTI1_IRQHandler                         0x080002a7   Thumb Code     0  startup_stm32f10x_md.o(.text)
    EXTI2_IRQHandler                         0x080002a7   Thumb Code     0  startup_stm32f10x_md.o(.text)
    EXTI3_IRQHandler                         0x080002a7   Thumb Code     0  startup_stm32f10x_md.o(.text)
    EXTI4_IRQHandler                         0x080002a7   Thumb Code     0  startup_stm32f10x_md.o(.text)
    FLASH_IRQHandler                         0x080002a7   Thumb Code     0  startup_stm32f10x_md.o(.text)
    I2C1_ER_IRQHandler                       0x080002a7   Thumb Code     0  startup_stm32f10x_md.o(.text)
    I2C1_EV_IRQHandler                       0x080002a7   Thumb Code     0  startup_stm32f10x_md.o(.text)
    I2C2_ER_IRQHandler                       0x080002a7   Thumb Code     0  startup_stm32f10x_md.o(.text)
    I2C2_EV_IRQHandler                       0x080002a7   Thumb Code     0  startup_stm32f10x_md.o(.text)
    PVD_IRQHandler                           0x080002a7   Thumb Code     0  startup_stm32f10x_md.o(.text)
    RCC_IRQHandler                           0x080002a7   Thumb Code     0  startup_stm32f10x_md.o(.text)
    RTCAlarm_IRQHandler                      0x080002a7   Thumb Code     0  startup_stm32f10x_md.o(.text)
    RTC_IRQHandler                           0x080002a7   Thumb Code     0  startup_stm32f10x_md.o(.text)
    SPI1_IRQHandler                          0x080002a7   Thumb Code     0  startup_stm32f10x_md.o(.text)
    SPI2_IRQHandler                          0x080002a7   Thumb Code     0  startup_stm32f10x_md.o(.text)
    TAMPER_IRQHandler                        0x080002a7   Thumb Code     0  startup_stm32f10x_md.o(.text)
    TIM1_BRK_IRQHandler                      0x080002a7   Thumb Code     0  startup_stm32f10x_md.o(.text)
    TIM1_CC_IRQHandler                       0x080002a7   Thumb Code     0  startup_stm32f10x_md.o(.text)
    TIM1_TRG_COM_IRQHandler                  0x080002a7   Thumb Code     0  startup_stm32f10x_md.o(.text)
    TIM1_UP_IRQHandler                       0x080002a7   Thumb Code     0  startup_stm32f10x_md.o(.text)
    TIM3_IRQHandler                          0x080002a7   Thumb Code     0  startup_stm32f10x_md.o(.text)
    TIM4_IRQHandler                          0x080002a7   Thumb Code     0  startup_stm32f10x_md.o(.text)
    USART2_IRQHandler                        0x080002a7   Thumb Code     0  startup_stm32f10x_md.o(.text)
    USBWakeUp_IRQHandler                     0x080002a7   Thumb Code     0  startup_stm32f10x_md.o(.text)
    USB_HP_CAN1_TX_IRQHandler                0x080002a7   Thumb Code     0  startup_stm32f10x_md.o(.text)
    USB_LP_CAN1_RX0_IRQHandler               0x080002a7   Thumb Code     0  startup_stm32f10x_md.o(.text)
    WWDG_IRQHandler                          0x080002a7   Thumb Code     0  startup_stm32f10x_md.o(.text)
    __user_initial_stackheap                 0x080002a9   Thumb Code     0  startup_stm32f10x_md.o(.text)
    NVIC_PriorityGroupConfig                 0x080002cd   Thumb Code    10  misc.o(.text)
    NVIC_Init                                0x080002d7   Thumb Code   100  misc.o(.text)
    NVIC_SetVectorTable                      0x0800033b   Thumb Code    14  misc.o(.text)
    NVIC_SystemLPConfig                      0x08000349   Thumb Code    34  misc.o(.text)
    SysTick_CLKSourceConfig                  0x0800036b   Thumb Code    40  misc.o(.text)
    EXTI_DeInit                              0x080003a9   Thumb Code    28  stm32f10x_exti.o(.text)
    EXTI_Init                                0x080003c5   Thumb Code   142  stm32f10x_exti.o(.text)
    EXTI_StructInit                          0x08000453   Thumb Code    16  stm32f10x_exti.o(.text)
    EXTI_GenerateSWInterrupt                 0x08000463   Thumb Code    16  stm32f10x_exti.o(.text)
    EXTI_GetFlagStatus                       0x08000473   Thumb Code    22  stm32f10x_exti.o(.text)
    EXTI_ClearFlag                           0x08000489   Thumb Code     8  stm32f10x_exti.o(.text)
    EXTI_GetITStatus                         0x08000491   Thumb Code    34  stm32f10x_exti.o(.text)
    EXTI_ClearITPendingBit                   0x080004b3   Thumb Code     8  stm32f10x_exti.o(.text)
    GPIO_DeInit                              0x080004c5   Thumb Code   172  stm32f10x_gpio.o(.text)
    GPIO_AFIODeInit                          0x08000571   Thumb Code    20  stm32f10x_gpio.o(.text)
    GPIO_Init                                0x08000585   Thumb Code   278  stm32f10x_gpio.o(.text)
    GPIO_StructInit                          0x0800069b   Thumb Code    16  stm32f10x_gpio.o(.text)
    GPIO_ReadInputDataBit                    0x080006ab   Thumb Code    18  stm32f10x_gpio.o(.text)
    GPIO_ReadInputData                       0x080006bd   Thumb Code     8  stm32f10x_gpio.o(.text)
    GPIO_ReadOutputDataBit                   0x080006c5   Thumb Code    18  stm32f10x_gpio.o(.text)
    GPIO_ReadOutputData                      0x080006d7   Thumb Code     8  stm32f10x_gpio.o(.text)
    GPIO_SetBits                             0x080006df   Thumb Code     4  stm32f10x_gpio.o(.text)
    GPIO_ResetBits                           0x080006e3   Thumb Code     4  stm32f10x_gpio.o(.text)
    GPIO_WriteBit                            0x080006e7   Thumb Code    10  stm32f10x_gpio.o(.text)
    GPIO_Write                               0x080006f1   Thumb Code     4  stm32f10x_gpio.o(.text)
    GPIO_PinLockConfig                       0x080006f5   Thumb Code    18  stm32f10x_gpio.o(.text)
    GPIO_EventOutputConfig                   0x08000707   Thumb Code    26  stm32f10x_gpio.o(.text)
    GPIO_EventOutputCmd                      0x08000721   Thumb Code     6  stm32f10x_gpio.o(.text)
    GPIO_PinRemapConfig                      0x08000727   Thumb Code   138  stm32f10x_gpio.o(.text)
    GPIO_EXTILineConfig                      0x080007b1   Thumb Code    66  stm32f10x_gpio.o(.text)
    GPIO_ETH_MediaInterfaceConfig            0x080007f3   Thumb Code     8  stm32f10x_gpio.o(.text)
    RCC_DeInit                               0x08000821   Thumb Code    64  stm32f10x_rcc.o(.text)
    RCC_HSEConfig                            0x08000861   Thumb Code    70  stm32f10x_rcc.o(.text)
    RCC_GetFlagStatus                        0x080008a7   Thumb Code    56  stm32f10x_rcc.o(.text)
    RCC_WaitForHSEStartUp                    0x080008df   Thumb Code    56  stm32f10x_rcc.o(.text)
    RCC_AdjustHSICalibrationValue            0x08000917   Thumb Code    20  stm32f10x_rcc.o(.text)
    RCC_HSICmd                               0x0800092b   Thumb Code     6  stm32f10x_rcc.o(.text)
    RCC_PLLConfig                            0x08000931   Thumb Code    24  stm32f10x_rcc.o(.text)
    RCC_PLLCmd                               0x08000949   Thumb Code     6  stm32f10x_rcc.o(.text)
    RCC_SYSCLKConfig                         0x0800094f   Thumb Code    18  stm32f10x_rcc.o(.text)
    RCC_GetSYSCLKSource                      0x08000961   Thumb Code    10  stm32f10x_rcc.o(.text)
    RCC_HCLKConfig                           0x0800096b   Thumb Code    18  stm32f10x_rcc.o(.text)
    RCC_PCLK1Config                          0x0800097d   Thumb Code    18  stm32f10x_rcc.o(.text)
    RCC_PCLK2Config                          0x0800098f   Thumb Code    20  stm32f10x_rcc.o(.text)
    RCC_ITConfig                             0x080009a3   Thumb Code    26  stm32f10x_rcc.o(.text)
    RCC_USBCLKConfig                         0x080009bd   Thumb Code     8  stm32f10x_rcc.o(.text)
    RCC_ADCCLKConfig                         0x080009c5   Thumb Code    18  stm32f10x_rcc.o(.text)
    RCC_LSEConfig                            0x080009d7   Thumb Code    50  stm32f10x_rcc.o(.text)
    RCC_LSICmd                               0x08000a09   Thumb Code     6  stm32f10x_rcc.o(.text)
    RCC_RTCCLKConfig                         0x08000a0f   Thumb Code    12  stm32f10x_rcc.o(.text)
    RCC_RTCCLKCmd                            0x08000a1b   Thumb Code     8  stm32f10x_rcc.o(.text)
    RCC_GetClocksFreq                        0x08000a23   Thumb Code   192  stm32f10x_rcc.o(.text)
    RCC_AHBPeriphClockCmd                    0x08000ae3   Thumb Code    26  stm32f10x_rcc.o(.text)
    RCC_APB2PeriphClockCmd                   0x08000afd   Thumb Code    26  stm32f10x_rcc.o(.text)
    RCC_APB1PeriphClockCmd                   0x08000b17   Thumb Code    26  stm32f10x_rcc.o(.text)
    RCC_APB2PeriphResetCmd                   0x08000b31   Thumb Code    26  stm32f10x_rcc.o(.text)
    RCC_APB1PeriphResetCmd                   0x08000b4b   Thumb Code    26  stm32f10x_rcc.o(.text)
    RCC_BackupResetCmd                       0x08000b65   Thumb Code     8  stm32f10x_rcc.o(.text)
    RCC_ClockSecuritySystemCmd               0x08000b6d   Thumb Code     6  stm32f10x_rcc.o(.text)
    RCC_MCOConfig                            0x08000b73   Thumb Code     6  stm32f10x_rcc.o(.text)
    RCC_ClearFlag                            0x08000b79   Thumb Code    14  stm32f10x_rcc.o(.text)
    RCC_GetITStatus                          0x08000b87   Thumb Code    20  stm32f10x_rcc.o(.text)
    RCC_ClearITPendingBit                    0x08000b9b   Thumb Code     6  stm32f10x_rcc.o(.text)
    SPI_I2S_DeInit                           0x08000bc5   Thumb Code    76  stm32f10x_spi.o(.text)
    SPI_Init                                 0x08000c11   Thumb Code    60  stm32f10x_spi.o(.text)
    I2S_Init                                 0x08000c4d   Thumb Code   226  stm32f10x_spi.o(.text)
    SPI_StructInit                           0x08000d2f   Thumb Code    24  stm32f10x_spi.o(.text)
    I2S_StructInit                           0x08000d47   Thumb Code    20  stm32f10x_spi.o(.text)
    SPI_Cmd                                  0x08000d5b   Thumb Code    24  stm32f10x_spi.o(.text)
    I2S_Cmd                                  0x08000d73   Thumb Code    24  stm32f10x_spi.o(.text)
    SPI_I2S_ITConfig                         0x08000d8b   Thumb Code    32  stm32f10x_spi.o(.text)
    SPI_I2S_DMACmd                           0x08000dab   Thumb Code    18  stm32f10x_spi.o(.text)
    SPI_I2S_SendData                         0x08000dbd   Thumb Code     4  stm32f10x_spi.o(.text)
    SPI_I2S_ReceiveData                      0x08000dc1   Thumb Code     6  stm32f10x_spi.o(.text)
    SPI_NSSInternalSoftwareConfig            0x08000dc7   Thumb Code    30  stm32f10x_spi.o(.text)
    SPI_SSOutputCmd                          0x08000de5   Thumb Code    24  stm32f10x_spi.o(.text)
    SPI_DataSizeConfig                       0x08000dfd   Thumb Code    18  stm32f10x_spi.o(.text)
    SPI_TransmitCRC                          0x08000e0f   Thumb Code    10  stm32f10x_spi.o(.text)
    SPI_CalculateCRC                         0x08000e19   Thumb Code    24  stm32f10x_spi.o(.text)
    SPI_GetCRC                               0x08000e31   Thumb Code    16  stm32f10x_spi.o(.text)
    SPI_GetCRCPolynomial                     0x08000e41   Thumb Code     6  stm32f10x_spi.o(.text)
    SPI_BiDirectionalLineConfig              0x08000e47   Thumb Code    28  stm32f10x_spi.o(.text)
    SPI_I2S_GetFlagStatus                    0x08000e63   Thumb Code    18  stm32f10x_spi.o(.text)
    SPI_I2S_ClearFlag                        0x08000e75   Thumb Code     6  stm32f10x_spi.o(.text)
    SPI_I2S_GetITStatus                      0x08000e7b   Thumb Code    52  stm32f10x_spi.o(.text)
    SPI_I2S_ClearITPendingBit                0x08000eaf   Thumb Code    20  stm32f10x_spi.o(.text)
    TIM_DeInit                               0x08000ed1   Thumb Code   424  stm32f10x_tim.o(.text)
    TIM_TimeBaseInit                         0x08001079   Thumb Code   122  stm32f10x_tim.o(.text)
    TIM_OC1Init                              0x080010f3   Thumb Code   132  stm32f10x_tim.o(.text)
    TIM_OC2Init                              0x08001177   Thumb Code   154  stm32f10x_tim.o(.text)
    TIM_OC3Init                              0x08001211   Thumb Code   150  stm32f10x_tim.o(.text)
    TIM_OC4Init                              0x080012a7   Thumb Code   182  stm32f10x_tim.o(.text)
    TIM_SetIC4Prescaler                      0x0800135d   Thumb Code    26  stm32f10x_tim.o(.text)
    TIM_SetIC3Prescaler                      0x080013f9   Thumb Code    18  stm32f10x_tim.o(.text)
    TIM_SetIC2Prescaler                      0x08001485   Thumb Code    26  stm32f10x_tim.o(.text)
    TIM_SetIC1Prescaler                      0x08001521   Thumb Code    18  stm32f10x_tim.o(.text)
    TIM_ICInit                               0x0800159f   Thumb Code   150  stm32f10x_tim.o(.text)
    TIM_PWMIConfig                           0x08001635   Thumb Code   124  stm32f10x_tim.o(.text)
    TIM_BDTRConfig                           0x080016b1   Thumb Code    32  stm32f10x_tim.o(.text)
    TIM_TimeBaseStructInit                   0x080016d1   Thumb Code    18  stm32f10x_tim.o(.text)
    TIM_OCStructInit                         0x080016e3   Thumb Code    20  stm32f10x_tim.o(.text)
    TIM_ICStructInit                         0x080016f7   Thumb Code    18  stm32f10x_tim.o(.text)
    TIM_BDTRStructInit                       0x08001709   Thumb Code    40  stm32f10x_tim.o(.text)
    TIM_Cmd                                  0x08001731   Thumb Code    24  stm32f10x_tim.o(.text)
    TIM_CtrlPWMOutputs                       0x08001749   Thumb Code    30  stm32f10x_tim.o(.text)
    TIM_ITConfig                             0x08001767   Thumb Code    18  stm32f10x_tim.o(.text)
    TIM_GenerateEvent                        0x08001779   Thumb Code     4  stm32f10x_tim.o(.text)
    TIM_DMAConfig                            0x0800177d   Thumb Code    10  stm32f10x_tim.o(.text)
    TIM_DMACmd                               0x08001787   Thumb Code    18  stm32f10x_tim.o(.text)
    TIM_InternalClockConfig                  0x08001799   Thumb Code    12  stm32f10x_tim.o(.text)
    TIM_SelectInputTrigger                   0x080017a5   Thumb Code    18  stm32f10x_tim.o(.text)
    TIM_ITRxExternalClockConfig              0x080017b7   Thumb Code    24  stm32f10x_tim.o(.text)
    TIM_TIxExternalClockConfig               0x080017cf   Thumb Code    62  stm32f10x_tim.o(.text)
    TIM_ETRConfig                            0x0800180d   Thumb Code    28  stm32f10x_tim.o(.text)
    TIM_ETRClockMode1Config                  0x08001829   Thumb Code    54  stm32f10x_tim.o(.text)
    TIM_ETRClockMode2Config                  0x0800185f   Thumb Code    32  stm32f10x_tim.o(.text)
    TIM_PrescalerConfig                      0x0800187f   Thumb Code     6  stm32f10x_tim.o(.text)
    TIM_CounterModeConfig                    0x08001885   Thumb Code    18  stm32f10x_tim.o(.text)
    TIM_EncoderInterfaceConfig               0x08001897   Thumb Code    66  stm32f10x_tim.o(.text)
    TIM_ForcedOC1Config                      0x080018d9   Thumb Code    18  stm32f10x_tim.o(.text)
    TIM_ForcedOC2Config                      0x080018eb   Thumb Code    26  stm32f10x_tim.o(.text)
    TIM_ForcedOC3Config                      0x08001905   Thumb Code    18  stm32f10x_tim.o(.text)
    TIM_ForcedOC4Config                      0x08001917   Thumb Code    26  stm32f10x_tim.o(.text)
    TIM_ARRPreloadConfig                     0x08001931   Thumb Code    24  stm32f10x_tim.o(.text)
    TIM_SelectCOM                            0x08001949   Thumb Code    24  stm32f10x_tim.o(.text)
    TIM_SelectCCDMA                          0x08001961   Thumb Code    24  stm32f10x_tim.o(.text)
    TIM_CCPreloadControl                     0x08001979   Thumb Code    24  stm32f10x_tim.o(.text)
    TIM_OC1PreloadConfig                     0x08001991   Thumb Code    18  stm32f10x_tim.o(.text)
    TIM_OC2PreloadConfig                     0x080019a3   Thumb Code    26  stm32f10x_tim.o(.text)
    TIM_OC3PreloadConfig                     0x080019bd   Thumb Code    18  stm32f10x_tim.o(.text)
    TIM_OC4PreloadConfig                     0x080019cf   Thumb Code    26  stm32f10x_tim.o(.text)
    TIM_OC1FastConfig                        0x080019e9   Thumb Code    18  stm32f10x_tim.o(.text)
    TIM_OC2FastConfig                        0x080019fb   Thumb Code    26  stm32f10x_tim.o(.text)
    TIM_OC3FastConfig                        0x08001a15   Thumb Code    18  stm32f10x_tim.o(.text)
    TIM_OC4FastConfig                        0x08001a27   Thumb Code    26  stm32f10x_tim.o(.text)
    TIM_ClearOC1Ref                          0x08001a41   Thumb Code    18  stm32f10x_tim.o(.text)
    TIM_ClearOC2Ref                          0x08001a53   Thumb Code    24  stm32f10x_tim.o(.text)
    TIM_ClearOC3Ref                          0x08001a6b   Thumb Code    18  stm32f10x_tim.o(.text)
    TIM_ClearOC4Ref                          0x08001a7d   Thumb Code    24  stm32f10x_tim.o(.text)
    TIM_OC1PolarityConfig                    0x08001a95   Thumb Code    18  stm32f10x_tim.o(.text)
    TIM_OC1NPolarityConfig                   0x08001aa7   Thumb Code    18  stm32f10x_tim.o(.text)
    TIM_OC2PolarityConfig                    0x08001ab9   Thumb Code    26  stm32f10x_tim.o(.text)
    TIM_OC2NPolarityConfig                   0x08001ad3   Thumb Code    26  stm32f10x_tim.o(.text)
    TIM_OC3PolarityConfig                    0x08001aed   Thumb Code    26  stm32f10x_tim.o(.text)
    TIM_OC3NPolarityConfig                   0x08001b07   Thumb Code    26  stm32f10x_tim.o(.text)
    TIM_OC4PolarityConfig                    0x08001b21   Thumb Code    26  stm32f10x_tim.o(.text)
    TIM_CCxCmd                               0x08001b3b   Thumb Code    30  stm32f10x_tim.o(.text)
    TIM_CCxNCmd                              0x08001b59   Thumb Code    30  stm32f10x_tim.o(.text)
    TIM_SelectOCxM                           0x08001b77   Thumb Code    82  stm32f10x_tim.o(.text)
    TIM_UpdateDisableConfig                  0x08001bc9   Thumb Code    24  stm32f10x_tim.o(.text)
    TIM_UpdateRequestConfig                  0x08001be1   Thumb Code    24  stm32f10x_tim.o(.text)
    TIM_SelectHallSensor                     0x08001bf9   Thumb Code    24  stm32f10x_tim.o(.text)
    TIM_SelectOnePulseMode                   0x08001c11   Thumb Code    18  stm32f10x_tim.o(.text)
    TIM_SelectOutputTrigger                  0x08001c23   Thumb Code    18  stm32f10x_tim.o(.text)
    TIM_SelectSlaveMode                      0x08001c35   Thumb Code    18  stm32f10x_tim.o(.text)
    TIM_SelectMasterSlaveMode                0x08001c47   Thumb Code    18  stm32f10x_tim.o(.text)
    TIM_SetCounter                           0x08001c59   Thumb Code     4  stm32f10x_tim.o(.text)
    TIM_SetAutoreload                        0x08001c5d   Thumb Code     4  stm32f10x_tim.o(.text)
    TIM_SetCompare1                          0x08001c61   Thumb Code     4  stm32f10x_tim.o(.text)
    TIM_SetCompare2                          0x08001c65   Thumb Code     4  stm32f10x_tim.o(.text)
    TIM_SetCompare3                          0x08001c69   Thumb Code     4  stm32f10x_tim.o(.text)
    TIM_SetCompare4                          0x08001c6d   Thumb Code     6  stm32f10x_tim.o(.text)
    TIM_SetClockDivision                     0x08001c73   Thumb Code    18  stm32f10x_tim.o(.text)
    TIM_GetCapture1                          0x08001c85   Thumb Code     6  stm32f10x_tim.o(.text)
    TIM_GetCapture2                          0x08001c8b   Thumb Code     6  stm32f10x_tim.o(.text)
    TIM_GetCapture3                          0x08001c91   Thumb Code     6  stm32f10x_tim.o(.text)
    TIM_GetCapture4                          0x08001c97   Thumb Code     8  stm32f10x_tim.o(.text)
    TIM_GetCounter                           0x08001c9f   Thumb Code     6  stm32f10x_tim.o(.text)
    TIM_GetPrescaler                         0x08001ca5   Thumb Code     6  stm32f10x_tim.o(.text)
    TIM_GetFlagStatus                        0x08001cab   Thumb Code    18  stm32f10x_tim.o(.text)
    TIM_ClearFlag                            0x08001cbd   Thumb Code     6  stm32f10x_tim.o(.text)
    TIM_GetITStatus                          0x08001cc3   Thumb Code    34  stm32f10x_tim.o(.text)
    TIM_ClearITPendingBit                    0x08001ce5   Thumb Code     6  stm32f10x_tim.o(.text)
    USART_DeInit                             0x08001ced   Thumb Code   134  stm32f10x_usart.o(.text)
    USART_Init                               0x08001d73   Thumb Code   210  stm32f10x_usart.o(.text)
    USART_StructInit                         0x08001e45   Thumb Code    28  stm32f10x_usart.o(.text)
    USART_ClockInit                          0x08001e61   Thumb Code    34  stm32f10x_usart.o(.text)
    USART_ClockStructInit                    0x08001e83   Thumb Code    12  stm32f10x_usart.o(.text)
    USART_Cmd                                0x08001e8f   Thumb Code    24  stm32f10x_usart.o(.text)
    USART_ITConfig                           0x08001ea7   Thumb Code    74  stm32f10x_usart.o(.text)
    USART_DMACmd                             0x08001ef1   Thumb Code    18  stm32f10x_usart.o(.text)
    USART_SetAddress                         0x08001f03   Thumb Code    18  stm32f10x_usart.o(.text)
    USART_WakeUpConfig                       0x08001f15   Thumb Code    18  stm32f10x_usart.o(.text)
    USART_ReceiverWakeUpCmd                  0x08001f27   Thumb Code    24  stm32f10x_usart.o(.text)
    USART_LINBreakDetectLengthConfig         0x08001f3f   Thumb Code    18  stm32f10x_usart.o(.text)
    USART_LINCmd                             0x08001f51   Thumb Code    24  stm32f10x_usart.o(.text)
    USART_SendData                           0x08001f69   Thumb Code     8  stm32f10x_usart.o(.text)
    USART_ReceiveData                        0x08001f71   Thumb Code    10  stm32f10x_usart.o(.text)
    USART_SendBreak                          0x08001f7b   Thumb Code    10  stm32f10x_usart.o(.text)
    USART_SetGuardTime                       0x08001f85   Thumb Code    16  stm32f10x_usart.o(.text)
    USART_SetPrescaler                       0x08001f95   Thumb Code    16  stm32f10x_usart.o(.text)
    USART_SmartCardCmd                       0x08001fa5   Thumb Code    24  stm32f10x_usart.o(.text)
    USART_SmartCardNACKCmd                   0x08001fbd   Thumb Code    24  stm32f10x_usart.o(.text)
    USART_HalfDuplexCmd                      0x08001fd5   Thumb Code    24  stm32f10x_usart.o(.text)
    USART_OverSampling8Cmd                   0x08001fed   Thumb Code    22  stm32f10x_usart.o(.text)
    USART_OneBitMethodCmd                    0x08002003   Thumb Code    24  stm32f10x_usart.o(.text)
    USART_IrDAConfig                         0x0800201b   Thumb Code    18  stm32f10x_usart.o(.text)
    USART_IrDACmd                            0x0800202d   Thumb Code    24  stm32f10x_usart.o(.text)
    USART_GetFlagStatus                      0x08002045   Thumb Code    26  stm32f10x_usart.o(.text)
    USART_ClearFlag                          0x0800205f   Thumb Code    18  stm32f10x_usart.o(.text)
    USART_GetITStatus                        0x08002071   Thumb Code    84  stm32f10x_usart.o(.text)
    USART_ClearITPendingBit                  0x080020c5   Thumb Code    52  stm32f10x_usart.o(.text)
    SystemInit                               0x080021d7   Thumb Code    78  system_stm32f10x.o(.text)
    SystemCoreClockUpdate                    0x08002225   Thumb Code   142  system_stm32f10x.o(.text)
    LED_INIT                                 0x080022d9   Thumb Code    88  leds.o(.text)
    LED_blink                                0x08002331   Thumb Code    52  leds.o(.text)
    LED_OFF                                  0x08002365   Thumb Code    16  leds.o(.text)
    LED_ON                                   0x08002375   Thumb Code    16  leds.o(.text)
    get_us_ticks                             0x08002395   Thumb Code     6  ticks.o(.text)
    get_ms_ticks                             0x0800239b   Thumb Code     6  ticks.o(.text)
    get_second_ticks                         0x080023a1   Thumb Code     6  ticks.o(.text)
    get_real_ticks                           0x080023a7   Thumb Code    22  ticks.o(.text)
    ticks_init                               0x080023bd   Thumb Code   116  ticks.o(.text)
    TIM2_IRQHandler                          0x08002431   Thumb Code    54  ticks.o(.text)
    _delay_us                                0x08002467   Thumb Code    94  ticks.o(.text)
    simple_delay1_ms                         0x080024c5   Thumb Code    22  ticks.o(.text)
    _delay_ms                                0x080024db   Thumb Code   120  ticks.o(.text)
    tft_prints_enable                        0x0800256d   Thumb Code     6  tft_display.o(.text)
    tft_spi_init                             0x08002573   Thumb Code   224  tft_display.o(.text)
    tft_write_command                        0x08002653   Thumb Code    72  tft_display.o(.text)
    tft_write_data                           0x0800269b   Thumb Code    72  tft_display.o(.text)
    tft_config                               0x080026e3   Thumb Code   514  tft_display.o(.text)
    tft_reset                                0x080028e5   Thumb Code    32  tft_display.o(.text)
    tft_fill_color                           0x08002905   Thumb Code   116  tft_display.o(.text)
    tft_set_special_color                    0x08002979   Thumb Code     6  tft_display.o(.text)
    tft_set_text_color                       0x0800297f   Thumb Code     6  tft_display.o(.text)
    tft_set_bg_color                         0x08002985   Thumb Code     6  tft_display.o(.text)
    tft_init                                 0x0800298b   Thumb Code   172  tft_display.o(.text)
    tft_enable                               0x08002a37   Thumb Code     8  tft_display.o(.text)
    tft_disable                              0x08002a3f   Thumb Code     8  tft_display.o(.text)
    tft_get_bg_color                         0x08002a47   Thumb Code     6  tft_display.o(.text)
    tft_get_text_color                       0x08002a4d   Thumb Code     6  tft_display.o(.text)
    tft_get_special_text_color               0x08002a53   Thumb Code     6  tft_display.o(.text)
    tft_get_orientation                      0x08002a59   Thumb Code     6  tft_display.o(.text)
    tft_force_clear                          0x08002a5f   Thumb Code    86  tft_display.o(.text)
    tft_set_orientation                      0x08002ab5   Thumb Code    28  tft_display.o(.text)
    tft_get_max_x_char                       0x08002ad1   Thumb Code    24  tft_display.o(.text)
    tft_get_max_y_char                       0x08002ae9   Thumb Code    24  tft_display.o(.text)
    tft_set_pixel_pos                        0x08002b01   Thumb Code    78  tft_display.o(.text)
    tft_set_char_pos                         0x08002b4f   Thumb Code    82  tft_display.o(.text)
    tft_clear_line                           0x08002ba1   Thumb Code    68  tft_display.o(.text)
    tft_clear                                0x08002be5   Thumb Code    22  tft_display.o(.text)
    tft_toggle                               0x08002bfb   Thumb Code    34  tft_display.o(.text)
    tft_put_pixel                            0x08002c1d   Thumb Code   100  tft_display.o(.text)
    tft_char_is_changed                      0x08002c81   Thumb Code   186  tft_display.o(.text)
    tft_prints                               0x08002d3b   Thumb Code   268  tft_display.o(.text)
    tft_clear_row                            0x08002e47   Thumb Code    16  tft_display.o(.text)
    tft_update                               0x08002e57   Thumb Code  1474  tft_display.o(.text)
    motor_init                               0x08003429   Thumb Code   216  motor.o(.text)
    motor_control                            0x08003501   Thumb Code    96  motor.o(.text)
    uart_init                                0x08003569   Thumb Code   192  uart.o(.text)
    uart_interrupt                           0x08003629   Thumb Code    62  uart.o(.text)
    uart_printf_enable                       0x08003667   Thumb Code     6  uart.o(.text)
    uart_printf_disable                      0x0800366d   Thumb Code     8  uart.o(.text)
    uart_tx_byte                             0x08003675   Thumb Code    38  uart.o(.text)
    uart_tx                                  0x0800369b   Thumb Code    54  uart.o(.text)
    uart_rx_byte                             0x080036d1   Thumb Code    36  uart.o(.text)
    uart_interrupt_init                      0x080036f5   Thumb Code    56  uart.o(.text)
    USART1_IRQHandler                        0x0800372d   Thumb Code    48  uart.o(.text)
    USART3_IRQHandler                        0x0800375d   Thumb Code    48  uart.o(.text)
    fputc                                    0x0800378d   Thumb Code    66  uart.o(.text)
    encoder_init                             0x0800381d   Thumb Code   162  encoder.o(.text)
    rightMotorDecode                         0x080038bf   Thumb Code    78  encoder.o(.text)
    leftMotorDecode                          0x0800390d   Thumb Code    78  encoder.o(.text)
    EXTI9_5_IRQHandler                       0x0800395b   Thumb Code    26  encoder.o(.text)
    EXTI15_10_IRQHandler                     0x08003975   Thumb Code    70  encoder.o(.text)
    clearAll                                 0x080039bb   Thumb Code    12  encoder.o(.text)
    getRightMotorDist                        0x080039c7   Thumb Code     6  encoder.o(.text)
    getLeftMotorDist                         0x080039cd   Thumb Code     6  encoder.o(.text)
    motor_straight                           0x080039f5   Thumb Code    64  main.o(.text)
    main                                     0x08003a35   Thumb Code   170  main.o(.text)
    motor_straightTimed                      0x08003adf   Thumb Code   150  main.o(.text)
    vsprintf                                 0x08003b85   Thumb Code    32  vsprintf.o(.text)
    __aeabi_assert                           0x08003ba9   Thumb Code    86  assert.o(.text)
    __assert                                 0x08003ba9   Thumb Code     0  assert.o(.text)
    __use_two_region_memory                  0x08003c29   Thumb Code     2  heapauxi.o(.text)
    __rt_heap_escrow$2region                 0x08003c2b   Thumb Code     2  heapauxi.o(.text)
    __rt_heap_expand$2region                 0x08003c2d   Thumb Code     2  heapauxi.o(.text)
    _printf_pre_padding                      0x08003c2f   Thumb Code    44  _printf_pad.o(.text)
    _printf_post_padding                     0x08003c5b   Thumb Code    34  _printf_pad.o(.text)
    _printf_truncate_signed                  0x08003c7d   Thumb Code    18  _printf_truncate.o(.text)
    _printf_truncate_unsigned                0x08003c8f   Thumb Code    18  _printf_truncate.o(.text)
    _printf_str                              0x08003ca1   Thumb Code    82  _printf_str.o(.text)
    _printf_int_dec                          0x08003cf5   Thumb Code   104  _printf_dec.o(.text)
    _printf_charcount                        0x08003d6d   Thumb Code    40  _printf_charcount.o(.text)
    _printf_char_common                      0x08003d9f   Thumb Code    32  _printf_char_common.o(.text)
    _sputc                                   0x08003dc5   Thumb Code    10  _sputc.o(.text)
    _printf_wctomb                           0x08003dd1   Thumb Code   182  _printf_wctomb.o(.text)
    _printf_longlong_dec                     0x08003e8d   Thumb Code   108  _printf_longlong_dec.o(.text)
    _printf_longlong_oct                     0x08003f09   Thumb Code    68  _printf_oct_int_ll.o(.text)
    _printf_int_oct                          0x08003f4d   Thumb Code    24  _printf_oct_int_ll.o(.text)
    _printf_ll_oct                           0x08003f65   Thumb Code    12  _printf_oct_int_ll.o(.text)
    _printf_longlong_hex                     0x08003f79   Thumb Code    86  _printf_hex_int_ll_ptr.o(.text)
    _printf_int_hex                          0x08003fcf   Thumb Code    28  _printf_hex_int_ll_ptr.o(.text)
    _printf_ll_hex                           0x08003feb   Thumb Code    12  _printf_hex_int_ll_ptr.o(.text)
    _printf_hex_ptr                          0x08003ff7   Thumb Code    18  _printf_hex_int_ll_ptr.o(.text)
    __printf                                 0x0800400d   Thumb Code   388  __printf_flags_ss_wp.o(.text)
    abort                                    0x08004195   Thumb Code    22  abort.o(.text)
    __assert_puts                            0x080041ab   Thumb Code    20  assert_puts.o(.text)
    _ttywrch                                 0x080041bf   Thumb Code    14  sys_wrch.o(.text)
    _sys_exit                                0x080041cd   Thumb Code     8  sys_exit.o(.text)
    _ll_udiv10                               0x080041d9   Thumb Code   138  lludiv10.o(.text)
    _printf_int_common                       0x08004263   Thumb Code   178  _printf_intcommon.o(.text)
    __lib_sel_fp_printf                      0x08004315   Thumb Code     2  _printf_fp_dec.o(.text)
    _printf_fp_dec_real                      0x080044c3   Thumb Code   620  _printf_fp_dec.o(.text)
    _printf_fp_hex_real                      0x08004731   Thumb Code   754  _printf_fp_hex.o(.text)
    _printf_cs_common                        0x08004a2d   Thumb Code    20  _printf_char.o(.text)
    _printf_char                             0x08004a41   Thumb Code    16  _printf_char.o(.text)
    _printf_string                           0x08004a51   Thumb Code     8  _printf_char.o(.text)
    _printf_lcs_common                       0x08004a59   Thumb Code    20  _printf_wchar.o(.text)
    _printf_wchar                            0x08004a6d   Thumb Code    16  _printf_wchar.o(.text)
    _printf_wstring                          0x08004a7d   Thumb Code     8  _printf_wchar.o(.text)
    _wcrtomb                                 0x08004a85   Thumb Code    64  _wcrtomb.o(.text)
    __rt_SIGABRT                             0x08004ac5   Thumb Code    14  defsig_abrt_outer.o(.text)
    __I$use$semihosting                      0x08004ad3   Thumb Code     0  use_no_semi.o(.text)
    __use_no_semihosting_swi                 0x08004ad3   Thumb Code     2  use_no_semi.o(.text)
    __semihosting_library_function           0x08004ad5   Thumb Code     0  indicate_semi.o(.text)
    __user_setup_stackheap                   0x08004ad5   Thumb Code    74  sys_stackheap_outer.o(.text)
    __rt_ctype_table                         0x08004b21   Thumb Code    16  rt_ctype_table.o(.text)
    __rt_locale                              0x08004b31   Thumb Code     8  rt_locale_intlibspace.o(.text)
    _printf_fp_infnan                        0x08004b39   Thumb Code   112  _printf_fp_infnan.o(.text)
    _btod_etento                             0x08004bb9   Thumb Code   216  bigflt0.o(.text)
    exit                                     0x08004c95   Thumb Code    18  exit.o(.text)
    __sig_exit                               0x08004ca7   Thumb Code    10  defsig_exit.o(.text)
    __rt_SIGABRT_inner                       0x08004cb1   Thumb Code    14  defsig_abrt_inner.o(.text)
    __user_libspace                          0x08004ce1   Thumb Code     8  libspace.o(.text)
    __user_perproc_libspace                  0x08004ce1   Thumb Code     0  libspace.o(.text)
    __user_perthread_libspace                0x08004ce1   Thumb Code     0  libspace.o(.text)
    __default_signal_display                 0x08004ce9   Thumb Code    50  defsig_general.o(.text)
    strcmp                                   0x08004d1d   Thumb Code   128  strcmpv7m.o(.text)
    _btod_d2e                                0x08004d9d   Thumb Code    62  btod.o(CL$$btod_d2e)
    _d2e_denorm_low                          0x08004ddb   Thumb Code    70  btod.o(CL$$btod_d2e_denorm_low)
    _d2e_norm_op1                            0x08004e21   Thumb Code    96  btod.o(CL$$btod_d2e_norm_op1)
    __btod_div_common                        0x08004e81   Thumb Code   696  btod.o(CL$$btod_div_common)
    _e2e                                     0x080051b9   Thumb Code   198  btod.o(CL$$btod_e2e)
    _btod_ediv                               0x0800527f   Thumb Code    40  btod.o(CL$$btod_ediv)
    _btod_emul                               0x080052a7   Thumb Code    40  btod.o(CL$$btod_emul)
    __btod_mult_common                       0x080052cf   Thumb Code   580  btod.o(CL$$btod_mult_common)
    __ARM_fpclassify                         0x08005513   Thumb Code    40  fpclassify.o(i.__ARM_fpclassify)
    _is_digit                                0x0800553b   Thumb Code    14  __printf_wp.o(i._is_digit)
    ceil                                     0x08005549   Thumb Code   204  ceil.o(i.ceil)
    fmin                                     0x08005625   Thumb Code    66  fmin.o(i.fmin)
    _get_lc_numeric                          0x08005669   Thumb Code    44  lc_numeric_c.o(locale$$code)
    _get_lc_ctype                            0x08005695   Thumb Code    44  lc_ctype_c.o(locale$$code)
    __aeabi_dadd                             0x080056c1   Thumb Code     0  daddsub_clz.o(x$fpl$dadd)
    _dadd                                    0x080056c1   Thumb Code   332  daddsub_clz.o(x$fpl$dadd)
    __dcmp4                                  0x08005811   Thumb Code    98  dcmp4.o(x$fpl$dcmp4)
    __ARM_dcmp4                              0x08005873   Thumb Code     0  dcmp4.o(x$fpl$dcmp4)
    _dcmp4                                   0x08005873   Thumb Code    60  dcmp4.o(x$fpl$dcmp4)
    __dcmp4e                                 0x080058af   Thumb Code    98  dcmp4.o(x$fpl$dcmp4)
    __ARM_dcmp4e                             0x08005911   Thumb Code     0  dcmp4.o(x$fpl$dcmp4)
    _dcmp4e                                  0x08005911   Thumb Code    54  dcmp4.o(x$fpl$dcmp4)
    __fpl_dcmp_Inf                           0x08005947   Thumb Code    24  dcmpi.o(x$fpl$dcmpinf)
    __aeabi_d2iz                             0x08005961   Thumb Code     0  dfix.o(x$fpl$dfix)
    _dfix                                    0x08005961   Thumb Code    94  dfix.o(x$fpl$dfix)
    __aeabi_i2d                              0x080059bf   Thumb Code     0  dflt_clz.o(x$fpl$dflt)
    _dflt                                    0x080059bf   Thumb Code    46  dflt_clz.o(x$fpl$dflt)
    __aeabi_cdcmple                          0x080059ed   Thumb Code     0  dleqf.o(x$fpl$dleqf)
    _dcmple                                  0x080059ed   Thumb Code   120  dleqf.o(x$fpl$dleqf)
    __fpl_dcmple_InfNaN                      0x08005a4f   Thumb Code     0  dleqf.o(x$fpl$dleqf)
    __fpl_dnaninf                            0x08005a65   Thumb Code   156  dnaninf.o(x$fpl$dnaninf)
    __fpl_dretinf                            0x08005b01   Thumb Code    12  dretinf.o(x$fpl$dretinf)
    __aeabi_cdrcmple                         0x08005b0d   Thumb Code     0  drleqf.o(x$fpl$drleqf)
    _drcmple                                 0x08005b0d   Thumb Code   108  drleqf.o(x$fpl$drleqf)
    __aeabi_drsub                            0x08005b79   Thumb Code     0  daddsub_clz.o(x$fpl$drsb)
    _drsb                                    0x08005b79   Thumb Code    22  daddsub_clz.o(x$fpl$drsb)
    __aeabi_dsub                             0x08005b91   Thumb Code     0  daddsub_clz.o(x$fpl$dsub)
    _dsub                                    0x08005b91   Thumb Code   464  daddsub_clz.o(x$fpl$dsub)
    _printf_fp_dec                           0x08005d65   Thumb Code     4  printf1.o(x$fpl$printf1)
    _printf_fp_hex                           0x08005d69   Thumb Code     4  printf2.o(x$fpl$printf2)
    COM_USART_CLK                            0x08005d6c   Data          12  uart.o(.constdata)
    __I$use$fp                               0x08005d6c   Number         0  usenofp.o(x$fpl$usenofp)
    COM_TX_PORT_CLK                          0x08005d78   Data          12  uart.o(.constdata)
    COM_RX_PORT_CLK                          0x08005d84   Data          12  uart.o(.constdata)
    COM_TX_PIN                               0x08005d90   Data           6  uart.o(.constdata)
    COM_RX_PIN                               0x08005d96   Data           6  uart.o(.constdata)
    COM_IRQ                                  0x08005d9c   Data           6  uart.o(.constdata)
    Region$$Table$$Base                      0x08005ea0   Number         0  anon$$obj.o(Region$$Table)
    Region$$Table$$Limit                     0x08005ec0   Number         0  anon$$obj.o(Region$$Table)
    __ctype                                  0x08005ee9   Data           0  lc_ctype_c.o(locale$$data)
    SystemCoreClock                          0x20000014   Data           4  system_stm32f10x.o(.data)
    AHBPrescTable                            0x20000018   Data          16  system_stm32f10x.o(.data)
    state                                    0x20000028   Data           1  leds.o(.data)
    ticks                                    0x2000002c   Data           2  ticks.o(.data)
    ms                                       0x2000002e   Data           2  ticks.o(.data)
    seconds                                  0x20000030   Data           2  ticks.o(.data)
    using_delay                              0x20000038   Data           1  ticks.o(.data)
    curr_bg_color                            0x2000103a   Data           2  tft_display.o(.data)
    curr_text_color                          0x2000103c   Data           2  tft_display.o(.data)
    curr_text_color_sp                       0x2000103e   Data           2  tft_display.o(.data)
    tft_orientation                          0x20001040   Data           1  tft_display.o(.data)
    tft_enabled                              0x20001041   Data           1  tft_display.o(.data)
    print_pos                                0x20001042   Data           2  tft_display.o(.data)
    prints_enabled                           0x20001044   Data           1  tft_display.o(.data)
    rx_full                                  0x20001048   Data           1  uart.o(.data)
    uart1_rx_listener                        0x2000104c   Data           4  uart.o(.data)
    uart3_rx_listener                        0x20001050   Data           4  uart.o(.data)
    uart1_listener_empty                     0x20001054   Data           1  uart.o(.data)
    uart3_listener_empty                     0x20001055   Data           1  uart.o(.data)
    COM_USART                                0x20001058   Data          12  uart.o(.data)
    COM_TX_PORT                              0x20001064   Data          12  uart.o(.data)
    COM_RX_PORT                              0x20001070   Data          12  uart.o(.data)
    printf_COMx                              0x2000107c   Data           1  uart.o(.data)
    rightCurrentState                        0x20001090   Data           1  encoder.o(.data)
    leftCurrentState                         0x20001091   Data           1  encoder.o(.data)
    rightTransition                          0x20001092   Data           1  encoder.o(.data)
    leftTransition                           0x20001093   Data           1  encoder.o(.data)
    rightPosition                            0x20001094   Data           4  encoder.o(.data)
    leftPosition                             0x20001098   Data           4  encoder.o(.data)
    road_pos                                 0x200020a0   Data           4  main.o(.data)
    uselgrip                                 0x200020a4   Data           4  main.o(.data)
    usergrip                                 0x200020a8   Data           4  main.o(.data)
    flagraise                                0x200020ac   Data           4  main.o(.data)
    racketswing                              0x200020b0   Data           4  main.o(.data)
    leftspeedratio                           0x200020b8   Data           8  main.o(.data)
    rightspeedratio                          0x200020c0   Data           8  main.o(.data)
    leftdirection                            0x200020c8   Data           4  main.o(.data)
    rightdirection                           0x200020cc   Data           4  main.o(.data)
    motormag                                 0x200020d0   Data           4  main.o(.data)
    autoormanual                             0x200020d4   Data           4  main.o(.data)
    maf                                      0x200020d8   Data           4  main.o(.data)
    mai                                      0x200020dc   Data           4  main.o(.data)
    didt                                     0x200020e0   Data           4  main.o(.data)
    angle                                    0x200020e8   Data           8  main.o(.data)
    Larea                                    0x200020f0   Data           8  main.o(.data)
    Marea                                    0x200020f8   Data           8  main.o(.data)
    Rarea                                    0x20002100   Data           8  main.o(.data)
    areaflag                                 0x20002108   Data           4  main.o(.data)
    seq                                      0x2000210c   Data           1  main.o(.data)
    motorRatio                               0x20002110   Data           8  main.o(.data)
    text                                     0x20002118   Data         200  tft_display.o(.bss)
    text_prev                                0x200021e0   Data         200  tft_display.o(.bss)
    text_color                               0x200022a8   Data         400  tft_display.o(.bss)
    text_color_prev                          0x20002438   Data         400  tft_display.o(.bss)
    bg_color                                 0x200025c8   Data         400  tft_display.o(.bss)
    bg_color_prev                            0x20002758   Data         400  tft_display.o(.bss)
    text_bg_color_prev                       0x200028e8   Data         200  tft_display.o(.bss)
    __libspace_start                         0x200029b0   Data          96  libspace.o(.bss)
    __temporary_stack_top$libspace           0x20002a10   Data           0  libspace.o(.bss)



==============================================================================

Memory Map of the image

  Image Entry point : 0x080000ed

  Load Region LR_IROM1 (Base: 0x08000000, Size: 0x00008104, Max: 0x00020000, ABSOLUTE, COMPRESSED[0x00006718])

    Execution Region ER_IROM1 (Base: 0x08000000, Size: 0x00005fec, Max: 0x00020000, ABSOLUTE)

    Base Addr    Size         Type   Attr      Idx    E Section Name        Object

    0x08000000   0x000000ec   Data   RO            3    RESET               startup_stm32f10x_md.o
    0x080000ec   0x00000008   Code   RO          744  * !!!main             c_w.l(__main.o)
    0x080000f4   0x00000034   Code   RO         1109    !!!scatter          c_w.l(__scatter.o)
    0x08000128   0x00000064   Code   RO         1107    !!dclz77c           c_w.l(__dclz77c.o)
    0x0800018c   0x0000001c   Code   RO         1111    !!handler_zi        c_w.l(__scatter_zi.o)
    0x080001a8   0x00000000   Code   RO          844    .ARM.Collect$$_printf_percent$$00000000  c_w.l(_printf_percent.o)
    0x080001a8   0x00000006   Code   RO          833    .ARM.Collect$$_printf_percent$$00000001  c_w.l(_printf_n.o)
    0x080001ae   0x00000006   Code   RO          835    .ARM.Collect$$_printf_percent$$00000002  c_w.l(_printf_p.o)
    0x080001b4   0x00000006   Code   RO          840    .ARM.Collect$$_printf_percent$$00000003  c_w.l(_printf_f.o)
    0x080001ba   0x00000006   Code   RO          841    .ARM.Collect$$_printf_percent$$00000004  c_w.l(_printf_e.o)
    0x080001c0   0x00000006   Code   RO          842    .ARM.Collect$$_printf_percent$$00000005  c_w.l(_printf_g.o)
    0x080001c6   0x00000006   Code   RO          843    .ARM.Collect$$_printf_percent$$00000006  c_w.l(_printf_a.o)
    0x080001cc   0x0000000a   Code   RO          848    .ARM.Collect$$_printf_percent$$00000007  c_w.l(_printf_ll.o)
    0x080001d6   0x00000006   Code   RO          837    .ARM.Collect$$_printf_percent$$00000008  c_w.l(_printf_i.o)
    0x080001dc   0x00000006   Code   RO          838    .ARM.Collect$$_printf_percent$$00000009  c_w.l(_printf_d.o)
    0x080001e2   0x00000006   Code   RO          839    .ARM.Collect$$_printf_percent$$0000000A  c_w.l(_printf_u.o)
    0x080001e8   0x00000006   Code   RO          836    .ARM.Collect$$_printf_percent$$0000000B  c_w.l(_printf_o.o)
    0x080001ee   0x00000006   Code   RO          834    .ARM.Collect$$_printf_percent$$0000000C  c_w.l(_printf_x.o)
    0x080001f4   0x00000006   Code   RO          845    .ARM.Collect$$_printf_percent$$0000000D  c_w.l(_printf_lli.o)
    0x080001fa   0x00000006   Code   RO          846    .ARM.Collect$$_printf_percent$$0000000E  c_w.l(_printf_lld.o)
    0x08000200   0x00000006   Code   RO          847    .ARM.Collect$$_printf_percent$$0000000F  c_w.l(_printf_llu.o)
    0x08000206   0x00000006   Code   RO          852    .ARM.Collect$$_printf_percent$$00000010  c_w.l(_printf_llo.o)
    0x0800020c   0x00000006   Code   RO          853    .ARM.Collect$$_printf_percent$$00000011  c_w.l(_printf_llx.o)
    0x08000212   0x0000000a   Code   RO          849    .ARM.Collect$$_printf_percent$$00000012  c_w.l(_printf_l.o)
    0x0800021c   0x00000006   Code   RO          831    .ARM.Collect$$_printf_percent$$00000013  c_w.l(_printf_c.o)
    0x08000222   0x00000006   Code   RO          832    .ARM.Collect$$_printf_percent$$00000014  c_w.l(_printf_s.o)
    0x08000228   0x00000006   Code   RO          850    .ARM.Collect$$_printf_percent$$00000015  c_w.l(_printf_lc.o)
    0x0800022e   0x00000006   Code   RO          851    .ARM.Collect$$_printf_percent$$00000016  c_w.l(_printf_ls.o)
    0x08000234   0x00000004   Code   RO          913    .ARM.Collect$$_printf_percent$$00000017  c_w.l(_printf_percent_end.o)
    0x08000238   0x00000002   Code   RO          981    .ARM.Collect$$libinit$$00000000  c_w.l(libinit.o)
    0x0800023a   0x00000000   Code   RO         1001    .ARM.Collect$$libinit$$00000002  c_w.l(libinit2.o)
    0x0800023a   0x00000000   Code   RO         1003    .ARM.Collect$$libinit$$00000004  c_w.l(libinit2.o)
    0x0800023a   0x00000000   Code   RO         1006    .ARM.Collect$$libinit$$0000000A  c_w.l(libinit2.o)
    0x0800023a   0x00000000   Code   RO         1008    .ARM.Collect$$libinit$$0000000C  c_w.l(libinit2.o)
    0x0800023a   0x00000000   Code   RO         1010    .ARM.Collect$$libinit$$0000000E  c_w.l(libinit2.o)
    0x0800023a   0x00000006   Code   RO         1011    .ARM.Collect$$libinit$$0000000F  c_w.l(libinit2.o)
    0x08000240   0x00000000   Code   RO         1013    .ARM.Collect$$libinit$$00000011  c_w.l(libinit2.o)
    0x08000240   0x0000000c   Code   RO         1014    .ARM.Collect$$libinit$$00000012  c_w.l(libinit2.o)
    0x0800024c   0x00000000   Code   RO         1015    .ARM.Collect$$libinit$$00000013  c_w.l(libinit2.o)
    0x0800024c   0x00000000   Code   RO         1017    .ARM.Collect$$libinit$$00000015  c_w.l(libinit2.o)
    0x0800024c   0x0000000a   Code   RO         1018    .ARM.Collect$$libinit$$00000016  c_w.l(libinit2.o)
    0x08000256   0x00000000   Code   RO         1019    .ARM.Collect$$libinit$$00000017  c_w.l(libinit2.o)
    0x08000256   0x00000000   Code   RO         1021    .ARM.Collect$$libinit$$00000019  c_w.l(libinit2.o)
    0x08000256   0x00000000   Code   RO         1023    .ARM.Collect$$libinit$$0000001B  c_w.l(libinit2.o)
    0x08000256   0x00000000   Code   RO         1025    .ARM.Collect$$libinit$$0000001D  c_w.l(libinit2.o)
    0x08000256   0x00000000   Code   RO         1027    .ARM.Collect$$libinit$$0000001F  c_w.l(libinit2.o)
    0x08000256   0x00000000   Code   RO         1029    .ARM.Collect$$libinit$$00000021  c_w.l(libinit2.o)
    0x08000256   0x00000000   Code   RO         1031    .ARM.Collect$$libinit$$00000023  c_w.l(libinit2.o)
    0x08000256   0x00000000   Code   RO         1033    .ARM.Collect$$libinit$$00000025  c_w.l(libinit2.o)
    0x08000256   0x00000000   Code   RO         1037    .ARM.Collect$$libinit$$0000002C  c_w.l(libinit2.o)
    0x08000256   0x00000000   Code   RO         1039    .ARM.Collect$$libinit$$0000002E  c_w.l(libinit2.o)
    0x08000256   0x00000000   Code   RO         1041    .ARM.Collect$$libinit$$00000030  c_w.l(libinit2.o)
    0x08000256   0x00000000   Code   RO         1043    .ARM.Collect$$libinit$$00000032  c_w.l(libinit2.o)
    0x08000256   0x00000002   Code   RO         1044    .ARM.Collect$$libinit$$00000033  c_w.l(libinit2.o)
    0x08000258   0x00000002   Code   RO         1080    .ARM.Collect$$libshutdown$$00000000  c_w.l(libshutdown.o)
    0x0800025a   0x00000000   Code   RO         1090    .ARM.Collect$$libshutdown$$00000002  c_w.l(libshutdown2.o)
    0x0800025a   0x00000000   Code   RO         1092    .ARM.Collect$$libshutdown$$00000004  c_w.l(libshutdown2.o)
    0x0800025a   0x00000000   Code   RO         1095    .ARM.Collect$$libshutdown$$00000007  c_w.l(libshutdown2.o)
    0x0800025a   0x00000000   Code   RO         1098    .ARM.Collect$$libshutdown$$0000000A  c_w.l(libshutdown2.o)
    0x0800025a   0x00000000   Code   RO         1100    .ARM.Collect$$libshutdown$$0000000C  c_w.l(libshutdown2.o)
    0x0800025a   0x00000000   Code   RO         1103    .ARM.Collect$$libshutdown$$0000000F  c_w.l(libshutdown2.o)
    0x0800025a   0x00000002   Code   RO         1104    .ARM.Collect$$libshutdown$$00000010  c_w.l(libshutdown2.o)
    0x0800025c   0x00000000   Code   RO          762    .ARM.Collect$$rtentry$$00000000  c_w.l(__rtentry.o)
    0x0800025c   0x00000000   Code   RO          884    .ARM.Collect$$rtentry$$00000002  c_w.l(__rtentry2.o)
    0x0800025c   0x00000006   Code   RO          896    .ARM.Collect$$rtentry$$00000004  c_w.l(__rtentry4.o)
    0x08000262   0x00000000   Code   RO          886    .ARM.Collect$$rtentry$$00000009  c_w.l(__rtentry2.o)
    0x08000262   0x00000004   Code   RO          887    .ARM.Collect$$rtentry$$0000000A  c_w.l(__rtentry2.o)
    0x08000266   0x00000000   Code   RO          889    .ARM.Collect$$rtentry$$0000000C  c_w.l(__rtentry2.o)
    0x08000266   0x00000008   Code   RO          890    .ARM.Collect$$rtentry$$0000000D  c_w.l(__rtentry2.o)
    0x0800026e   0x00000002   Code   RO          989    .ARM.Collect$$rtexit$$00000000  c_w.l(rtexit.o)
    0x08000270   0x00000000   Code   RO         1046    .ARM.Collect$$rtexit$$00000002  c_w.l(rtexit2.o)
    0x08000270   0x00000004   Code   RO         1047    .ARM.Collect$$rtexit$$00000003  c_w.l(rtexit2.o)
    0x08000274   0x00000006   Code   RO         1048    .ARM.Collect$$rtexit$$00000004  c_w.l(rtexit2.o)
    0x0800027a   0x00000002   PAD
    0x0800027c   0x0000000e   Code   RO          421    .emb_text           ticks.o
    0x0800028a   0x00000002   PAD
    0x0800028c   0x00000040   Code   RO            4    .text               startup_stm32f10x_md.o
    0x080002cc   0x000000dc   Code   RO           24    .text               misc.o
    0x080003a8   0x0000011c   Code   RO          194    .text               stm32f10x_exti.o
    0x080004c4   0x0000035c   Code   RO          230    .text               stm32f10x_gpio.o
    0x08000820   0x000003a4   Code   RO          287    .text               stm32f10x_rcc.o
    0x08000bc4   0x0000030c   Code   RO          331    .text               stm32f10x_spi.o
    0x08000ed0   0x00000e1a   Code   RO          343    .text               stm32f10x_tim.o
    0x08001cea   0x00000002   PAD
    0x08001cec   0x0000040c   Code   RO          358    .text               stm32f10x_usart.o
    0x080020f8   0x000001e0   Code   RO          385    .text               system_stm32f10x.o
    0x080022d8   0x000000bc   Code   RO          403    .text               leds.o
    0x08002394   0x000001d8   Code   RO          422    .text               ticks.o
    0x0800256c   0x00000ebc   Code   RO          446    .text               tft_display.o
    0x08003428   0x00000140   Code   RO          584    .text               motor.o
    0x08003568   0x000002b4   Code   RO          623    .text               uart.o
    0x0800381c   0x000001d8   Code   RO          661    .text               encoder.o
    0x080039f4   0x00000190   Code   RO          717    .text               main.o
    0x08003b84   0x00000024   Code   RO          738    .text               c_w.l(vsprintf.o)
    0x08003ba8   0x00000080   Code   RO          740    .text               c_w.l(assert.o)
    0x08003c28   0x00000006   Code   RO          742    .text               c_w.l(heapauxi.o)
    0x08003c2e   0x0000004e   Code   RO          765    .text               c_w.l(_printf_pad.o)
    0x08003c7c   0x00000024   Code   RO          767    .text               c_w.l(_printf_truncate.o)
    0x08003ca0   0x00000052   Code   RO          769    .text               c_w.l(_printf_str.o)
    0x08003cf2   0x00000002   PAD
    0x08003cf4   0x00000078   Code   RO          771    .text               c_w.l(_printf_dec.o)
    0x08003d6c   0x00000028   Code   RO          773    .text               c_w.l(_printf_charcount.o)
    0x08003d94   0x00000030   Code   RO          775    .text               c_w.l(_printf_char_common.o)
    0x08003dc4   0x0000000a   Code   RO          777    .text               c_w.l(_sputc.o)
    0x08003dce   0x00000002   PAD
    0x08003dd0   0x000000bc   Code   RO          779    .text               c_w.l(_printf_wctomb.o)
    0x08003e8c   0x0000007c   Code   RO          782    .text               c_w.l(_printf_longlong_dec.o)
    0x08003f08   0x00000070   Code   RO          788    .text               c_w.l(_printf_oct_int_ll.o)
    0x08003f78   0x00000094   Code   RO          808    .text               c_w.l(_printf_hex_int_ll_ptr.o)
    0x0800400c   0x00000188   Code   RO          828    .text               c_w.l(__printf_flags_ss_wp.o)
    0x08004194   0x00000016   Code   RO          854    .text               c_w.l(abort.o)
    0x080041aa   0x00000014   Code   RO          856    .text               c_w.l(assert_puts.o)
    0x080041be   0x0000000e   Code   RO          879    .text               c_w.l(sys_wrch.o)
    0x080041cc   0x0000000c   Code   RO          881    .text               c_w.l(sys_exit.o)
    0x080041d8   0x0000008a   Code   RO          898    .text               c_w.l(lludiv10.o)
    0x08004262   0x000000b2   Code   RO          900    .text               c_w.l(_printf_intcommon.o)
    0x08004314   0x0000041a   Code   RO          902    .text               c_w.l(_printf_fp_dec.o)
    0x0800472e   0x00000002   PAD
    0x08004730   0x000002fc   Code   RO          904    .text               c_w.l(_printf_fp_hex.o)
    0x08004a2c   0x0000002c   Code   RO          909    .text               c_w.l(_printf_char.o)
    0x08004a58   0x0000002c   Code   RO          911    .text               c_w.l(_printf_wchar.o)
    0x08004a84   0x00000040   Code   RO          914    .text               c_w.l(_wcrtomb.o)
    0x08004ac4   0x0000000e   Code   RO          916    .text               c_w.l(defsig_abrt_outer.o)
    0x08004ad2   0x00000002   Code   RO          926    .text               c_w.l(use_no_semi.o)
    0x08004ad4   0x00000000   Code   RO          928    .text               c_w.l(indicate_semi.o)
    0x08004ad4   0x0000004a   Code   RO          929    .text               c_w.l(sys_stackheap_outer.o)
    0x08004b1e   0x00000002   PAD
    0x08004b20   0x00000010   Code   RO          931    .text               c_w.l(rt_ctype_table.o)
    0x08004b30   0x00000008   Code   RO          938    .text               c_w.l(rt_locale_intlibspace.o)
    0x08004b38   0x00000080   Code   RO          940    .text               c_w.l(_printf_fp_infnan.o)
    0x08004bb8   0x000000dc   Code   RO          942    .text               c_w.l(bigflt0.o)
    0x08004c94   0x00000012   Code   RO          970    .text               c_w.l(exit.o)
    0x08004ca6   0x0000000a   Code   RO          972    .text               c_w.l(defsig_exit.o)
    0x08004cb0   0x00000030   Code   RO          974    .text               c_w.l(defsig_abrt_inner.o)
    0x08004ce0   0x00000008   Code   RO          986    .text               c_w.l(libspace.o)
    0x08004ce8   0x00000032   Code   RO          996    .text               c_w.l(defsig_general.o)
    0x08004d1a   0x00000002   PAD
    0x08004d1c   0x00000080   Code   RO          998    .text               c_w.l(strcmpv7m.o)
    0x08004d9c   0x0000003e   Code   RO          945    CL$$btod_d2e        c_w.l(btod.o)
    0x08004dda   0x00000046   Code   RO          947    CL$$btod_d2e_denorm_low  c_w.l(btod.o)
    0x08004e20   0x00000060   Code   RO          946    CL$$btod_d2e_norm_op1  c_w.l(btod.o)
    0x08004e80   0x00000338   Code   RO          955    CL$$btod_div_common  c_w.l(btod.o)
    0x080051b8   0x000000c6   Code   RO          952    CL$$btod_e2e        c_w.l(btod.o)
    0x0800527e   0x00000028   Code   RO          949    CL$$btod_ediv       c_w.l(btod.o)
    0x080052a6   0x00000028   Code   RO          948    CL$$btod_emul       c_w.l(btod.o)
    0x080052ce   0x00000244   Code   RO          954    CL$$btod_mult_common  c_w.l(btod.o)
    0x08005512   0x00000028   Code   RO          984    i.__ARM_fpclassify  m_ws.l(fpclassify.o)
    0x0800553a   0x0000000e   Code   RO          821    i._is_digit         c_w.l(__printf_wp.o)
    0x08005548   0x000000dc   Code   RO          757    i.ceil              m_ws.l(ceil.o)
    0x08005624   0x00000042   Code   RO          760    i.fmin              m_ws.l(fmin.o)
    0x08005666   0x00000002   PAD
    0x08005668   0x0000002c   Code   RO          968    locale$$code        c_w.l(lc_numeric_c.o)
    0x08005694   0x0000002c   Code   RO          992    locale$$code        c_w.l(lc_ctype_c.o)
    0x080056c0   0x00000150   Code   RO          858    x$fpl$dadd          fz_ws.l(daddsub_clz.o)
    0x08005810   0x00000136   Code   RO          864    x$fpl$dcmp4         fz_ws.l(dcmp4.o)
    0x08005946   0x00000018   Code   RO          920    x$fpl$dcmpinf       fz_ws.l(dcmpi.o)
    0x0800595e   0x00000002   PAD
    0x08005960   0x0000005e   Code   RO          746    x$fpl$dfix          fz_ws.l(dfix.o)
    0x080059be   0x0000002e   Code   RO          751    x$fpl$dflt          fz_ws.l(dflt_clz.o)
    0x080059ec   0x00000078   Code   RO          922    x$fpl$dleqf         fz_ws.l(dleqf.o)
    0x08005a64   0x0000009c   Code   RO          866    x$fpl$dnaninf       fz_ws.l(dnaninf.o)
    0x08005b00   0x0000000c   Code   RO          924    x$fpl$dretinf       fz_ws.l(dretinf.o)
    0x08005b0c   0x0000006c   Code   RO          868    x$fpl$drleqf        fz_ws.l(drleqf.o)
    0x08005b78   0x00000016   Code   RO          859    x$fpl$drsb          fz_ws.l(daddsub_clz.o)
    0x08005b8e   0x00000002   PAD
    0x08005b90   0x000001d4   Code   RO          860    x$fpl$dsub          fz_ws.l(daddsub_clz.o)
    0x08005d64   0x00000004   Code   RO          870    x$fpl$printf1       fz_ws.l(printf1.o)
    0x08005d68   0x00000004   Code   RO          872    x$fpl$printf2       fz_ws.l(printf2.o)
    0x08005d6c   0x00000000   Code   RO          878    x$fpl$usenofp       fz_ws.l(usenofp.o)
    0x08005d6c   0x00000036   Data   RO          625    .constdata          uart.o
    0x08005da2   0x00000002   PAD
    0x08005da4   0x00000008   Data   RO          780    .constdata          c_w.l(_printf_wctomb.o)
    0x08005dac   0x00000028   Data   RO          809    .constdata          c_w.l(_printf_hex_int_ll_ptr.o)
    0x08005dd4   0x00000011   Data   RO          829    .constdata          c_w.l(__printf_flags_ss_wp.o)
    0x08005de5   0x00000026   Data   RO          905    .constdata          c_w.l(_printf_fp_hex.o)
    0x08005e0b   0x00000001   PAD
    0x08005e0c   0x00000094   Data   RO          943    .constdata          c_w.l(bigflt0.o)
    0x08005ea0   0x00000020   Data   RO         1105    Region$$Table       anon$$obj.o
    0x08005ec0   0x0000001c   Data   RO          967    locale$$data        c_w.l(lc_numeric_c.o)
    0x08005edc   0x00000110   Data   RO          991    locale$$data        c_w.l(lc_ctype_c.o)


    Execution Region RW_IRAM1 (Base: 0x20000000, Size: 0x00003010, Max: 0x00005000, ABSOLUTE, COMPRESSED[0x0000072c])

    Base Addr    Size         Type   Attr      Idx    E Section Name        Object

    0x20000000   0x00000014   Data   RW          288    .data               stm32f10x_rcc.o
    0x20000014   0x00000014   Data   RW          386    .data               system_stm32f10x.o
    0x20000028   0x00000001   Data   RW          404    .data               leds.o
    0x20000029   0x00000003   PAD
    0x2000002c   0x0000000d   Data   RW          423    .data               ticks.o
    0x20000039   0x00000001   PAD
    0x2000003a   0x0000100b   Data   RW          448    .data               tft_display.o
    0x20001045   0x00000003   PAD
    0x20001048   0x00000035   Data   RW          626    .data               uart.o
    0x2000107d   0x00000003   PAD
    0x20001080   0x0000001c   Data   RW          662    .data               encoder.o
    0x2000109c   0x00000004   PAD
    0x200010a0   0x00001078   Data   RW          719    .data               main.o
    0x20002118   0x00000898   Zero   RW          447    .bss                tft_display.o
    0x200029b0   0x00000060   Zero   RW          987    .bss                c_w.l(libspace.o)
    0x20002a10   0x00000200   Zero   RW            2    HEAP                startup_stm32f10x_md.o
    0x20002c10   0x00000400   Zero   RW            1    STACK               startup_stm32f10x_md.o


==============================================================================

Image component sizes


      Code (inc. data)   RO Data    RW Data    ZI Data      Debug   Object Name

         0          0          0          0          0       4500   core_cm3.o
       472         34          0         28          0       2439   encoder.o
       188         16          0          1          0       1612   leds.o
       400         16          0       4216          0       2861   main.o
       220         22          0          0          0     237277   misc.o
       320          8          0          0          0        959   motor.o
        64         26        236          0       1536        848   startup_stm32f10x_md.o
       284         10          0          0          0       2223   stm32f10x_exti.o
       860         38          0          0          0       5701   stm32f10x_gpio.o
       932         36          0         20          0       8872   stm32f10x_rcc.o
       780         14          0          0          0       6582   stm32f10x_spi.o
      3610         88          0          0          0      43140   stm32f10x_tim.o
      1036         22          0          0          0       8424   stm32f10x_usart.o
       480         38          0         20          0       1831   system_stm32f10x.o
      3772        142          0       4107       2200      11762   tft_display.o
       486         26          0         13          0       2915   ticks.o
       692         78         54         53          0       5010   uart.o

    ----------------------------------------------------------------------
     14600        614        324       8472       3736     346956   Object Totals
         0          0         32          0          0          0   (incl. Generated)
         4          0          2         14          0          0   (incl. Padding)

    ----------------------------------------------------------------------

      Code (inc. data)   RO Data    RW Data    ZI Data      Debug   Library Member Name

       100          0          0          0          0          0   __dclz77c.o
         8          0          0          0          0         68   __main.o
       392          4         17          0          0         92   __printf_flags_ss_wp.o
        14          0          0          0          0         68   __printf_wp.o
         0          0          0          0          0          0   __rtentry.o
        12          0          0          0          0          0   __rtentry2.o
         6          0          0          0          0          0   __rtentry4.o
        52          8          0          0          0          0   __scatter.o
        28          0          0          0          0          0   __scatter_zi.o
         6          0          0          0          0          0   _printf_a.o
         6          0          0          0          0          0   _printf_c.o
        44          0          0          0          0        108   _printf_char.o
        48          6          0          0          0         96   _printf_char_common.o
        40          0          0          0          0         68   _printf_charcount.o
         6          0          0          0          0          0   _printf_d.o
       120         16          0          0          0         92   _printf_dec.o
         6          0          0          0          0          0   _printf_e.o
         6          0          0          0          0          0   _printf_f.o
      1050          0          0          0          0        216   _printf_fp_dec.o
       764         10         38          0          0        100   _printf_fp_hex.o
       128         16          0          0          0         84   _printf_fp_infnan.o
         6          0          0          0          0          0   _printf_g.o
       148          4         40          0          0        160   _printf_hex_int_ll_ptr.o
         6          0          0          0          0          0   _printf_i.o
       178          0          0          0          0         88   _printf_intcommon.o
        10          0          0          0          0          0   _printf_l.o
         6          0          0          0          0          0   _printf_lc.o
        10          0          0          0          0          0   _printf_ll.o
         6          0          0          0          0          0   _printf_lld.o
         6          0          0          0          0          0   _printf_lli.o
         6          0          0          0          0          0   _printf_llo.o
         6          0          0          0          0          0   _printf_llu.o
         6          0          0          0          0          0   _printf_llx.o
       124         16          0          0          0         92   _printf_longlong_dec.o
         6          0          0          0          0          0   _printf_ls.o
         6          0          0          0          0          0   _printf_n.o
         6          0          0          0          0          0   _printf_o.o
       112          8          0          0          0        124   _printf_oct_int_ll.o
         6          0          0          0          0          0   _printf_p.o
        78          0          0          0          0        108   _printf_pad.o
         0          0          0          0          0          0   _printf_percent.o
         4          0          0          0          0          0   _printf_percent_end.o
         6          0          0          0          0          0   _printf_s.o
        82          0          0          0          0         80   _printf_str.o
        36          0          0          0          0         84   _printf_truncate.o
         6          0          0          0          0          0   _printf_u.o
        44          0          0          0          0        108   _printf_wchar.o
       188          6          8          0          0         92   _printf_wctomb.o
         6          0          0          0          0          0   _printf_x.o
        10          0          0          0          0         68   _sputc.o
        64          0          0          0          0         92   _wcrtomb.o
        22          0          0          0          0         80   abort.o
       128         42          0          0          0         76   assert.o
        20          0          0          0          0         76   assert_puts.o
       220          4        148          0          0         96   bigflt0.o
      1910        128          0          0          0        672   btod.o
        48         34          0          0          0         76   defsig_abrt_inner.o
        14          0          0          0          0         80   defsig_abrt_outer.o
        10          0          0          0          0         68   defsig_exit.o
        50          0          0          0          0         88   defsig_general.o
        18          0          0          0          0         80   exit.o
         6          0          0          0          0        152   heapauxi.o
         0          0          0          0          0          0   indicate_semi.o
        44         10        272          0          0         76   lc_ctype_c.o
        44         10         28          0          0         76   lc_numeric_c.o
         2          0          0          0          0          0   libinit.o
        30          0          0          0          0          0   libinit2.o
         2          0          0          0          0          0   libshutdown.o
         2          0          0          0          0          0   libshutdown2.o
         8          4          0          0         96         68   libspace.o
       138          0          0          0          0         80   lludiv10.o
        16          4          0          0          0         76   rt_ctype_table.o
         8          4          0          0          0         68   rt_locale_intlibspace.o
         2          0          0          0          0          0   rtexit.o
        10          0          0          0          0          0   rtexit2.o
       128          0          0          0          0         68   strcmpv7m.o
        12          4          0          0          0         68   sys_exit.o
        74          0          0          0          0         80   sys_stackheap_outer.o
        14          0          0          0          0         76   sys_wrch.o
         2          0          0          0          0         68   use_no_semi.o
        36          4          0          0          0         76   vsprintf.o
       826         16          0          0          0        348   daddsub_clz.o
       310          8          0          0          0        180   dcmp4.o
        24          0          0          0          0         68   dcmpi.o
        94          4          0          0          0         92   dfix.o
        46          0          0          0          0         68   dflt_clz.o
       120          4          0          0          0         92   dleqf.o
       156          4          0          0          0         92   dnaninf.o
        12          0          0          0          0         68   dretinf.o
       108          0          0          0          0         80   drleqf.o
         4          0          0          0          0         68   printf1.o
         4          0          0          0          0         68   printf2.o
         0          0          0          0          0          0   usenofp.o
       220         16          0          0          0         84   ceil.o
        66          0          0          0          0         84   fmin.o
        40          0          0          0          0         68   fpclassify.o

    ----------------------------------------------------------------------
      9080        394        552          0         96       5972   Library Totals
        18          0          1          0          0          0   (incl. Padding)

    ----------------------------------------------------------------------

      Code (inc. data)   RO Data    RW Data    ZI Data      Debug   Library Name

      7032        342        551          0         96       4512   c_w.l
      1704         36          0          0          0       1224   fz_ws.l
       326         16          0          0          0        236   m_ws.l

    ----------------------------------------------------------------------
      9080        394        552          0         96       5972   Library Totals

    ----------------------------------------------------------------------

==============================================================================


      Code (inc. data)   RO Data    RW Data    ZI Data      Debug   

     23680       1008        876       8472       3832     347880   Grand Totals
     23680       1008        876       1836       3832     347880   ELF Image Totals (compressed)
     23680       1008        876       1836          0          0   ROM Totals

==============================================================================

    Total RO  Size (Code + RO Data)                24556 (  23.98kB)
    Total RW  Size (RW Data + ZI Data)             12304 (  12.02kB)
    Total ROM Size (Code + RO Data + RW Data)      26392 (  25.77kB)

==============================================================================

