Component: ARM Compiler 5.06 (build 20) Tool: armlink [4d35a3]

==============================================================================

Section Cross References

    startup_stm32f10x_md.o(STACK) refers (Special) to heapauxi.o(.text) for __use_two_region_memory
    startup_stm32f10x_md.o(HEAP) refers (Special) to heapauxi.o(.text) for __use_two_region_memory
    startup_stm32f10x_md.o(RESET) refers (Special) to heapauxi.o(.text) for __use_two_region_memory
    startup_stm32f10x_md.o(RESET) refers to startup_stm32f10x_md.o(STACK) for __initial_sp
    startup_stm32f10x_md.o(RESET) refers to startup_stm32f10x_md.o(.text) for Reset_Handler
    startup_stm32f10x_md.o(RESET) refers to ticks.o(.text) for TIM2_IRQHandler
    startup_stm32f10x_md.o(RESET) refers to uart.o(.text) for USART1_IRQHandler
    startup_stm32f10x_md.o(.text) refers (Special) to heapauxi.o(.text) for __use_two_region_memory
    startup_stm32f10x_md.o(.text) refers to system_stm32f10x.o(.text) for SystemInit
    startup_stm32f10x_md.o(.text) refers to __main.o(!!!main) for __main
    startup_stm32f10x_md.o(.text) refers to startup_stm32f10x_md.o(HEAP) for Heap_Mem
    startup_stm32f10x_md.o(.text) refers to startup_stm32f10x_md.o(STACK) for Stack_Mem
    stm32f10x_adc.o(.text) refers to stm32f10x_rcc.o(.text) for RCC_APB2PeriphResetCmd
    stm32f10x_bkp.o(.text) refers to stm32f10x_rcc.o(.text) for RCC_BackupResetCmd
    stm32f10x_can.o(.text) refers to stm32f10x_rcc.o(.text) for RCC_APB1PeriphResetCmd
    stm32f10x_cec.o(.text) refers to stm32f10x_rcc.o(.text) for RCC_APB1PeriphResetCmd
    stm32f10x_dac.o(.text) refers to stm32f10x_rcc.o(.text) for RCC_APB1PeriphResetCmd
    stm32f10x_gpio.o(.text) refers to stm32f10x_rcc.o(.text) for RCC_APB2PeriphResetCmd
    stm32f10x_i2c.o(.text) refers to stm32f10x_rcc.o(.text) for RCC_APB1PeriphResetCmd
    stm32f10x_pwr.o(.text) refers to stm32f10x_rcc.o(.text) for RCC_APB1PeriphResetCmd
    stm32f10x_rcc.o(.text) refers to stm32f10x_rcc.o(.data) for APBAHBPrescTable
    stm32f10x_spi.o(.text) refers to stm32f10x_rcc.o(.text) for RCC_APB2PeriphResetCmd
    stm32f10x_tim.o(.text) refers to stm32f10x_rcc.o(.text) for RCC_APB2PeriphResetCmd
    stm32f10x_usart.o(.text) refers to stm32f10x_rcc.o(.text) for RCC_APB2PeriphResetCmd
    stm32f10x_wwdg.o(.text) refers to stm32f10x_rcc.o(.text) for RCC_APB1PeriphResetCmd
    system_stm32f10x.o(.text) refers to system_stm32f10x.o(.data) for SystemCoreClock
    leds.o(.text) refers to stm32f10x_rcc.o(.text) for RCC_APB2PeriphClockCmd
    leds.o(.text) refers to stm32f10x_gpio.o(.text) for GPIO_PinRemapConfig
    leds.o(.text) refers to leds.o(.data) for state
    ticks.o(.text) refers to stm32f10x_rcc.o(.text) for RCC_APB1PeriphClockCmd
    ticks.o(.text) refers to stm32f10x_tim.o(.text) for TIM_TimeBaseInit
    ticks.o(.text) refers to misc.o(.text) for NVIC_Init
    ticks.o(.text) refers to ticks.o(.emb_text) for simple_delay10_us
    ticks.o(.text) refers to ticks.o(.data) for ticks
    ticks.o(.text) refers to system_stm32f10x.o(.data) for SystemCoreClock
    tft_display.o(.text) refers to stm32f10x_rcc.o(.text) for RCC_APB2PeriphClockCmd
    tft_display.o(.text) refers to stm32f10x_gpio.o(.text) for GPIO_PinRemapConfig
    tft_display.o(.text) refers to stm32f10x_spi.o(.text) for SPI_Init
    tft_display.o(.text) refers to ticks.o(.text) for _delay_ms
    tft_display.o(.text) refers to tft_display.o(.data) for prints_enabled
    tft_display.o(.text) refers to vsprintf.o(.text) for vsprintf
    tft_display.o(.text) refers to tft_display.o(.bss) for text
    linear_ccd.o(.text) refers to stm32f10x_gpio.o(.text) for GPIO_SetBits
    linear_ccd.o(.text) refers to adc.o(.text) for get_adc
    linear_ccd.o(.text) refers to linear_ccd.o(.bss) for linear_ccd_buffer1
    adc.o(.text) refers to stm32f10x_rcc.o(.text) for RCC_AHBPeriphClockCmd
    adc.o(.text) refers to stm32f10x_dma.o(.text) for DMA_DeInit
    adc.o(.text) refers to stm32f10x_gpio.o(.text) for GPIO_Init
    adc.o(.text) refers to stm32f10x_adc.o(.text) for ADC_Init
    adc.o(.text) refers to adc.o(.bss) for adc_value
    pneumatic_control.o(.text) refers to stm32f10x_rcc.o(.text) for RCC_APB2PeriphClockCmd
    pneumatic_control.o(.text) refers to stm32f10x_gpio.o(.text) for GPIO_Init
    gpio_switch.o(.text) refers to stm32f10x_rcc.o(.text) for RCC_APB2PeriphClockCmd
    gpio_switch.o(.text) refers to stm32f10x_gpio.o(.text) for GPIO_Init
    gpio_switch.o(.text) refers to buzzer.o(.text) for buzzer_play_song
    gpio_switch.o(.text) refers to buzzer_song.o(.constdata) for FAIL_SOUND
    button.o(.text) refers to stm32f10x_rcc.o(.text) for RCC_APB2PeriphClockCmd
    button.o(.text) refers to stm32f10x_gpio.o(.text) for GPIO_Init
    button.o(.text) refers to buzzer.o(.text) for buzzer_play_song
    button.o(.text) refers to buzzer_song.o(.constdata) for FAIL_SOUND
    motor.o(.text) refers to stm32f10x_rcc.o(.text) for RCC_APB2PeriphClockCmd
[...]
    _printf_o                                0x080001e9   Thumb Code     0  _printf_o.o(.ARM.Collect$$_printf_percent$$0000000B)
    _printf_x                                0x080001ef   Thumb Code     0  _printf_x.o(.ARM.Collect$$_printf_percent$$0000000C)
    _printf_lli                              0x080001f5   Thumb Code     0  _printf_lli.o(.ARM.Collect$$_printf_percent$$0000000D)
    _printf_lld                              0x080001fb   Thumb Code     0  _printf_lld.o(.ARM.Collect$$_printf_percent$$0000000E)
    _printf_llu                              0x08000201   Thumb Code     0  _printf_llu.o(.ARM.Collect$$_printf_percent$$0000000F)
    _printf_llo                              0x08000207   Thumb Code     0  _printf_llo.o(.ARM.Collect$$_printf_percent$$00000010)
    _printf_llx                              0x0800020d   Thumb Code     0  _printf_llx.o(.ARM.Collect$$_printf_percent$$00000011)
    _printf_l                                0x08000213   Thumb Code     0  _printf_l.o(.ARM.Collect$$_printf_percent$$00000012)
    _printf_c                                0x0800021d   Thumb Code     0  _printf_c.o(.ARM.Collect$$_printf_percent$$00000013)
    _printf_s                                0x08000223   Thumb Code     0  _printf_s.o(.ARM.Collect$$_printf_percent$$00000014)
    _printf_lc                               0x08000229   Thumb Code     0  _printf_lc.o(.ARM.Collect$$_printf_percent$$00000015)
    _printf_ls                               0x0800022f   Thumb Code     0  _printf_ls.o(.ARM.Collect$$_printf_percent$$00000016)
    _printf_percent_end                      0x08000235   Thumb Code     0  _printf_percent_end.o(.ARM.Collect$$_printf_percent$$00000017)
    __rt_lib_init                            0x08000239   Thumb Code     0  libinit.o(.ARM.Collect$$libinit$$00000000)
    __rt_lib_init_fp_1                       0x0800023b   Thumb Code     0  libinit2.o(.ARM.Collect$$libinit$$00000002)
    __rt_lib_init_heap_1                     0x0800023b   Thumb Code     0  libinit2.o(.ARM.Collect$$libinit$$0000000A)
    __rt_lib_init_lc_common                  0x0800023b   Thumb Code     0  libinit2.o(.ARM.Collect$$libinit$$0000000F)
    __rt_lib_init_preinit_1                  0x0800023b   Thumb Code     0  libinit2.o(.ARM.Collect$$libinit$$00000004)
    __rt_lib_init_rand_1                     0x0800023b   Thumb Code     0  libinit2.o(.ARM.Collect$$libinit$$0000000E)
    __rt_lib_init_user_alloc_1               0x0800023b   Thumb Code     0  libinit2.o(.ARM.Collect$$libinit$$0000000C)
    __rt_lib_init_lc_collate_1               0x08000241   Thumb Code     0  libinit2.o(.ARM.Collect$$libinit$$00000011)
    __rt_lib_init_lc_ctype_2                 0x08000241   Thumb Code     0  libinit2.o(.ARM.Collect$$libinit$$00000012)
    __rt_lib_init_lc_ctype_1                 0x0800024d   Thumb Code     0  libinit2.o(.ARM.Collect$$libinit$$00000013)
    __rt_lib_init_lc_monetary_1              0x0800024d   Thumb Code     0  libinit2.o(.ARM.Collect$$libinit$$00000015)
    __rt_lib_init_lc_numeric_2               0x0800024d   Thumb Code     0  libinit2.o(.ARM.Collect$$libinit$$00000016)
    __rt_lib_init_alloca_1                   0x08000257   Thumb Code     0  libinit2.o(.ARM.Collect$$libinit$$0000002E)
    __rt_lib_init_argv_1                     0x08000257   Thumb Code     0  libinit2.o(.ARM.Collect$$libinit$$0000002C)
    __rt_lib_init_atexit_1                   0x08000257   Thumb Code     0  libinit2.o(.ARM.Collect$$libinit$$0000001B)
    __rt_lib_init_clock_1                    0x08000257   Thumb Code     0  libinit2.o(.ARM.Collect$$libinit$$00000021)
    __rt_lib_init_cpp_1                      0x08000257   Thumb Code     0  libinit2.o(.ARM.Collect$$libinit$$00000032)
    __rt_lib_init_exceptions_1               0x08000257   Thumb Code     0  libinit2.o(.ARM.Collect$$libinit$$00000030)
    __rt_lib_init_fp_trap_1                  0x08000257   Thumb Code     0  libinit2.o(.ARM.Collect$$libinit$$0000001F)
    __rt_lib_init_getenv_1                   0x08000257   Thumb Code     0  libinit2.o(.ARM.Collect$$libinit$$00000023)
    __rt_lib_init_lc_numeric_1               0x08000257   Thumb Code     0  libinit2.o(.ARM.Collect$$libinit$$00000017)
    __rt_lib_init_lc_time_1                  0x08000257   Thumb Code     0  libinit2.o(.ARM.Collect$$libinit$$00000019)
    __rt_lib_init_return                     0x08000257   Thumb Code     0  libinit2.o(.ARM.Collect$$libinit$$00000033)
    __rt_lib_init_signal_1                   0x08000257   Thumb Code     0  libinit2.o(.ARM.Collect$$libinit$$0000001D)
    __rt_lib_init_stdio_1                    0x08000257   Thumb Code     0  libinit2.o(.ARM.Collect$$libinit$$00000025)
    __rt_lib_shutdown                        0x08000259   Thumb Code     0  libshutdown.o(.ARM.Collect$$libshutdown$$00000000)
    __rt_lib_shutdown_cpp_1                  0x0800025b   Thumb Code     0  libshutdown2.o(.ARM.Collect$$libshutdown$$00000002)
    __rt_lib_shutdown_fp_trap_1              0x0800025b   Thumb Code     0  libshutdown2.o(.ARM.Collect$$libshutdown$$00000007)
    __rt_lib_shutdown_heap_1                 0x0800025b   Thumb Code     0  libshutdown2.o(.ARM.Collect$$libshutdown$$0000000F)
    __rt_lib_shutdown_return                 0x0800025b   Thumb Code     0  libshutdown2.o(.ARM.Collect$$libshutdown$$00000010)
    __rt_lib_shutdown_signal_1               0x0800025b   Thumb Code     0  libshutdown2.o(.ARM.Collect$$libshutdown$$0000000A)
    __rt_lib_shutdown_stdio_1                0x0800025b   Thumb Code     0  libshutdown2.o(.ARM.Collect$$libshutdown$$00000004)
    __rt_lib_shutdown_user_alloc_1           0x0800025b   Thumb Code     0  libshutdown2.o(.ARM.Collect$$libshutdown$$0000000C)
    __rt_entry                               0x0800025d   Thumb Code     0  __rtentry.o(.ARM.Collect$$rtentry$$00000000)
    __rt_entry_presh_1                       0x0800025d   Thumb Code     0  __rtentry2.o(.ARM.Collect$$rtentry$$00000002)
    __rt_entry_sh                            0x0800025d   Thumb Code     0  __rtentry4.o(.ARM.Collect$$rtentry$$00000004)
    __rt_entry_li                            0x08000263   Thumb Code     0  __rtentry2.o(.ARM.Collect$$rtentry$$0000000A)
    __rt_entry_postsh_1                      0x08000263   Thumb Code     0  __rtentry2.o(.ARM.Collect$$rtentry$$00000009)
    __rt_entry_main                          0x08000267   Thumb Code     0  __rtentry2.o(.ARM.Collect$$rtentry$$0000000D)
    __rt_entry_postli_1                      0x08000267   Thumb Code     0  __rtentry2.o(.ARM.Collect$$rtentry$$0000000C)
    __rt_exit                                0x0800026f   Thumb Code     0  rtexit.o(.ARM.Collect$$rtexit$$00000000)
    __rt_exit_ls                             0x08000271   Thumb Code     0  rtexit2.o(.ARM.Collect$$rtexit$$00000003)
    __rt_exit_prels_1                        0x08000271   Thumb Code     0  rtexit2.o(.ARM.Collect$$rtexit$$00000002)
    __rt_exit_exit                           0x08000275   Thumb Code     0  rtexit2.o(.ARM.Collect$$rtexit$$00000004)
    simple_delay10_us                        0x0800027d   Thumb Code    14  ticks.o(.emb_text)
    Reset_Handler                            0x0800028d   Thumb Code     8  startup_stm32f10x_md.o(.text)
    NMI_Handler                              0x08000295   Thumb Code     2  startup_stm32f10x_md.o(.text)
    HardFault_Handler                        0x08000297   Thumb Code     2  startup_stm32f10x_md.o(.text)
    MemManage_Handler                        0x08000299   Thumb Code     2  startup_stm32f10x_md.o(.text)
    BusFault_Handler                         0x0800029b   Thumb Code     2  startup_stm32f10x_md.o(.text)
    UsageFault_Handler                       0x0800029d   Thumb Code     2  startup_stm32f10x_md.o(.text)
    SVC_Handler                              0x0800029f   Thumb Code     2  startup_stm32f10x_md.o(.text)
    DebugMon_Handler                         0x080002a1   Thumb Code     2  startup_stm32f10x_md.o(.text)
    PendSV_Handler                           0x080002a3   Thumb Code     2  startup_stm32f10x_md.o(.text)
    SysTick_Handler                          0x080002a5   Thumb Code     2  startup_stm32f10x_md.o(.text)
    ADC1_2_IRQHandler                        0x080002a7   Thumb Code     0  startup_stm32f10x_md.o(.text)
    CAN1_RX1_IRQHandler                      0x080002a7   Thumb Code     0  startup_stm32f10x_md.o(.text)
    CAN1_SCE_IRQHandler                      0x080002a7   Thumb Code     0  startup_stm32f10x_md.o(.text)
    DMA1_Channel1_IRQHandler                 0x080002a7   Thumb Code     0  startup_stm32f10x_md.o(.text)
    DMA1_Channel2_IRQHandler                 0x080002a7   Thumb Code     0  startup_stm32f10x_md.o(.text)
    DMA1_Channel3_IRQHandler                 0x080002a7   Thumb Code     0  startup_stm32f10x_md.o(.text)
    DMA1_Channel4_IRQHandler                 0x080002a7   Thumb Code     0  startup_stm32f10x_md.o(.text)
    DMA1_Channel5_IRQHandler                 0x080002a7   Thumb Code     0  startup_stm32f10x_md.o(.text)
    DMA1_Channel6_IRQHandler                 0x080002a7   Thumb Code     0  startup_stm32f10x_md.o(.text)
    DMA1_Channel7_IRQHandler                 0x080002a7   Thumb Code     0  startup_stm32f10x_md.o(.text)
    EXTI0_IRQHandler                         0x080002a7   Thumb Code     0  startup_stm32f10x_md.o(.text)
    EXTI15_10_IRQHandler                     0x080002a7   Thumb Code     0  startup_stm32f10x_md.o(.text)
    EXTI1_IRQHandler                         0x080002a7   Thumb Code     0  startup_stm32f10x_md.o(.text)
    EXTI2_IRQHandler                         0x080002a7   Thumb Code     0  startup_stm32f10x_md.o(.text)
    EXTI3_IRQHandler                         0x080002a7   Thumb Code     0  startup_stm32f10x_md.o(.text)
    EXTI4_IRQHandler                         0x080002a7   Thumb Code     0  startup_stm32f10x_md.o(.text)
    EXTI9_5_IRQHandler                       0x080002a7   Thumb Code     0  startup_stm32f10x_md.o(.text)
    FLASH_IRQHandler                         0x080002a7   Thumb Code     0  startup_stm32f10x_md.o(.text)
    I2C1_ER_IRQHandler                       0x080002a7   Thumb Code     0  startup_stm32f10x_md.o(.text)
    I2C1_EV_IRQHandler                       0x080002a7   Thumb Code     0  startup_stm32f10x_md.o(.text)
    I2C2_ER_IRQHandler                       0x080002a7   Thumb Code     0  startup_stm32f10x_md.o(.text)
    I2C2_EV_IRQHandler                       0x080002a7   Thumb Code     0  startup_stm32f10x_md.o(.text)
    PVD_IRQHandler                           0x080002a7   Thumb Code     0  startup_stm32f10x_md.o(.text)
    RCC_IRQHandler                           0x080002a7   Thumb Code     0  startup_stm32f10x_md.o(.text)
    RTCAlarm_IRQHandler                      0x080002a7   Thumb Code     0  startup_stm32f10x_md.o(.text)
    RTC_IRQHandler                           0x080002a7   Thumb Code     0  startup_stm32f10x_md.o(.text)
    SPI1_IRQHandler                          0x080002a7   Thumb Code     0  startup_stm32f10x_md.o(.text)
    SPI2_IRQHandler                          0x080002a7   Thumb Code     0  startup_stm32f10x_md.o(.text)
    TAMPER_IRQHandler                        0x080002a7   Thumb Code     0  startup_stm32f10x_md.o(.text)
    TIM1_BRK_IRQHandler                      0x080002a7   Thumb Code     0  startup_stm32f10x_md.o(.text)
    TIM1_CC_IRQHandler                       0x080002a7   Thumb Code     0  startup_stm32f10x_md.o(.text)
    TIM1_TRG_COM_IRQHandler                  0x080002a7   Thumb Code     0  startup_stm32f10x_md.o(.text)
    TIM1_UP_IRQHandler                       0x080002a7   Thumb Code     0  startup_stm32f10x_md.o(.text)
    TIM3_IRQHandler                          0x080002a7   Thumb Code     0  startup_stm32f10x_md.o(.text)
    TIM4_IRQHandler                          0x080002a7   Thumb Code     0  startup_stm32f10x_md.o(.text)
    USART2_IRQHandler                        0x080002a7   Thumb Code     0  startup_stm32f10x_md.o(.text)
    USBWakeUp_IRQHandler                     0x080002a7   Thumb Code     0  startup_stm32f10x_md.o(.text)
    USB_HP_CAN1_TX_IRQHandler                0x080002a7   Thumb Code     0  startup_stm32f10x_md.o(.text)
    USB_LP_CAN1_RX0_IRQHandler               0x080002a7   Thumb Code     0  startup_stm32f10x_md.o(.text)
    WWDG_IRQHandler                          0x080002a7   Thumb Code     0  startup_stm32f10x_md.o(.text)
    __user_initial_stackheap                 0x080002a9   Thumb Code     0  startup_stm32f10x_md.o(.text)
    NVIC_PriorityGroupConfig                 0x080002cd   Thumb Code    10  misc.o(.text)
    NVIC_Init                                0x080002d7   Thumb Code   100  misc.o(.text)
    NVIC_SetVectorTable                      0x0800033b   Thumb Code    14  misc.o(.text)
    NVIC_SystemLPConfig                      0x08000349   Thumb Code    34  misc.o(.text)
    SysTick_CLKSourceConfig                  0x0800036b   Thumb Code    40  misc.o(.text)
    ADC_DeInit                               0x080003a9   Thumb Code    78  stm32f10x_adc.o(.text)
    ADC_Init                                 0x080003f7   Thumb Code    70  stm32f10x_adc.o(.text)
    ADC_StructInit                           0x0800043d   Thumb Code    18  stm32f10x_adc.o(.text)
    ADC_Cmd                                  0x0800044f   Thumb Code    22  stm32f10x_adc.o(.text)
    ADC_DMACmd                               0x08000465   Thumb Code    22  stm32f10x_adc.o(.text)
    ADC_ITConfig                             0x0800047b   Thumb Code    24  stm32f10x_adc.o(.text)
    ADC_ResetCalibration                     0x08000493   Thumb Code    10  stm32f10x_adc.o(.text)
    ADC_GetResetCalibrationStatus            0x0800049d   Thumb Code    20  stm32f10x_adc.o(.text)
    ADC_StartCalibration                     0x080004b1   Thumb Code    10  stm32f10x_adc.o(.text)
    ADC_GetCalibrationStatus                 0x080004bb   Thumb Code    20  stm32f10x_adc.o(.text)
    ADC_SoftwareStartConvCmd                 0x080004cf   Thumb Code    22  stm32f10x_adc.o(.text)
    ADC_GetSoftwareStartConvStatus           0x080004e5   Thumb Code    20  stm32f10x_adc.o(.text)
    ADC_DiscModeChannelCountConfig           0x080004f9   Thumb Code    24  stm32f10x_adc.o(.text)
    ADC_DiscModeCmd                          0x08000511   Thumb Code    22  stm32f10x_adc.o(.text)
    ADC_RegularChannelConfig                 0x08000527   Thumb Code   184  stm32f10x_adc.o(.text)
    ADC_ExternalTrigConvCmd                  0x080005df   Thumb Code    22  stm32f10x_adc.o(.text)
    ADC_GetConversionValue                   0x080005f5   Thumb Code     8  stm32f10x_adc.o(.text)
    ADC_GetDualModeConversionValue           0x080005fd   Thumb Code     8  stm32f10x_adc.o(.text)
    ADC_AutoInjectedConvCmd                  0x08000605   Thumb Code    22  stm32f10x_adc.o(.text)
    ADC_InjectedDiscModeCmd                  0x0800061b   Thumb Code    22  stm32f10x_adc.o(.text)
    ADC_ExternalTrigInjectedConvConfig       0x08000631   Thumb Code    16  stm32f10x_adc.o(.text)
    ADC_ExternalTrigInjectedConvCmd          0x08000641   Thumb Code    22  stm32f10x_adc.o(.text)
    ADC_SoftwareStartInjectedConvCmd         0x08000657   Thumb Code    22  stm32f10x_adc.o(.text)
    ADC_GetSoftwareStartInjectedConvCmdStatus 0x0800066d   Thumb Code    20  stm32f10x_adc.o(.text)
    ADC_InjectedChannelConfig                0x08000681   Thumb Code   130  stm32f10x_adc.o(.text)
    ADC_InjectedSequencerLengthConfig        0x08000703   Thumb Code    24  stm32f10x_adc.o(.text)
    ADC_SetInjectedOffset                    0x0800071b   Thumb Code    20  stm32f10x_adc.o(.text)
    ADC_GetInjectedConversionValue           0x0800072f   Thumb Code    28  stm32f10x_adc.o(.text)
    ADC_AnalogWatchdogCmd                    0x0800074b   Thumb Code    16  stm32f10x_adc.o(.text)
    ADC_AnalogWatchdogThresholdsConfig       0x0800075b   Thumb Code     6  stm32f10x_adc.o(.text)
    ADC_AnalogWatchdogSingleChannelConfig    0x08000761   Thumb Code    16  stm32f10x_adc.o(.text)
    ADC_TempSensorVrefintCmd                 0x08000771   Thumb Code    64  stm32f10x_adc.o(.text)
    ADC_GetFlagStatus                        0x080007b1   Thumb Code    18  stm32f10x_adc.o(.text)
    ADC_ClearFlag                            0x080007c3   Thumb Code     6  stm32f10x_adc.o(.text)
    ADC_GetITStatus                          0x080007c9   Thumb Code    36  stm32f10x_adc.o(.text)
    ADC_ClearITPendingBit                    0x080007ed   Thumb Code    10  stm32f10x_adc.o(.text)
    DMA_DeInit                               0x080007f9   Thumb Code   324  stm32f10x_dma.o(.text)
    DMA_Init                                 0x0800093d   Thumb Code    60  stm32f10x_dma.o(.text)
    DMA_StructInit                           0x08000979   Thumb Code    26  stm32f10x_dma.o(.text)
    DMA_Cmd                                  0x08000993   Thumb Code    24  stm32f10x_dma.o(.text)
    DMA_ITConfig                             0x080009ab   Thumb Code    18  stm32f10x_dma.o(.text)
    DMA_SetCurrDataCounter                   0x080009bd   Thumb Code     4  stm32f10x_dma.o(.text)
    DMA_GetCurrDataCounter                   0x080009c1   Thumb Code     8  stm32f10x_dma.o(.text)
    DMA_GetFlagStatus                        0x080009c9   Thumb Code    40  stm32f10x_dma.o(.text)
    DMA_ClearFlag                            0x080009f1   Thumb Code    22  stm32f10x_dma.o(.text)
    DMA_GetITStatus                          0x08000a07   Thumb Code    40  stm32f10x_dma.o(.text)
    DMA_ClearITPendingBit                    0x08000a2f   Thumb Code    22  stm32f10x_dma.o(.text)
    GPIO_DeInit                              0x08000a4d   Thumb Code   172  stm32f10x_gpio.o(.text)
    GPIO_AFIODeInit                          0x08000af9   Thumb Code    20  stm32f10x_gpio.o(.text)
    GPIO_Init                                0x08000b0d   Thumb Code   278  stm32f10x_gpio.o(.text)
    GPIO_StructInit                          0x08000c23   Thumb Code    16  stm32f10x_gpio.o(.text)
    GPIO_ReadInputDataBit                    0x08000c33   Thumb Code    18  stm32f10x_gpio.o(.text)
    GPIO_ReadInputData                       0x08000c45   Thumb Code     8  stm32f10x_gpio.o(.text)
    GPIO_ReadOutputDataBit                   0x08000c4d   Thumb Code    18  stm32f10x_gpio.o(.text)
    GPIO_ReadOutputData                      0x08000c5f   Thumb Code     8  stm32f10x_gpio.o(.text)
    GPIO_SetBits                             0x08000c67   Thumb Code     4  stm32f10x_gpio.o(.text)
    GPIO_ResetBits                           0x08000c6b   Thumb Code     4  stm32f10x_gpio.o(.text)
    GPIO_WriteBit                            0x08000c6f   Thumb Code    10  stm32f10x_gpio.o(.text)
    GPIO_Write                               0x08000c79   Thumb Code     4  stm32f10x_gpio.o(.text)
    GPIO_PinLockConfig                       0x08000c7d   Thumb Code    18  stm32f10x_gpio.o(.text)
    GPIO_EventOutputConfig                   0x08000c8f   Thumb Code    26  stm32f10x_gpio.o(.text)
    GPIO_EventOutputCmd                      0x08000ca9   Thumb Code     6  stm32f10x_gpio.o(.text)
    GPIO_PinRemapConfig                      0x08000caf   Thumb Code   138  stm32f10x_gpio.o(.text)
    GPIO_EXTILineConfig                      0x08000d39   Thumb Code    66  stm32f10x_gpio.o(.text)
    GPIO_ETH_MediaInterfaceConfig            0x08000d7b   Thumb Code     8  stm32f10x_gpio.o(.text)
    RCC_DeInit                               0x08000da9   Thumb Code    64  stm32f10x_rcc.o(.text)
    RCC_HSEConfig                            0x08000de9   Thumb Code    70  stm32f10x_rcc.o(.text)
    RCC_GetFlagStatus                        0x08000e2f   Thumb Code    56  stm32f10x_rcc.o(.text)
    RCC_WaitForHSEStartUp                    0x08000e67   Thumb Code    56  stm32f10x_rcc.o(.text)
    RCC_AdjustHSICalibrationValue            0x08000e9f   Thumb Code    20  stm32f10x_rcc.o(.text)
    RCC_HSICmd                               0x08000eb3   Thumb Code     6  stm32f10x_rcc.o(.text)
    RCC_PLLConfig                            0x08000eb9   Thumb Code    24  stm32f10x_rcc.o(.text)
    RCC_PLLCmd                               0x08000ed1   Thumb Code     6  stm32f10x_rcc.o(.text)
    RCC_SYSCLKConfig                         0x08000ed7   Thumb Code    18  stm32f10x_rcc.o(.text)
    RCC_GetSYSCLKSource                      0x08000ee9   Thumb Code    10  stm32f10x_rcc.o(.text)
    RCC_HCLKConfig                           0x08000ef3   Thumb Code    18  stm32f10x_rcc.o(.text)
    RCC_PCLK1Config                          0x08000f05   Thumb Code    18  stm32f10x_rcc.o(.text)
    RCC_PCLK2Config                          0x08000f17   Thumb Code    20  stm32f10x_rcc.o(.text)
    RCC_ITConfig                             0x08000f2b   Thumb Code    26  stm32f10x_rcc.o(.text)
    RCC_USBCLKConfig                         0x08000f45   Thumb Code     8  stm32f10x_rcc.o(.text)
    RCC_ADCCLKConfig                         0x08000f4d   Thumb Code    18  stm32f10x_rcc.o(.text)
    RCC_LSEConfig                            0x08000f5f   Thumb Code    50  stm32f10x_rcc.o(.text)
    RCC_LSICmd                               0x08000f91   Thumb Code     6  stm32f10x_rcc.o(.text)
    RCC_RTCCLKConfig                         0x08000f97   Thumb Code    12  stm32f10x_rcc.o(.text)
    RCC_RTCCLKCmd                            0x08000fa3   Thumb Code     8  stm32f10x_rcc.o(.text)
    RCC_GetClocksFreq                        0x08000fab   Thumb Code   192  stm32f10x_rcc.o(.text)
    RCC_AHBPeriphClockCmd                    0x0800106b   Thumb Code    26  stm32f10x_rcc.o(.text)
    RCC_APB2PeriphClockCmd                   0x08001085   Thumb Code    26  stm32f10x_rcc.o(.text)
    RCC_APB1PeriphClockCmd                   0x0800109f   Thumb Code    26  stm32f10x_rcc.o(.text)
    RCC_APB2PeriphResetCmd                   0x080010b9   Thumb Code    26  stm32f10x_rcc.o(.text)
    RCC_APB1PeriphResetCmd                   0x080010d3   Thumb Code    26  stm32f10x_rcc.o(.text)
    RCC_BackupResetCmd                       0x080010ed   Thumb Code     8  stm32f10x_rcc.o(.text)
    RCC_ClockSecuritySystemCmd               0x080010f5   Thumb Code     6  stm32f10x_rcc.o(.text)
    RCC_MCOConfig                            0x080010fb   Thumb Code     6  stm32f10x_rcc.o(.text)
    RCC_ClearFlag                            0x08001101   Thumb Code    14  stm32f10x_rcc.o(.text)
    RCC_GetITStatus                          0x0800110f   Thumb Code    20  stm32f10x_rcc.o(.text)
    RCC_ClearITPendingBit                    0x08001123   Thumb Code     6  stm32f10x_rcc.o(.text)
    SPI_I2S_DeInit                           0x0800114d   Thumb Code    76  stm32f10x_spi.o(.text)
    SPI_Init                                 0x08001199   Thumb Code    60  stm32f10x_spi.o(.text)
    I2S_Init                                 0x080011d5   Thumb Code   226  stm32f10x_spi.o(.text)
    SPI_StructInit                           0x080012b7   Thumb Code    24  stm32f10x_spi.o(.text)
    I2S_StructInit                           0x080012cf   Thumb Code    20  stm32f10x_spi.o(.text)
    SPI_Cmd                                  0x080012e3   Thumb Code    24  stm32f10x_spi.o(.text)
    I2S_Cmd                                  0x080012fb   Thumb Code    24  stm32f10x_spi.o(.text)
    SPI_I2S_ITConfig                         0x08001313   Thumb Code    32  stm32f10x_spi.o(.text)
    SPI_I2S_DMACmd                           0x08001333   Thumb Code    18  stm32f10x_spi.o(.text)
    SPI_I2S_SendData                         0x08001345   Thumb Code     4  stm32f10x_spi.o(.text)
    SPI_I2S_ReceiveData                      0x08001349   Thumb Code     6  stm32f10x_spi.o(.text)
    SPI_NSSInternalSoftwareConfig            0x0800134f   Thumb Code    30  stm32f10x_spi.o(.text)
    SPI_SSOutputCmd                          0x0800136d   Thumb Code    24  stm32f10x_spi.o(.text)
    SPI_DataSizeConfig                       0x08001385   Thumb Code    18  stm32f10x_spi.o(.text)
    SPI_TransmitCRC                          0x08001397   Thumb Code    10  stm32f10x_spi.o(.text)
    SPI_CalculateCRC                         0x080013a1   Thumb Code    24  stm32f10x_spi.o(.text)
    SPI_GetCRC                               0x080013b9   Thumb Code    16  stm32f10x_spi.o(.text)
    SPI_GetCRCPolynomial                     0x080013c9   Thumb Code     6  stm32f10x_spi.o(.text)
    SPI_BiDirectionalLineConfig              0x080013cf   Thumb Code    28  stm32f10x_spi.o(.text)
    SPI_I2S_GetFlagStatus                    0x080013eb   Thumb Code    18  stm32f10x_spi.o(.text)
    SPI_I2S_ClearFlag                        0x080013fd   Thumb Code     6  stm32f10x_spi.o(.text)
    SPI_I2S_GetITStatus                      0x08001403   Thumb Code    52  stm32f10x_spi.o(.text)
    SPI_I2S_ClearITPendingBit                0x08001437   Thumb Code    20  stm32f10x_spi.o(.text)
    TIM_DeInit                               0x08001459   Thumb Code   424  stm32f10x_tim.o(.text)
    TIM_TimeBaseInit                         0x08001601   Thumb Code   122  stm32f10x_tim.o(.text)
    TIM_OC1Init                              0x0800167b   Thumb Code   132  stm32f10x_tim.o(.text)
    TIM_OC2Init                              0x080016ff   Thumb Code   154  stm32f10x_tim.o(.text)
    TIM_OC3Init                              0x08001799   Thumb Code   150  stm32f10x_tim.o(.text)
    TIM_OC4Init                              0x0800182f   Thumb Code   182  stm32f10x_tim.o(.text)
    TIM_SetIC4Prescaler                      0x080018e5   Thumb Code    26  stm32f10x_tim.o(.text)
    TIM_SetIC3Prescaler                      0x08001981   Thumb Code    18  stm32f10x_tim.o(.text)
    TIM_SetIC2Prescaler                      0x08001a0d   Thumb Code    26  stm32f10x_tim.o(.text)
    TIM_SetIC1Prescaler                      0x08001aa9   Thumb Code    18  stm32f10x_tim.o(.text)
    TIM_ICInit                               0x08001b27   Thumb Code   150  stm32f10x_tim.o(.text)
    TIM_PWMIConfig                           0x08001bbd   Thumb Code   124  stm32f10x_tim.o(.text)
    TIM_BDTRConfig                           0x08001c39   Thumb Code    32  stm32f10x_tim.o(.text)
    TIM_TimeBaseStructInit                   0x08001c59   Thumb Code    18  stm32f10x_tim.o(.text)
    TIM_OCStructInit                         0x08001c6b   Thumb Code    20  stm32f10x_tim.o(.text)
    TIM_ICStructInit                         0x08001c7f   Thumb Code    18  stm32f10x_tim.o(.text)
    TIM_BDTRStructInit                       0x08001c91   Thumb Code    40  stm32f10x_tim.o(.text)
    TIM_Cmd                                  0x08001cb9   Thumb Code    24  stm32f10x_tim.o(.text)
    TIM_CtrlPWMOutputs                       0x08001cd1   Thumb Code    30  stm32f10x_tim.o(.text)
    TIM_ITConfig                             0x08001cef   Thumb Code    18  stm32f10x_tim.o(.text)
    TIM_GenerateEvent                        0x08001d01   Thumb Code     4  stm32f10x_tim.o(.text)
    TIM_DMAConfig                            0x08001d05   Thumb Code    10  stm32f10x_tim.o(.text)
    TIM_DMACmd                               0x08001d0f   Thumb Code    18  stm32f10x_tim.o(.text)
    TIM_InternalClockConfig                  0x08001d21   Thumb Code    12  stm32f10x_tim.o(.text)
    TIM_SelectInputTrigger                   0x08001d2d   Thumb Code    18  stm32f10x_tim.o(.text)
    TIM_ITRxExternalClockConfig              0x08001d3f   Thumb Code    24  stm32f10x_tim.o(.text)
    TIM_TIxExternalClockConfig               0x08001d57   Thumb Code    62  stm32f10x_tim.o(.text)
    TIM_ETRConfig                            0x08001d95   Thumb Code    28  stm32f10x_tim.o(.text)
    TIM_ETRClockMode1Config                  0x08001db1   Thumb Code    54  stm32f10x_tim.o(.text)
    TIM_ETRClockMode2Config                  0x08001de7   Thumb Code    32  stm32f10x_tim.o(.text)
    TIM_PrescalerConfig                      0x08001e07   Thumb Code     6  stm32f10x_tim.o(.text)
    TIM_CounterModeConfig                    0x08001e0d   Thumb Code    18  stm32f10x_tim.o(.text)
    TIM_EncoderInterfaceConfig               0x08001e1f   Thumb Code    66  stm32f10x_tim.o(.text)
    TIM_ForcedOC1Config                      0x08001e61   Thumb Code    18  stm32f10x_tim.o(.text)
    TIM_ForcedOC2Config                      0x08001e73   Thumb Code    26  stm32f10x_tim.o(.text)
    TIM_ForcedOC3Config                      0x08001e8d   Thumb Code    18  stm32f10x_tim.o(.text)
    TIM_ForcedOC4Config                      0x08001e9f   Thumb Code    26  stm32f10x_tim.o(.text)
    TIM_ARRPreloadConfig                     0x08001eb9   Thumb Code    24  stm32f10x_tim.o(.text)
    TIM_SelectCOM                            0x08001ed1   Thumb Code    24  stm32f10x_tim.o(.text)
    TIM_SelectCCDMA                          0x08001ee9   Thumb Code    24  stm32f10x_tim.o(.text)
    TIM_CCPreloadControl                     0x08001f01   Thumb Code    24  stm32f10x_tim.o(.text)
    TIM_OC1PreloadConfig                     0x08001f19   Thumb Code    18  stm32f10x_tim.o(.text)
    TIM_OC2PreloadConfig                     0x08001f2b   Thumb Code    26  stm32f10x_tim.o(.text)
    TIM_OC3PreloadConfig                     0x08001f45   Thumb Code    18  stm32f10x_tim.o(.text)
    TIM_OC4PreloadConfig                     0x08001f57   Thumb Code    26  stm32f10x_tim.o(.text)
    TIM_OC1FastConfig                        0x08001f71   Thumb Code    18  stm32f10x_tim.o(.text)
    TIM_OC2FastConfig                        0x08001f83   Thumb Code    26  stm32f10x_tim.o(.text)
    TIM_OC3FastConfig                        0x08001f9d   Thumb Code    18  stm32f10x_tim.o(.text)
    TIM_OC4FastConfig                        0x08001faf   Thumb Code    26  stm32f10x_tim.o(.text)
    TIM_ClearOC1Ref                          0x08001fc9   Thumb Code    18  stm32f10x_tim.o(.text)
    TIM_ClearOC2Ref                          0x08001fdb   Thumb Code    24  stm32f10x_tim.o(.text)
    TIM_ClearOC3Ref                          0x08001ff3   Thumb Code    18  stm32f10x_tim.o(.text)
    TIM_ClearOC4Ref                          0x08002005   Thumb Code    24  stm32f10x_tim.o(.text)
    TIM_OC1PolarityConfig                    0x0800201d   Thumb Code    18  stm32f10x_tim.o(.text)
    TIM_OC1NPolarityConfig                   0x0800202f   Thumb Code    18  stm32f10x_tim.o(.text)
    TIM_OC2PolarityConfig                    0x08002041   Thumb Code    26  stm32f10x_tim.o(.text)
    TIM_OC2NPolarityConfig                   0x0800205b   Thumb Code    26  stm32f10x_tim.o(.text)
    TIM_OC3PolarityConfig                    0x08002075   Thumb Code    26  stm32f10x_tim.o(.text)
    TIM_OC3NPolarityConfig                   0x0800208f   Thumb Code    26  stm32f10x_tim.o(.text)
    TIM_OC4PolarityConfig                    0x080020a9   Thumb Code    26  stm32f10x_tim.o(.text)
    TIM_CCxCmd                               0x080020c3   Thumb Code    30  stm32f10x_tim.o(.text)
    TIM_CCxNCmd                              0x080020e1   Thumb Code    30  stm32f10x_tim.o(.text)
    TIM_SelectOCxM                           0x080020ff   Thumb Code    82  stm32f10x_tim.o(.text)
    TIM_UpdateDisableConfig                  0x08002151   Thumb Code    24  stm32f10x_tim.o(.text)
    TIM_UpdateRequestConfig                  0x08002169   Thumb Code    24  stm32f10x_tim.o(.text)
    TIM_SelectHallSensor                     0x08002181   Thumb Code    24  stm32f10x_tim.o(.text)
    TIM_SelectOnePulseMode                   0x08002199   Thumb Code    18  stm32f10x_tim.o(.text)
    TIM_SelectOutputTrigger                  0x080021ab   Thumb Code    18  stm32f10x_tim.o(.text)
    TIM_SelectSlaveMode                      0x080021bd   Thumb Code    18  stm32f10x_tim.o(.text)
    TIM_SelectMasterSlaveMode                0x080021cf   Thumb Code    18  stm32f10x_tim.o(.text)
    TIM_SetCounter                           0x080021e1   Thumb Code     4  stm32f10x_tim.o(.text)
    TIM_SetAutoreload                        0x080021e5   Thumb Code     4  stm32f10x_tim.o(.text)
    TIM_SetCompare1                          0x080021e9   Thumb Code     4  stm32f10x_tim.o(.text)
    TIM_SetCompare2                          0x080021ed   Thumb Code     4  stm32f10x_tim.o(.text)
    TIM_SetCompare3                          0x080021f1   Thumb Code     4  stm32f10x_tim.o(.text)
    TIM_SetCompare4                          0x080021f5   Thumb Code     6  stm32f10x_tim.o(.text)
    TIM_SetClockDivision                     0x080021fb   Thumb Code    18  stm32f10x_tim.o(.text)
    TIM_GetCapture1                          0x0800220d   Thumb Code     6  stm32f10x_tim.o(.text)
    TIM_GetCapture2                          0x08002213   Thumb Code     6  stm32f10x_tim.o(.text)
    TIM_GetCapture3                          0x08002219   Thumb Code     6  stm32f10x_tim.o(.text)
    TIM_GetCapture4                          0x0800221f   Thumb Code     8  stm32f10x_tim.o(.text)
    TIM_GetCounter                           0x08002227   Thumb Code     6  stm32f10x_tim.o(.text)
    TIM_GetPrescaler                         0x0800222d   Thumb Code     6  stm32f10x_tim.o(.text)
    TIM_GetFlagStatus                        0x08002233   Thumb Code    18  stm32f10x_tim.o(.text)
    TIM_ClearFlag                            0x08002245   Thumb Code     6  stm32f10x_tim.o(.text)
    TIM_GetITStatus                          0x0800224b   Thumb Code    34  stm32f10x_tim.o(.text)
    TIM_ClearITPendingBit                    0x0800226d   Thumb Code     6  stm32f10x_tim.o(.text)
    USART_DeInit                             0x08002275   Thumb Code   134  stm32f10x_usart.o(.text)
    USART_Init                               0x080022fb   Thumb Code   210  stm32f10x_usart.o(.text)
    USART_StructInit                         0x080023cd   Thumb Code    28  stm32f10x_usart.o(.text)
    USART_ClockInit                          0x080023e9   Thumb Code    34  stm32f10x_usart.o(.text)
    USART_ClockStructInit                    0x0800240b   Thumb Code    12  stm32f10x_usart.o(.text)
    USART_Cmd                                0x08002417   Thumb Code    24  stm32f10x_usart.o(.text)
    USART_ITConfig                           0x0800242f   Thumb Code    74  stm32f10x_usart.o(.text)
    USART_DMACmd                             0x08002479   Thumb Code    18  stm32f10x_usart.o(.text)
    USART_SetAddress                         0x0800248b   Thumb Code    18  stm32f10x_usart.o(.text)
    USART_WakeUpConfig                       0x0800249d   Thumb Code    18  stm32f10x_usart.o(.text)
    USART_ReceiverWakeUpCmd                  0x080024af   Thumb Code    24  stm32f10x_usart.o(.text)
    USART_LINBreakDetectLengthConfig         0x080024c7   Thumb Code    18  stm32f10x_usart.o(.text)
    USART_LINCmd                             0x080024d9   Thumb Code    24  stm32f10x_usart.o(.text)
    USART_SendData                           0x080024f1   Thumb Code     8  stm32f10x_usart.o(.text)
    USART_ReceiveData                        0x080024f9   Thumb Code    10  stm32f10x_usart.o(.text)
    USART_SendBreak                          0x08002503   Thumb Code    10  stm32f10x_usart.o(.text)
    USART_SetGuardTime                       0x0800250d   Thumb Code    16  stm32f10x_usart.o(.text)
    USART_SetPrescaler                       0x0800251d   Thumb Code    16  stm32f10x_usart.o(.text)
    USART_SmartCardCmd                       0x0800252d   Thumb Code    24  stm32f10x_usart.o(.text)
    USART_SmartCardNACKCmd                   0x08002545   Thumb Code    24  stm32f10x_usart.o(.text)
    USART_HalfDuplexCmd                      0x0800255d   Thumb Code    24  stm32f10x_usart.o(.text)
    USART_OverSampling8Cmd                   0x08002575   Thumb Code    22  stm32f10x_usart.o(.text)
    USART_OneBitMethodCmd                    0x0800258b   Thumb Code    24  stm32f10x_usart.o(.text)
    USART_IrDAConfig                         0x080025a3   Thumb Code    18  stm32f10x_usart.o(.text)
    USART_IrDACmd                            0x080025b5   Thumb Code    24  stm32f10x_usart.o(.text)
    USART_GetFlagStatus                      0x080025cd   Thumb Code    26  stm32f10x_usart.o(.text)
    USART_ClearFlag                          0x080025e7   Thumb Code    18  stm32f10x_usart.o(.text)
    USART_GetITStatus                        0x080025f9   Thumb Code    84  stm32f10x_usart.o(.text)
    USART_ClearITPendingBit                  0x0800264d   Thumb Code    52  stm32f10x_usart.o(.text)
    SystemInit                               0x0800275f   Thumb Code    78  system_stm32f10x.o(.text)
    SystemCoreClockUpdate                    0x080027ad   Thumb Code   142  system_stm32f10x.o(.text)
    LED_INIT                                 0x08002861   Thumb Code    88  leds.o(.text)
    LED_blink                                0x080028b9   Thumb Code    52  leds.o(.text)
    LED_OFF                                  0x080028ed   Thumb Code    16  leds.o(.text)
    LED_ON                                   0x080028fd   Thumb Code    16  leds.o(.text)
    get_us_ticks                             0x0800291d   Thumb Code     6  ticks.o(.text)
    get_ms_ticks                             0x08002923   Thumb Code     6  ticks.o(.text)
    get_second_ticks                         0x08002929   Thumb Code     6  ticks.o(.text)
    get_real_ticks                           0x0800292f   Thumb Code    22  ticks.o(.text)
    ticks_init                               0x08002945   Thumb Code   116  ticks.o(.text)
    TIM2_IRQHandler                          0x080029b9   Thumb Code    54  ticks.o(.text)
    _delay_us                                0x080029ef   Thumb Code    94  ticks.o(.text)
    simple_delay1_ms                         0x08002a4d   Thumb Code    22  ticks.o(.text)
    _delay_ms                                0x08002a63   Thumb Code   120  ticks.o(.text)
    tft_prints_enable                        0x08002af5   Thumb Code     6  tft_display.o(.text)
    tft_spi_init                             0x08002afb   Thumb Code   224  tft_display.o(.text)
    tft_write_command                        0x08002bdb   Thumb Code    72  tft_display.o(.text)
    tft_write_data                           0x08002c23   Thumb Code    72  tft_display.o(.text)
    tft_config                               0x08002c6b   Thumb Code   514  tft_display.o(.text)
    tft_reset                                0x08002e6d   Thumb Code    32  tft_display.o(.text)
    tft_fill_color                           0x08002e8d   Thumb Code   116  tft_display.o(.text)
    tft_set_special_color                    0x08002f01   Thumb Code     6  tft_display.o(.text)
    tft_set_text_color                       0x08002f07   Thumb Code     6  tft_display.o(.text)
    tft_set_bg_color                         0x08002f0d   Thumb Code     6  tft_display.o(.text)
    tft_init                                 0x08002f13   Thumb Code   172  tft_display.o(.text)
    tft_enable                               0x08002fbf   Thumb Code     8  tft_display.o(.text)
    tft_disable                              0x08002fc7   Thumb Code     8  tft_display.o(.text)
    tft_get_bg_color                         0x08002fcf   Thumb Code     6  tft_display.o(.text)
    tft_get_text_color                       0x08002fd5   Thumb Code     6  tft_display.o(.text)
    tft_get_special_text_color               0x08002fdb   Thumb Code     6  tft_display.o(.text)
    tft_get_orientation                      0x08002fe1   Thumb Code     6  tft_display.o(.text)
    tft_force_clear                          0x08002fe7   Thumb Code    86  tft_display.o(.text)
    tft_set_orientation                      0x0800303d   Thumb Code    28  tft_display.o(.text)
    tft_get_max_x_char                       0x08003059   Thumb Code    24  tft_display.o(.text)
    tft_get_max_y_char                       0x08003071   Thumb Code    24  tft_display.o(.text)
    tft_set_pixel_pos                        0x08003089   Thumb Code    78  tft_display.o(.text)
    tft_set_char_pos                         0x080030d7   Thumb Code    82  tft_display.o(.text)
    tft_clear_line                           0x08003129   Thumb Code    68  tft_display.o(.text)
    tft_clear                                0x0800316d   Thumb Code    22  tft_display.o(.text)
    tft_toggle                               0x08003183   Thumb Code    34  tft_display.o(.text)
    tft_put_pixel                            0x080031a5   Thumb Code   100  tft_display.o(.text)
    tft_char_is_changed                      0x08003209   Thumb Code   186  tft_display.o(.text)
    tft_prints                               0x080032c3   Thumb Code   268  tft_display.o(.text)
    tft_clear_row                            0x080033cf   Thumb Code    16  tft_display.o(.text)
    tft_update                               0x080033df   Thumb Code  1474  tft_display.o(.text)
    delay_57                                 0x080039b1   Thumb Code    14  linear_ccd.o(.text)
    CLK                                      0x080039bf   Thumb Code    36  linear_ccd.o(.text)
    SI                                       0x080039e3   Thumb Code    28  linear_ccd.o(.text)
    AO1                                      0x080039ff   Thumb Code    34  linear_ccd.o(.text)
    AO2                                      0x08003a21   Thumb Code    32  linear_ccd.o(.text)
    linear_ccd_read                          0x08003a41   Thumb Code   160  linear_ccd.o(.text)
    linear_ccd_init                          0x08003ae1   Thumb Code    84  linear_ccd.o(.text)
    linear_ccd_print                         0x08003b35   Thumb Code     2  linear_ccd.o(.text)
    linear_ccd_clear                         0x08003b37   Thumb Code     2  linear_ccd.o(.text)
    adc_init                                 0x08003b45   Thumb Code   296  adc.o(.text)
    get_adc                                  0x08003c6d   Thumb Code    12  adc.o(.text)
    GPIO_switch_init                         0x08003c8d   Thumb Code    40  gpio_switch.o(.text)
    read_GPIO_switch                         0x08003cb5   Thumb Code    16  gpio_switch.o(.text)
    check_switch                             0x08003cc5   Thumb Code    62  gpio_switch.o(.text)
    button_init                              0x08003d0d   Thumb Code    40  button.o(.text)
    read_button                              0x08003d35   Thumb Code    30  button.o(.text)
    check_button                             0x08003d53   Thumb Code    38  button.o(.text)
    motor_init                               0x08003d81   Thumb Code   216  motor.o(.text)
    motor_control                            0x08003e59   Thumb Code    96  motor.o(.text)
    buzzer_off                               0x08003ec1   Thumb Code    12  buzzer.o(.text)
    buzzer_init                              0x08003ecd   Thumb Code   214  buzzer.o(.text)
    buzzer_on                                0x08003fa3   Thumb Code    42  buzzer.o(.text)
    get_note_period                          0x08003fcd   Thumb Code    54  buzzer.o(.text)
    buzzer_set_note_period                   0x08004003   Thumb Code    32  buzzer.o(.text)
    buzzer_check                             0x08004023   Thumb Code   280  buzzer.o(.text)
    buzzer_stop_song                         0x0800413b   Thumb Code     8  buzzer.o(.text)
    buzzer_control                           0x08004143   Thumb Code    42  buzzer.o(.text)
    buzzer_set_volume                        0x0800416d   Thumb Code    12  buzzer.o(.text)
    buzzer_control_note                      0x08004179   Thumb Code    38  buzzer.o(.text)
    buzzer_play_song                         0x0800419f   Thumb Code    84  buzzer.o(.text)
    uart_init                                0x0800423d   Thumb Code   192  uart.o(.text)
    uart_interrupt                           0x080042fd   Thumb Code    62  uart.o(.text)
    uart_printf_enable                       0x0800433b   Thumb Code     6  uart.o(.text)
    uart_printf_disable                      0x08004341   Thumb Code     8  uart.o(.text)
    uart_tx_byte                             0x08004349   Thumb Code    38  uart.o(.text)
    uart_tx                                  0x0800436f   Thumb Code    54  uart.o(.text)
    uart_rx_byte                             0x080043a5   Thumb Code    36  uart.o(.text)
    uart_interrupt_init                      0x080043c9   Thumb Code    56  uart.o(.text)
    USART1_IRQHandler                        0x08004401   Thumb Code    48  uart.o(.text)
    USART3_IRQHandler                        0x08004431   Thumb Code    48  uart.o(.text)
    fputc                                    0x08004461   Thumb Code    66  uart.o(.text)
    servo_init                               0x080044f1   Thumb Code   192  servo_tutorial.o(.text)
    servo_control                            0x080045b1   Thumb Code    34  servo_tutorial.o(.text)
    init                                     0x080045dd   Thumb Code    76  helper.o(.text)
    systemPolling                            0x08004629   Thumb Code    58  helper.o(.text)
    failLoop                                 0x08004663   Thumb Code    42  helper.o(.text)
    bluetooth_listener                       0x08004699   Thumb Code     6  main.o(.text)
    main                                     0x0800469f   Thumb Code    48  main.o(.text)
    get_road_pos                             0x080046cf   Thumb Code   118  main.o(.text)
    get_moving_average                       0x08004745   Thumb Code    68  main.o(.text)
    get_didt                                 0x08004789   Thumb Code   106  main.o(.text)
    get_angle                                0x080047f3   Thumb Code   112  main.o(.text)
    wheel_speed_on_arc                       0x08004863   Thumb Code   138  main.o(.text)
    vsprintf                                 0x0800492d   Thumb Code    32  vsprintf.o(.text)
    __aeabi_assert                           0x08004951   Thumb Code    86  assert.o(.text)
    __assert                                 0x08004951   Thumb Code     0  assert.o(.text)
    __use_two_region_memory                  0x080049d1   Thumb Code     2  heapauxi.o(.text)
    __rt_heap_escrow$2region                 0x080049d3   Thumb Code     2  heapauxi.o(.text)
    __rt_heap_expand$2region                 0x080049d5   Thumb Code     2  heapauxi.o(.text)
    _printf_pre_padding                      0x080049d7   Thumb Code    44  _printf_pad.o(.text)
    _printf_post_padding                     0x08004a03   Thumb Code    34  _printf_pad.o(.text)
    _printf_truncate_signed                  0x08004a25   Thumb Code    18  _printf_truncate.o(.text)
    _printf_truncate_unsigned                0x08004a37   Thumb Code    18  _printf_truncate.o(.text)
    _printf_str                              0x08004a49   Thumb Code    82  _printf_str.o(.text)
    _printf_int_dec                          0x08004a9d   Thumb Code   104  _printf_dec.o(.text)
    _printf_charcount                        0x08004b15   Thumb Code    40  _printf_charcount.o(.text)
    _printf_char_common                      0x08004b47   Thumb Code    32  _printf_char_common.o(.text)
    _sputc                                   0x08004b6d   Thumb Code    10  _sputc.o(.text)
    _printf_wctomb                           0x08004b79   Thumb Code   182  _printf_wctomb.o(.text)
    _printf_longlong_dec                     0x08004c35   Thumb Code   108  _printf_longlong_dec.o(.text)
    _printf_longlong_oct                     0x08004cb1   Thumb Code    68  _printf_oct_int_ll.o(.text)
    _printf_int_oct                          0x08004cf5   Thumb Code    24  _printf_oct_int_ll.o(.text)
    _printf_ll_oct                           0x08004d0d   Thumb Code    12  _printf_oct_int_ll.o(.text)
    _printf_longlong_hex                     0x08004d21   Thumb Code    86  _printf_hex_int_ll_ptr.o(.text)
    _printf_int_hex                          0x08004d77   Thumb Code    28  _printf_hex_int_ll_ptr.o(.text)
    _printf_ll_hex                           0x08004d93   Thumb Code    12  _printf_hex_int_ll_ptr.o(.text)
    _printf_hex_ptr                          0x08004d9f   Thumb Code    18  _printf_hex_int_ll_ptr.o(.text)
    __printf                                 0x08004db5   Thumb Code   388  __printf_flags_ss_wp.o(.text)
    abort                                    0x08004f3d   Thumb Code    22  abort.o(.text)
    __assert_puts                            0x08004f53   Thumb Code    20  assert_puts.o(.text)
    _ttywrch                                 0x08004f67   Thumb Code    14  sys_wrch.o(.text)
    _sys_exit                                0x08004f75   Thumb Code     8  sys_exit.o(.text)
    _ll_udiv10                               0x08004f81   Thumb Code   138  lludiv10.o(.text)
    _printf_int_common                       0x0800500b   Thumb Code   178  _printf_intcommon.o(.text)
    __lib_sel_fp_printf                      0x080050bd   Thumb Code     2  _printf_fp_dec.o(.text)
    _printf_fp_dec_real                      0x0800526b   Thumb Code   620  _printf_fp_dec.o(.text)
    _printf_fp_hex_real                      0x080054d9   Thumb Code   754  _printf_fp_hex.o(.text)
    _printf_cs_common                        0x080057d5   Thumb Code    20  _printf_char.o(.text)
    _printf_char                             0x080057e9   Thumb Code    16  _printf_char.o(.text)
    _printf_string                           0x080057f9   Thumb Code     8  _printf_char.o(.text)
    _printf_lcs_common                       0x08005801   Thumb Code    20  _printf_wchar.o(.text)
    _printf_wchar                            0x08005815   Thumb Code    16  _printf_wchar.o(.text)
    _printf_wstring                          0x08005825   Thumb Code     8  _printf_wchar.o(.text)
    _wcrtomb                                 0x0800582d   Thumb Code    64  _wcrtomb.o(.text)
    __rt_SIGABRT                             0x0800586d   Thumb Code    14  defsig_abrt_outer.o(.text)
    __I$use$semihosting                      0x0800587b   Thumb Code     0  use_no_semi.o(.text)
    __use_no_semihosting_swi                 0x0800587b   Thumb Code     2  use_no_semi.o(.text)
    __semihosting_library_function           0x0800587d   Thumb Code     0  indicate_semi.o(.text)
    __user_setup_stackheap                   0x0800587d   Thumb Code    74  sys_stackheap_outer.o(.text)
    __rt_ctype_table                         0x080058c9   Thumb Code    16  rt_ctype_table.o(.text)
    __rt_locale                              0x080058d9   Thumb Code     8  rt_locale_intlibspace.o(.text)
    _printf_fp_infnan                        0x080058e1   Thumb Code   112  _printf_fp_infnan.o(.text)
    _btod_etento                             0x08005961   Thumb Code   216  bigflt0.o(.text)
    exit                                     0x08005a3d   Thumb Code    18  exit.o(.text)
    __sig_exit                               0x08005a4f   Thumb Code    10  defsig_exit.o(.text)
    __rt_SIGABRT_inner                       0x08005a59   Thumb Code    14  defsig_abrt_inner.o(.text)
    __user_libspace                          0x08005a89   Thumb Code     8  libspace.o(.text)
    __user_perproc_libspace                  0x08005a89   Thumb Code     0  libspace.o(.text)
    __user_perthread_libspace                0x08005a89   Thumb Code     0  libspace.o(.text)
    __default_signal_display                 0x08005a91   Thumb Code    50  defsig_general.o(.text)
    strcmp                                   0x08005ac5   Thumb Code   128  strcmpv7m.o(.text)
    _btod_d2e                                0x08005b45   Thumb Code    62  btod.o(CL$$btod_d2e)
    _d2e_denorm_low                          0x08005b83   Thumb Code    70  btod.o(CL$$btod_d2e_denorm_low)
    _d2e_norm_op1                            0x08005bc9   Thumb Code    96  btod.o(CL$$btod_d2e_norm_op1)
    __btod_div_common                        0x08005c29   Thumb Code   696  btod.o(CL$$btod_div_common)
    _e2e                                     0x08005f61   Thumb Code   198  btod.o(CL$$btod_e2e)
    _btod_ediv                               0x08006027   Thumb Code    40  btod.o(CL$$btod_ediv)
    _btod_emul                               0x0800604f   Thumb Code    40  btod.o(CL$$btod_emul)
    __btod_mult_common                       0x08006077   Thumb Code   580  btod.o(CL$$btod_mult_common)
    __ARM_fpclassify                         0x080062bb   Thumb Code    40  fpclassify.o(i.__ARM_fpclassify)
    __kernel_poly                            0x080062e3   Thumb Code   170  poly.o(i.__kernel_poly)
    __mathlib_dbl_infnan                     0x0800638d   Thumb Code     6  dunder.o(i.__mathlib_dbl_infnan)
    __mathlib_dbl_underflow                  0x08006395   Thumb Code    10  dunder.o(i.__mathlib_dbl_underflow)
    _is_digit                                0x080063a5   Thumb Code    14  __printf_wp.o(i._is_digit)
    atan                                     0x080063b5   Thumb Code   474  atan.o(i.atan)
    _get_lc_numeric                          0x080065d5   Thumb Code    44  lc_numeric_c.o(locale$$code)
    _get_lc_ctype                            0x08006601   Thumb Code    44  lc_ctype_c.o(locale$$code)
    __aeabi_dadd                             0x0800662d   Thumb Code     0  daddsub_clz.o(x$fpl$dadd)
    _dadd                                    0x0800662d   Thumb Code   332  daddsub_clz.o(x$fpl$dadd)
    __fpl_dcheck_NaN1                        0x0800677d   Thumb Code    10  dcheck1.o(x$fpl$dcheck1)
    __aeabi_ddiv                             0x0800678d   Thumb Code     0  ddiv.o(x$fpl$ddiv)
    _ddiv                                    0x0800678d   Thumb Code   552  ddiv.o(x$fpl$ddiv)
    __aeabi_d2iz                             0x08006a3d   Thumb Code     0  dfix.o(x$fpl$dfix)
    _dfix                                    0x08006a3d   Thumb Code    94  dfix.o(x$fpl$dfix)
    __aeabi_d2uiz                            0x08006a9d   Thumb Code     0  dfixu.o(x$fpl$dfixu)
    _dfixu                                   0x08006a9d   Thumb Code    90  dfixu.o(x$fpl$dfixu)
    __aeabi_i2d                              0x08006af7   Thumb Code     0  dflt_clz.o(x$fpl$dflt)
    _dflt                                    0x08006af7   Thumb Code    46  dflt_clz.o(x$fpl$dflt)
    __aeabi_dmul                             0x08006b25   Thumb Code     0  dmul.o(x$fpl$dmul)
    _dmul                                    0x08006b25   Thumb Code   332  dmul.o(x$fpl$dmul)
    __fpl_dnaninf                            0x08006c79   Thumb Code   156  dnaninf.o(x$fpl$dnaninf)
    __fpl_dretinf                            0x08006d15   Thumb Code    12  dretinf.o(x$fpl$dretinf)
    __aeabi_drsub                            0x08006d21   Thumb Code     0  daddsub_clz.o(x$fpl$drsb)
    _drsb                                    0x08006d21   Thumb Code    22  daddsub_clz.o(x$fpl$drsb)
    __aeabi_dsub                             0x08006d39   Thumb Code     0  daddsub_clz.o(x$fpl$dsub)
    _dsub                                    0x08006d39   Thumb Code   464  daddsub_clz.o(x$fpl$dsub)
    _printf_fp_dec                           0x08006f0d   Thumb Code     4  printf1.o(x$fpl$printf1)
    _printf_fp_hex                           0x08006f11   Thumb Code     4  printf2.o(x$fpl$printf2)
    __fpl_return_NaN                         0x08006f15   Thumb Code   100  retnan.o(x$fpl$retnan)
    __ARM_scalbn                             0x08006f79   Thumb Code    92  scalbn.o(x$fpl$scalbn)
    __fpl_cmpreturn                          0x08006fd5   Thumb Code    48  trapv.o(x$fpl$trapveneer)
    START_UP                                 0x08007004   Data          12  buzzer_song.o(.constdata)
    __I$use$fp                               0x08007004   Number         0  usenofp.o(x$fpl$usenofp)
    START_UP2                                0x08007010   Data          12  buzzer_song.o(.constdata)
    SUCCESSFUL_SOUND                         0x0800701c   Data           8  buzzer_song.o(.constdata)
    FAIL_SOUND                               0x08007024   Data           6  buzzer_song.o(.constdata)
    CLICK                                    0x0800702a   Data           4  buzzer_song.o(.constdata)
    MARIO_BEGIN                              0x0800702e   Data          56  buzzer_song.o(.constdata)
    MARIO                                    0x08007066   Data         258  buzzer_song.o(.constdata)
    MARIO2                                   0x08007168   Data         258  buzzer_song.o(.constdata)
    MARIO_END                                0x0800726a   Data          54  buzzer_song.o(.constdata)
    BIRTHDAY_SONG                            0x080072a0   Data         144  buzzer_song.o(.constdata)
    COM_USART_CLK                            0x08007330   Data          12  uart.o(.constdata)
    COM_TX_PORT_CLK                          0x0800733c   Data          12  uart.o(.constdata)
    COM_RX_PORT_CLK                          0x08007348   Data          12  uart.o(.constdata)
    COM_TX_PIN                               0x08007354   Data           6  uart.o(.constdata)
    COM_RX_PIN                               0x0800735a   Data           6  uart.o(.constdata)
    COM_IRQ                                  0x08007360   Data           6  uart.o(.constdata)
    Region$$Table$$Base                      0x080074fc   Number         0  anon$$obj.o(Region$$Table)
    Region$$Table$$Limit                     0x0800751c   Number         0  anon$$obj.o(Region$$Table)
    __ctype                                  0x08007545   Data           0  lc_ctype_c.o(locale$$data)
    SystemCoreClock                          0x20000014   Data           4  system_stm32f10x.o(.data)
    AHBPrescTable                            0x20000018   Data          16  system_stm32f10x.o(.data)
    state                                    0x20000028   Data           1  leds.o(.data)
    ticks                                    0x2000002c   Data           2  ticks.o(.data)
    ms                                       0x2000002e   Data           2  ticks.o(.data)
    seconds                                  0x20000030   Data           2  ticks.o(.data)
    using_delay                              0x20000038   Data           1  ticks.o(.data)
    curr_bg_color                            0x2000103a   Data           2  tft_display.o(.data)
    curr_text_color                          0x2000103c   Data           2  tft_display.o(.data)
    curr_text_color_sp                       0x2000103e   Data           2  tft_display.o(.data)
    tft_orientation                          0x20001040   Data           1  tft_display.o(.data)
    tft_enabled                              0x20001041   Data           1  tft_display.o(.data)
    print_pos                                0x20001042   Data           2  tft_display.o(.data)
    prints_enabled                           0x20001044   Data           1  tft_display.o(.data)
    rx_full                                  0x20001064   Data           1  uart.o(.data)
    uart1_rx_listener                        0x20001068   Data           4  uart.o(.data)
    uart3_rx_listener                        0x2000106c   Data           4  uart.o(.data)
    uart1_listener_empty                     0x20001070   Data           1  uart.o(.data)
    uart3_listener_empty                     0x20001071   Data           1  uart.o(.data)
    COM_USART                                0x20001074   Data          12  uart.o(.data)
    COM_TX_PORT                              0x20001080   Data          12  uart.o(.data)
    COM_RX_PORT                              0x2000108c   Data          12  uart.o(.data)
    printf_COMx                              0x20001098   Data           1  uart.o(.data)
    lastSystemPollingTime                    0x2000209a   Data           2  helper.o(.data)
    lastSystemPollingCounter                 0x2000209c   Data           2  helper.o(.data)
    road_pos                                 0x200030a0   Data           4  main.o(.data)
    maf                                      0x200030a4   Data           4  main.o(.data)
    mai                                      0x200030a8   Data           4  main.o(.data)
    text                                     0x200030ac   Data         200  tft_display.o(.bss)
    text_prev                                0x20003174   Data         200  tft_display.o(.bss)
    text_color                               0x2000323c   Data         400  tft_display.o(.bss)
    text_color_prev                          0x200033cc   Data         400  tft_display.o(.bss)
    bg_color                                 0x2000355c   Data         400  tft_display.o(.bss)
    bg_color_prev                            0x200036ec   Data         400  tft_display.o(.bss)
    text_bg_color_prev                       0x2000387c   Data         200  tft_display.o(.bss)
    linear_ccd_buffer1                       0x20003944   Data         512  linear_ccd.o(.bss)
    linear_ccd_buffer2                       0x20003b44   Data         512  linear_ccd.o(.bss)
    mean_array                               0x20003da4   Data          40  main.o(.bss)
    __libspace_start                         0x20003dcc   Data          96  libspace.o(.bss)
    __temporary_stack_top$libspace           0x20003e2c   Data           0  libspace.o(.bss)



==============================================================================

Memory Map of the image

  Image Entry point : 0x080000ed

  Load Region LR_IROM1 (Base: 0x08000000, Size: 0x0000a6f4, Max: 0x00020000, ABSOLUTE, COMPRESSED[0x00007d8c])

    Execution Region ER_IROM1 (Base: 0x08000000, Size: 0x00007648, Max: 0x00020000, ABSOLUTE)

    Base Addr    Size         Type   Attr      Idx    E Section Name        Object

    0x08000000   0x000000ec   Data   RO            3    RESET               startup_stm32f10x_md.o
    0x080000ec   0x00000008   Code   RO          762  * !!!main             c_w.l(__main.o)
    0x080000f4   0x00000034   Code   RO         1157    !!!scatter          c_w.l(__scatter.o)
    0x08000128   0x00000064   Code   RO         1155    !!dclz77c           c_w.l(__dclz77c.o)
    0x0800018c   0x0000001c   Code   RO         1159    !!handler_zi        c_w.l(__scatter_zi.o)
    0x080001a8   0x00000000   Code   RO          882    .ARM.Collect$$_printf_percent$$00000000  c_w.l(_printf_percent.o)
    0x080001a8   0x00000006   Code   RO          871    .ARM.Collect$$_printf_percent$$00000001  c_w.l(_printf_n.o)
    0x080001ae   0x00000006   Code   RO          873    .ARM.Collect$$_printf_percent$$00000002  c_w.l(_printf_p.o)
    0x080001b4   0x00000006   Code   RO          878    .ARM.Collect$$_printf_percent$$00000003  c_w.l(_printf_f.o)
    0x080001ba   0x00000006   Code   RO          879    .ARM.Collect$$_printf_percent$$00000004  c_w.l(_printf_e.o)
    0x080001c0   0x00000006   Code   RO          880    .ARM.Collect$$_printf_percent$$00000005  c_w.l(_printf_g.o)
    0x080001c6   0x00000006   Code   RO          881    .ARM.Collect$$_printf_percent$$00000006  c_w.l(_printf_a.o)
    0x080001cc   0x0000000a   Code   RO          886    .ARM.Collect$$_printf_percent$$00000007  c_w.l(_printf_ll.o)
    0x080001d6   0x00000006   Code   RO          875    .ARM.Collect$$_printf_percent$$00000008  c_w.l(_printf_i.o)
    0x080001dc   0x00000006   Code   RO          876    .ARM.Collect$$_printf_percent$$00000009  c_w.l(_printf_d.o)
    0x080001e2   0x00000006   Code   RO          877    .ARM.Collect$$_printf_percent$$0000000A  c_w.l(_printf_u.o)
    0x080001e8   0x00000006   Code   RO          874    .ARM.Collect$$_printf_percent$$0000000B  c_w.l(_printf_o.o)
    0x080001ee   0x00000006   Code   RO          872    .ARM.Collect$$_printf_percent$$0000000C  c_w.l(_printf_x.o)
    0x080001f4   0x00000006   Code   RO          883    .ARM.Collect$$_printf_percent$$0000000D  c_w.l(_printf_lli.o)
    0x080001fa   0x00000006   Code   RO          884    .ARM.Collect$$_printf_percent$$0000000E  c_w.l(_printf_lld.o)
    0x08000200   0x00000006   Code   RO          885    .ARM.Collect$$_printf_percent$$0000000F  c_w.l(_printf_llu.o)
    0x08000206   0x00000006   Code   RO          890    .ARM.Collect$$_printf_percent$$00000010  c_w.l(_printf_llo.o)
    0x0800020c   0x00000006   Code   RO          891    .ARM.Collect$$_printf_percent$$00000011  c_w.l(_printf_llx.o)
    0x08000212   0x0000000a   Code   RO          887    .ARM.Collect$$_printf_percent$$00000012  c_w.l(_printf_l.o)
    0x0800021c   0x00000006   Code   RO          869    .ARM.Collect$$_printf_percent$$00000013  c_w.l(_printf_c.o)
    0x08000222   0x00000006   Code   RO          870    .ARM.Collect$$_printf_percent$$00000014  c_w.l(_printf_s.o)
    0x08000228   0x00000006   Code   RO          888    .ARM.Collect$$_printf_percent$$00000015  c_w.l(_printf_lc.o)
    0x0800022e   0x00000006   Code   RO          889    .ARM.Collect$$_printf_percent$$00000016  c_w.l(_printf_ls.o)
    0x08000234   0x00000004   Code   RO          963    .ARM.Collect$$_printf_percent$$00000017  c_w.l(_printf_percent_end.o)
    0x08000238   0x00000002   Code   RO         1027    .ARM.Collect$$libinit$$00000000  c_w.l(libinit.o)
    0x0800023a   0x00000000   Code   RO         1047    .ARM.Collect$$libinit$$00000002  c_w.l(libinit2.o)
    0x0800023a   0x00000000   Code   RO         1049    .ARM.Collect$$libinit$$00000004  c_w.l(libinit2.o)
    0x0800023a   0x00000000   Code   RO         1052    .ARM.Collect$$libinit$$0000000A  c_w.l(libinit2.o)
    0x0800023a   0x00000000   Code   RO         1054    .ARM.Collect$$libinit$$0000000C  c_w.l(libinit2.o)
    0x0800023a   0x00000000   Code   RO         1056    .ARM.Collect$$libinit$$0000000E  c_w.l(libinit2.o)
    0x0800023a   0x00000006   Code   RO         1057    .ARM.Collect$$libinit$$0000000F  c_w.l(libinit2.o)
    0x08000240   0x00000000   Code   RO         1059    .ARM.Collect$$libinit$$00000011  c_w.l(libinit2.o)
    0x08000240   0x0000000c   Code   RO         1060    .ARM.Collect$$libinit$$00000012  c_w.l(libinit2.o)
    0x0800024c   0x00000000   Code   RO         1061    .ARM.Collect$$libinit$$00000013  c_w.l(libinit2.o)
    0x0800024c   0x00000000   Code   RO         1063    .ARM.Collect$$libinit$$00000015  c_w.l(libinit2.o)
    0x0800024c   0x0000000a   Code   RO         1064    .ARM.Collect$$libinit$$00000016  c_w.l(libinit2.o)
    0x08000256   0x00000000   Code   RO         1065    .ARM.Collect$$libinit$$00000017  c_w.l(libinit2.o)
    0x08000256   0x00000000   Code   RO         1067    .ARM.Collect$$libinit$$00000019  c_w.l(libinit2.o)
    0x08000256   0x00000000   Code   RO         1069    .ARM.Collect$$libinit$$0000001B  c_w.l(libinit2.o)
    0x08000256   0x00000000   Code   RO         1071    .ARM.Collect$$libinit$$0000001D  c_w.l(libinit2.o)
    0x08000256   0x00000000   Code   RO         1073    .ARM.Collect$$libinit$$0000001F  c_w.l(libinit2.o)
    0x08000256   0x00000000   Code   RO         1075    .ARM.Collect$$libinit$$00000021  c_w.l(libinit2.o)
    0x08000256   0x00000000   Code   RO         1077    .ARM.Collect$$libinit$$00000023  c_w.l(libinit2.o)
    0x08000256   0x00000000   Code   RO         1079    .ARM.Collect$$libinit$$00000025  c_w.l(libinit2.o)
    0x08000256   0x00000000   Code   RO         1083    .ARM.Collect$$libinit$$0000002C  c_w.l(libinit2.o)
    0x08000256   0x00000000   Code   RO         1085    .ARM.Collect$$libinit$$0000002E  c_w.l(libinit2.o)
    0x08000256   0x00000000   Code   RO         1087    .ARM.Collect$$libinit$$00000030  c_w.l(libinit2.o)
    0x08000256   0x00000000   Code   RO         1089    .ARM.Collect$$libinit$$00000032  c_w.l(libinit2.o)
    0x08000256   0x00000002   Code   RO         1090    .ARM.Collect$$libinit$$00000033  c_w.l(libinit2.o)
    0x08000258   0x00000002   Code   RO         1128    .ARM.Collect$$libshutdown$$00000000  c_w.l(libshutdown.o)
    0x0800025a   0x00000000   Code   RO         1138    .ARM.Collect$$libshutdown$$00000002  c_w.l(libshutdown2.o)
    0x0800025a   0x00000000   Code   RO         1140    .ARM.Collect$$libshutdown$$00000004  c_w.l(libshutdown2.o)
    0x0800025a   0x00000000   Code   RO         1143    .ARM.Collect$$libshutdown$$00000007  c_w.l(libshutdown2.o)
    0x0800025a   0x00000000   Code   RO         1146    .ARM.Collect$$libshutdown$$0000000A  c_w.l(libshutdown2.o)
    0x0800025a   0x00000000   Code   RO         1148    .ARM.Collect$$libshutdown$$0000000C  c_w.l(libshutdown2.o)
    0x0800025a   0x00000000   Code   RO         1151    .ARM.Collect$$libshutdown$$0000000F  c_w.l(libshutdown2.o)
    0x0800025a   0x00000002   Code   RO         1152    .ARM.Collect$$libshutdown$$00000010  c_w.l(libshutdown2.o)
    0x0800025c   0x00000000   Code   RO          800    .ARM.Collect$$rtentry$$00000000  c_w.l(__rtentry.o)
    0x0800025c   0x00000000   Code   RO          934    .ARM.Collect$$rtentry$$00000002  c_w.l(__rtentry2.o)
    0x0800025c   0x00000006   Code   RO          946    .ARM.Collect$$rtentry$$00000004  c_w.l(__rtentry4.o)
    0x08000262   0x00000000   Code   RO          936    .ARM.Collect$$rtentry$$00000009  c_w.l(__rtentry2.o)
    0x08000262   0x00000004   Code   RO          937    .ARM.Collect$$rtentry$$0000000A  c_w.l(__rtentry2.o)
    0x08000266   0x00000000   Code   RO          939    .ARM.Collect$$rtentry$$0000000C  c_w.l(__rtentry2.o)
    0x08000266   0x00000008   Code   RO          940    .ARM.Collect$$rtentry$$0000000D  c_w.l(__rtentry2.o)
    0x0800026e   0x00000002   Code   RO         1035    .ARM.Collect$$rtexit$$00000000  c_w.l(rtexit.o)
    0x08000270   0x00000000   Code   RO         1094    .ARM.Collect$$rtexit$$00000002  c_w.l(rtexit2.o)
    0x08000270   0x00000004   Code   RO         1095    .ARM.Collect$$rtexit$$00000003  c_w.l(rtexit2.o)
    0x08000274   0x00000006   Code   RO         1096    .ARM.Collect$$rtexit$$00000004  c_w.l(rtexit2.o)
    0x0800027a   0x00000002   PAD
    0x0800027c   0x0000000e   Code   RO          421    .emb_text           ticks.o
    0x0800028a   0x00000002   PAD
    0x0800028c   0x00000040   Code   RO            4    .text               startup_stm32f10x_md.o
    0x080002cc   0x000000dc   Code   RO           24    .text               misc.o
    0x080003a8   0x0000044e   Code   RO           77    .text               stm32f10x_adc.o
    0x080007f6   0x00000002   PAD
    0x080007f8   0x00000254   Code   RO          182    .text               stm32f10x_dma.o
    0x08000a4c   0x0000035c   Code   RO          230    .text               stm32f10x_gpio.o
    0x08000da8   0x000003a4   Code   RO          287    .text               stm32f10x_rcc.o
    0x0800114c   0x0000030c   Code   RO          331    .text               stm32f10x_spi.o
    0x08001458   0x00000e1a   Code   RO          343    .text               stm32f10x_tim.o
    0x08002272   0x00000002   PAD
    0x08002274   0x0000040c   Code   RO          358    .text               stm32f10x_usart.o
    0x08002680   0x000001e0   Code   RO          385    .text               system_stm32f10x.o
    0x08002860   0x000000bc   Code   RO          403    .text               leds.o
    0x0800291c   0x000001d8   Code   RO          422    .text               ticks.o
    0x08002af4   0x00000ebc   Code   RO          446    .text               tft_display.o
    0x080039b0   0x00000194   Code   RO          479    .text               linear_ccd.o
    0x08003b44   0x00000148   Code   RO          519    .text               adc.o
    0x08003c8c   0x00000080   Code   RO          548    .text               gpio_switch.o
    0x08003d0c   0x00000074   Code   RO          569    .text               button.o
    0x08003d80   0x00000140   Code   RO          584    .text               motor.o
    0x08003ec0   0x0000037c   Code   RO          596    .text               buzzer.o
    0x0800423c   0x000002b4   Code   RO          623    .text               uart.o
    0x080044f0   0x000000ec   Code   RO          646    .text               servo_tutorial.o
    0x080045dc   0x000000bc   Code   RO          677    .text               helper.o
    0x08004698   0x00000294   Code   RO          715    .text               main.o
    0x0800492c   0x00000024   Code   RO          756    .text               c_w.l(vsprintf.o)
    0x08004950   0x00000080   Code   RO          758    .text               c_w.l(assert.o)
    0x080049d0   0x00000006   Code   RO          760    .text               c_w.l(heapauxi.o)
    0x080049d6   0x0000004e   Code   RO          803    .text               c_w.l(_printf_pad.o)
    0x08004a24   0x00000024   Code   RO          805    .text               c_w.l(_printf_truncate.o)
    0x08004a48   0x00000052   Code   RO          807    .text               c_w.l(_printf_str.o)
    0x08004a9a   0x00000002   PAD
    0x08004a9c   0x00000078   Code   RO          809    .text               c_w.l(_printf_dec.o)
    0x08004b14   0x00000028   Code   RO          811    .text               c_w.l(_printf_charcount.o)
    0x08004b3c   0x00000030   Code   RO          813    .text               c_w.l(_printf_char_common.o)
    0x08004b6c   0x0000000a   Code   RO          815    .text               c_w.l(_sputc.o)
    0x08004b76   0x00000002   PAD
    0x08004b78   0x000000bc   Code   RO          817    .text               c_w.l(_printf_wctomb.o)
    0x08004c34   0x0000007c   Code   RO          820    .text               c_w.l(_printf_longlong_dec.o)
    0x08004cb0   0x00000070   Code   RO          826    .text               c_w.l(_printf_oct_int_ll.o)
    0x08004d20   0x00000094   Code   RO          846    .text               c_w.l(_printf_hex_int_ll_ptr.o)
    0x08004db4   0x00000188   Code   RO          866    .text               c_w.l(__printf_flags_ss_wp.o)
    0x08004f3c   0x00000016   Code   RO          892    .text               c_w.l(abort.o)
    0x08004f52   0x00000014   Code   RO          894    .text               c_w.l(assert_puts.o)
    0x08004f66   0x0000000e   Code   RO          929    .text               c_w.l(sys_wrch.o)
    0x08004f74   0x0000000c   Code   RO          931    .text               c_w.l(sys_exit.o)
    0x08004f80   0x0000008a   Code   RO          948    .text               c_w.l(lludiv10.o)
    0x0800500a   0x000000b2   Code   RO          950    .text               c_w.l(_printf_intcommon.o)
    0x080050bc   0x0000041a   Code   RO          952    .text               c_w.l(_printf_fp_dec.o)
    0x080054d6   0x00000002   PAD
    0x080054d8   0x000002fc   Code   RO          954    .text               c_w.l(_printf_fp_hex.o)
    0x080057d4   0x0000002c   Code   RO          959    .text               c_w.l(_printf_char.o)
    0x08005800   0x0000002c   Code   RO          961    .text               c_w.l(_printf_wchar.o)
    0x0800582c   0x00000040   Code   RO          964    .text               c_w.l(_wcrtomb.o)
    0x0800586c   0x0000000e   Code   RO          966    .text               c_w.l(defsig_abrt_outer.o)
    0x0800587a   0x00000002   Code   RO          972    .text               c_w.l(use_no_semi.o)
    0x0800587c   0x00000000   Code   RO          974    .text               c_w.l(indicate_semi.o)
    0x0800587c   0x0000004a   Code   RO          975    .text               c_w.l(sys_stackheap_outer.o)
    0x080058c6   0x00000002   PAD
    0x080058c8   0x00000010   Code   RO          977    .text               c_w.l(rt_ctype_table.o)
    0x080058d8   0x00000008   Code   RO          984    .text               c_w.l(rt_locale_intlibspace.o)
    0x080058e0   0x00000080   Code   RO          986    .text               c_w.l(_printf_fp_infnan.o)
    0x08005960   0x000000dc   Code   RO          988    .text               c_w.l(bigflt0.o)
    0x08005a3c   0x00000012   Code   RO         1016    .text               c_w.l(exit.o)
    0x08005a4e   0x0000000a   Code   RO         1018    .text               c_w.l(defsig_exit.o)
    0x08005a58   0x00000030   Code   RO         1020    .text               c_w.l(defsig_abrt_inner.o)
    0x08005a88   0x00000008   Code   RO         1032    .text               c_w.l(libspace.o)
    0x08005a90   0x00000032   Code   RO         1042    .text               c_w.l(defsig_general.o)
    0x08005ac2   0x00000002   PAD
    0x08005ac4   0x00000080   Code   RO         1044    .text               c_w.l(strcmpv7m.o)
    0x08005b44   0x0000003e   Code   RO          991    CL$$btod_d2e        c_w.l(btod.o)
    0x08005b82   0x00000046   Code   RO          993    CL$$btod_d2e_denorm_low  c_w.l(btod.o)
    0x08005bc8   0x00000060   Code   RO          992    CL$$btod_d2e_norm_op1  c_w.l(btod.o)
    0x08005c28   0x00000338   Code   RO         1001    CL$$btod_div_common  c_w.l(btod.o)
    0x08005f60   0x000000c6   Code   RO          998    CL$$btod_e2e        c_w.l(btod.o)
    0x08006026   0x00000028   Code   RO          995    CL$$btod_ediv       c_w.l(btod.o)
    0x0800604e   0x00000028   Code   RO          994    CL$$btod_emul       c_w.l(btod.o)
    0x08006076   0x00000244   Code   RO         1000    CL$$btod_mult_common  c_w.l(btod.o)
    0x080062ba   0x00000028   Code   RO          925    i.__ARM_fpclassify  m_ws.l(fpclassify.o)
    0x080062e2   0x000000aa   Code   RO          927    i.__kernel_poly     m_ws.l(poly.o)
    0x0800638c   0x00000006   Code   RO          912    i.__mathlib_dbl_infnan  m_ws.l(dunder.o)
    0x08006392   0x00000002   PAD
    0x08006394   0x00000010   Code   RO          917    i.__mathlib_dbl_underflow  m_ws.l(dunder.o)
    0x080063a4   0x0000000e   Code   RO          859    i._is_digit         c_w.l(__printf_wp.o)
    0x080063b2   0x00000002   PAD
    0x080063b4   0x00000220   Code   RO          791    i.atan              m_ws.l(atan.o)
    0x080065d4   0x0000002c   Code   RO         1014    locale$$code        c_w.l(lc_numeric_c.o)
    0x08006600   0x0000002c   Code   RO         1038    locale$$code        c_w.l(lc_ctype_c.o)
    0x0800662c   0x00000150   Code   RO          764    x$fpl$dadd          fz_ws.l(daddsub_clz.o)
    0x0800677c   0x00000010   Code   RO          970    x$fpl$dcheck1       fz_ws.l(dcheck1.o)
    0x0800678c   0x000002b0   Code   RO          771    x$fpl$ddiv          fz_ws.l(ddiv.o)
    0x08006a3c   0x0000005e   Code   RO          774    x$fpl$dfix          fz_ws.l(dfix.o)
    0x08006a9a   0x00000002   PAD
    0x08006a9c   0x0000005a   Code   RO          778    x$fpl$dfixu         fz_ws.l(dfixu.o)
    0x08006af6   0x0000002e   Code   RO          783    x$fpl$dflt          fz_ws.l(dflt_clz.o)
    0x08006b24   0x00000154   Code   RO          788    x$fpl$dmul          fz_ws.l(dmul.o)
    0x08006c78   0x0000009c   Code   RO          896    x$fpl$dnaninf       fz_ws.l(dnaninf.o)
    0x08006d14   0x0000000c   Code   RO          898    x$fpl$dretinf       fz_ws.l(dretinf.o)
    0x08006d20   0x00000016   Code   RO          765    x$fpl$drsb          fz_ws.l(daddsub_clz.o)
    0x08006d36   0x00000002   PAD
    0x08006d38   0x000001d4   Code   RO          766    x$fpl$dsub          fz_ws.l(daddsub_clz.o)
    0x08006f0c   0x00000004   Code   RO          900    x$fpl$printf1       fz_ws.l(printf1.o)
    0x08006f10   0x00000004   Code   RO          902    x$fpl$printf2       fz_ws.l(printf2.o)
    0x08006f14   0x00000064   Code   RO         1030    x$fpl$retnan        fz_ws.l(retnan.o)
    0x08006f78   0x0000005c   Code   RO          908    x$fpl$scalbn        fz_ws.l(scalbn.o)
    0x08006fd4   0x00000030   Code   RO         1091    x$fpl$trapveneer    fz_ws.l(trapv.o)
    0x08007004   0x00000000   Code   RO          910    x$fpl$usenofp       fz_ws.l(usenofp.o)
    0x08007004   0x0000032c   Data   RO          611    .constdata          buzzer_song.o
    0x08007330   0x00000036   Data   RO          625    .constdata          uart.o
    0x08007366   0x00000002   PAD
    0x08007368   0x00000098   Data   RO          792    .constdata          m_ws.l(atan.o)
    0x08007400   0x00000008   Data   RO          818    .constdata          c_w.l(_printf_wctomb.o)
    0x08007408   0x00000028   Data   RO          847    .constdata          c_w.l(_printf_hex_int_ll_ptr.o)
    0x08007430   0x00000011   Data   RO          867    .constdata          c_w.l(__printf_flags_ss_wp.o)
    0x08007441   0x00000026   Data   RO          955    .constdata          c_w.l(_printf_fp_hex.o)
    0x08007467   0x00000001   PAD
    0x08007468   0x00000094   Data   RO          989    .constdata          c_w.l(bigflt0.o)
    0x080074fc   0x00000020   Data   RO         1153    Region$$Table       anon$$obj.o
    0x0800751c   0x0000001c   Data   RO         1013    locale$$data        c_w.l(lc_numeric_c.o)
    0x08007538   0x00000110   Data   RO         1037    locale$$data        c_w.l(lc_ctype_c.o)


    Execution Region RW_IRAM1 (Base: 0x20000000, Size: 0x00004430, Max: 0x00005000, ABSOLUTE, COMPRESSED[0x00000744])

    Base Addr    Size         Type   Attr      Idx    E Section Name        Object

    0x20000000   0x00000014   Data   RW          288    .data               stm32f10x_rcc.o
    0x20000014   0x00000014   Data   RW          386    .data               system_stm32f10x.o
    0x20000028   0x00000001   Data   RW          404    .data               leds.o
    0x20000029   0x00000003   PAD
    0x2000002c   0x0000000d   Data   RW          423    .data               ticks.o
    0x20000039   0x00000001   PAD
    0x2000003a   0x0000100b   Data   RW          448    .data               tft_display.o
    0x20001045   0x00000003   PAD
    0x20001048   0x00000019   Data   RW          598    .data               buzzer.o
    0x20001061   0x00000003   PAD
    0x20001064   0x00000035   Data   RW          626    .data               uart.o
    0x20001099   0x00000001   PAD
    0x2000109a   0x00001004   Data   RW          678    .data               helper.o
    0x2000209e   0x00000002   PAD
    0x200020a0   0x0000100c   Data   RW          717    .data               main.o
    0x200030ac   0x00000898   Zero   RW          447    .bss                tft_display.o
    0x20003944   0x00000400   Zero   RW          480    .bss                linear_ccd.o
    0x20003d44   0x00000044   Zero   RW          520    .bss                adc.o
    0x20003d88   0x0000001a   Zero   RW          597    .bss                buzzer.o
    0x20003da2   0x00000002   PAD
    0x20003da4   0x00000028   Zero   RW          716    .bss                main.o
    0x20003dcc   0x00000060   Zero   RW         1033    .bss                c_w.l(libspace.o)
    0x20003e2c   0x00000004   PAD
    0x20003e30   0x00000200   Zero   RW            2    HEAP                startup_stm32f10x_md.o
    0x20004030   0x00000400   Zero   RW            1    STACK               startup_stm32f10x_md.o


==============================================================================

Image component sizes


      Code (inc. data)   RO Data    RW Data    ZI Data      Debug   Object Name

       328         20          0          0         68       1407   adc.o
       116          8          0          0          0        851   button.o
       892         74          0         25         26       4014   buzzer.o
         0          0        812          0          0        968   buzzer_song.o
         0          0          0          0          0       4492   core_cm3.o
       128         10          0          0          0       1181   gpio_switch.o
       188         12          0       4100          0       1543   helper.o
       188         16          0          1          0       1720   leds.o
       404         12          0          0       1024       2843   linear_ccd.o
       660         64          0       4108         40       2794   main.o
       220         22          0          0          0     245257   misc.o
       320          8          0          0          0        995   motor.o
       236         10          0          0          0        919   servo_tutorial.o
        64         26        236          0       1536        884   startup_stm32f10x_md.o
      1102         26          0          0          0      20137   stm32f10x_adc.o
       596          8          0          0          0       4402   stm32f10x_dma.o
       860         38          0          0          0       5773   stm32f10x_gpio.o
       932         36          0         20          0       8980   stm32f10x_rcc.o
       780         14          0          0          0       6654   stm32f10x_spi.o
      3610         88          0          0          0      43248   stm32f10x_tim.o
      1036         22          0          0          0       8496   stm32f10x_usart.o
       480         38          0         20          0       1939   system_stm32f10x.o
      3772        142          0       4107       2200      11886   tft_display.o
       486         26          0         13          0       3891   ticks.o
       692         78         54         53          0       5154   uart.o

    ----------------------------------------------------------------------
     18096        798       1136      12460       4896     390428   Object Totals
         0          0         32          0          0          0   (incl. Generated)
         6          0          2         13          2          0   (incl. Padding)

    ----------------------------------------------------------------------

      Code (inc. data)   RO Data    RW Data    ZI Data      Debug   Library Member Name

       100          0          0          0          0          0   __dclz77c.o
         8          0          0          0          0         68   __main.o
       392          4         17          0          0         92   __printf_flags_ss_wp.o
        14          0          0          0          0         68   __printf_wp.o
         0          0          0          0          0          0   __rtentry.o
        12          0          0          0          0          0   __rtentry2.o
         6          0          0          0          0          0   __rtentry4.o
        52          8          0          0          0          0   __scatter.o
        28          0          0          0          0          0   __scatter_zi.o
         6          0          0          0          0          0   _printf_a.o
         6          0          0          0          0          0   _printf_c.o
        44          0          0          0          0        108   _printf_char.o
        48          6          0          0          0         96   _printf_char_common.o
        40          0          0          0          0         68   _printf_charcount.o
         6          0          0          0          0          0   _printf_d.o
       120         16          0          0          0         92   _printf_dec.o
         6          0          0          0          0          0   _printf_e.o
         6          0          0          0          0          0   _printf_f.o
      1050          0          0          0          0        216   _printf_fp_dec.o
       764         10         38          0          0        100   _printf_fp_hex.o
       128         16          0          0          0         84   _printf_fp_infnan.o
         6          0          0          0          0          0   _printf_g.o
       148          4         40          0          0        160   _printf_hex_int_ll_ptr.o
         6          0          0          0          0          0   _printf_i.o
       178          0          0          0          0         88   _printf_intcommon.o
        10          0          0          0          0          0   _printf_l.o
         6          0          0          0          0          0   _printf_lc.o
        10          0          0          0          0          0   _printf_ll.o
         6          0          0          0          0          0   _printf_lld.o
         6          0          0          0          0          0   _printf_lli.o
         6          0          0          0          0          0   _printf_llo.o
         6          0          0          0          0          0   _printf_llu.o
         6          0          0          0          0          0   _printf_llx.o
       124         16          0          0          0         92   _printf_longlong_dec.o
         6          0          0          0          0          0   _printf_ls.o
         6          0          0          0          0          0   _printf_n.o
         6          0          0          0          0          0   _printf_o.o
       112          8          0          0          0        124   _printf_oct_int_ll.o
         6          0          0          0          0          0   _printf_p.o
        78          0          0          0          0        108   _printf_pad.o
         0          0          0          0          0          0   _printf_percent.o
         4          0          0          0          0          0   _printf_percent_end.o
         6          0          0          0          0          0   _printf_s.o
        82          0          0          0          0         80   _printf_str.o
        36          0          0          0          0         84   _printf_truncate.o
         6          0          0          0          0          0   _printf_u.o
        44          0          0          0          0        108   _printf_wchar.o
       188          6          8          0          0         92   _printf_wctomb.o
         6          0          0          0          0          0   _printf_x.o
        10          0          0          0          0         68   _sputc.o
        64          0          0          0          0         92   _wcrtomb.o
        22          0          0          0          0         80   abort.o
       128         42          0          0          0         76   assert.o
        20          0          0          0          0         76   assert_puts.o
       220          4        148          0          0         96   bigflt0.o
      1910        128          0          0          0        672   btod.o
        48         34          0          0          0         76   defsig_abrt_inner.o
        14          0          0          0          0         80   defsig_abrt_outer.o
        10          0          0          0          0         68   defsig_exit.o
        50          0          0          0          0         88   defsig_general.o
        18          0          0          0          0         80   exit.o
         6          0          0          0          0        152   heapauxi.o
         0          0          0          0          0          0   indicate_semi.o
        44         10        272          0          0         76   lc_ctype_c.o
        44         10         28          0          0         76   lc_numeric_c.o
         2          0          0          0          0          0   libinit.o
        30          0          0          0          0          0   libinit2.o
         2          0          0          0          0          0   libshutdown.o
         2          0          0          0          0          0   libshutdown2.o
         8          4          0          0         96         68   libspace.o
       138          0          0          0          0         80   lludiv10.o
        16          4          0          0          0         76   rt_ctype_table.o
         8          4          0          0          0         68   rt_locale_intlibspace.o
         2          0          0          0          0          0   rtexit.o
        10          0          0          0          0          0   rtexit2.o
       128          0          0          0          0         68   strcmpv7m.o
        12          4          0          0          0         68   sys_exit.o
        74          0          0          0          0         80   sys_stackheap_outer.o
        14          0          0          0          0         76   sys_wrch.o
         2          0          0          0          0         68   use_no_semi.o
        36          4          0          0          0         76   vsprintf.o
       826         16          0          0          0        348   daddsub_clz.o
        16          4          0          0          0         68   dcheck1.o
       688        140          0          0          0        208   ddiv.o
        94          4          0          0          0         92   dfix.o
        90          4          0          0          0         92   dfixu.o
        46          0          0          0          0         68   dflt_clz.o
       340         12          0          0          0        104   dmul.o
       156          4          0          0          0         92   dnaninf.o
        12          0          0          0          0         68   dretinf.o
         4          0          0          0          0         68   printf1.o
         4          0          0          0          0         68   printf2.o
       100          0          0          0          0         68   retnan.o
        92          0          0          0          0         68   scalbn.o
        48          0          0          0          0         68   trapv.o
         0          0          0          0          0          0   usenofp.o
       544         70        152          0          0        124   atan.o
        22          6          0          0          0        136   dunder.o
        40          0          0          0          0         68   fpclassify.o
       170          0          0          0          0         96   poly.o

    ----------------------------------------------------------------------
     10344        602        704          0        100       6416   Library Totals
        20          0          1          0          4          0   (incl. Padding)

    ----------------------------------------------------------------------

      Code (inc. data)   RO Data    RW Data    ZI Data      Debug   Library Name

      7032        342        551          0         96       4512   c_w.l
      2516        184          0          0          0       1480   fz_ws.l
       776         76        152          0          0        424   m_ws.l

    ----------------------------------------------------------------------
     10344        602        704          0        100       6416   Library Totals

    ----------------------------------------------------------------------

==============================================================================


      Code (inc. data)   RO Data    RW Data    ZI Data      Debug   

     28440       1400       1840      12460       4996     390912   Grand Totals
     28440       1400       1840       1860       4996     390912   ELF Image Totals (compressed)
     28440       1400       1840       1860          0          0   ROM Totals

==============================================================================

    Total RO  Size (Code + RO Data)                30280 (  29.57kB)
    Total RW  Size (RW Data + ZI Data)             17456 (  17.05kB)
    Total ROM Size (Code + RO Data + RW Data)      32140 (  31.39kB)

==============================================================================

